<html>
<body>
<pre>
<h1>礦ision Build Log</h1>
<h2>Tool Versions:</h2>
IDE-Version: μVision V5.25.2.0
Copyright (C) 2018 ARM Ltd and ARM Germany GmbH. All rights reserved.
License Information: 213123 Microsoft, Microsoft, LIC=X96CK-Z3V04-Z9CG9-4BB2U-ANN04-Z1ASW
 
Tool Versions:
Toolchain:       MDK-ARM Plus  Version: 5.25.2.0
Toolchain Path:  D:\ARM\ARMCC\Bin
C Compiler:      Armcc.exe V5.06 update 6 (build 750)
Assembler:       Armasm.exe V5.06 update 6 (build 750)
Linker/Locator:  ArmLink.exe V5.06 update 6 (build 750)
Library Manager: ArmAr.exe V5.06 update 6 (build 750)
Hex Converter:   FromElf.exe V5.06 update 6 (build 750)
CPU DLL:         SARMCM3.DLL V5.25.2.0
Dialog DLL:      DCM.DLL V1.17.1.0
Target DLL:      STLink\ST-LINKIII-KEIL_SWO.dll V3.0.1.0
Dialog DLL:      TCM.DLL V1.35.1.0
 
<h2>Project:</h2>
D:\液压-软件资料\液压-软件资料\液压-软件资料\程序代码\源代码\液压扳手显示板程序\USER\UCOSII-1.uvprojx
Project File Date:  09/06/2022

<h2>Output:</h2>
*** Using Compiler 'V5.06 update 6 (build 750)', folder: 'D:\ARM\ARMCC\Bin'
Build target 'Target 1'
compiling USBType-C.c...
..\HARDWARE\CRC16\crc16.h(7): warning:  #1-D: last line of file ends without a newline
  #endif 
..\HARDWARE\OLED\him_user_driver.h(67): warning:  #1-D: last line of file ends without a newline
  #endif  
..\HARDWARE\OLED\him_user_process.h(214): warning:  #1-D: last line of file ends without a newline
  #endif  
..\USER\Driver_usart.h(30): warning:  #1295-D: Deprecated declaration UartDriver - give arg types
  void UartDriver(); 
..\USER\Driver_user_driver.h(14): warning:  #1295-D: Deprecated declaration Send_DriverParameter - give arg types
  void Send_DriverParameter();
..\USER\Driver_user_driver.h(15): warning:  #1-D: last line of file ends without a newline
  #endif  
..\USER\USBType-C.h(34): warning:  #1-D: last line of file ends without a newline
  #endif
..\USER\Data_process.h(59): warning:  #1-D: last line of file ends without a newline
  #endif
..\SYSTEM\timer\timer.h(8): warning:  #1-D: last line of file ends without a newline
  #endif
..\SYSTEM\RTC\rtc.h(25): warning:  #1-D: last line of file ends without a newline
  #endif
USBType-C.h(33): warning:  #1295-D: Deprecated declaration TypeC_UartDriver - give arg types
  void TypeC_UartDriver();  //串口解析函数
USBType-C.h(34): warning:  #1-D: last line of file ends without a newline
  #endif
USBType-C.c(105): warning:  #940-D: missing return statement at end of non-void function "TypeC_UartWrite" 
  }
USBType-C.c(135): warning:  #177-D: variable "spa_name"  was declared but never referenced
      u8 spa_name[10];
USBType-C.c(428): warning:  #1-D: last line of file ends without a newline
  }
USBType-C.c: 15 warnings, 0 errors
linking...
Program Size: Code=61700 RO-data=1268 RW-data=816 ZI-data=38264  
FromELF: creating hex file...
"..\OBJ\UCOSII-1.axf" - 0 Error(s), 15 Warning(s).

<h2>Software Packages used:</h2>

Package Vendor: ARM
                http://www.keil.com/pack/ARM.CMSIS.5.3.0.pack
                ARM.CMSIS.5.3.0
                CMSIS (Cortex Microcontroller Software Interface Standard)
   * Component: CORE Version: 5.1.1

Package Vendor: Keil
                http://www.keil.com/pack/Keil.STM32F1xx_DFP.2.2.0.pack
                Keil.STM32F1xx_DFP.2.2.0
                STMicroelectronics STM32F1 Series Device Support, Drivers and Examples

<h2>Collection of Component include folders:</h2>
  .\RTE\_Target_1
  D:\ARM\PACK\ARM\CMSIS\5.3.0\CMSIS\Include
  D:\ARM\PACK\Keil\STM32F1xx_DFP\2.2.0\Device\Include

<h2>Collection of Component Files used:</h2>

   * Component: ARM::CMSIS:CORE:5.1.1
Build Time Elapsed:  00:00:01
</pre>
</body>
</html>
