<!doctype html public "-//w3c//dtd html 4.0 transitional//en">
<html><head>
<title>Static Call Graph - [..\OBJ\UCOSII-1.axf]</title></head>
<body><HR>
<H1>Static Call Graph for image ..\OBJ\UCOSII-1.axf</H1><HR>
<BR><P>#&#060CALLGRAPH&#062# ARM Linker, 5060750: Last Updated: Tue Sep 06 10:59:29 2022
<BR><P>
<H3>Maximum Stack Usage =       2920 bytes + Unknown(Functions without stacksize, Cycles, Untraceable Function Pointers)</H3><H3>
Call chain for Maximum Stack Depth:</H3>
Time_task &rArr; TypeC_UartDriver &rArr; Driver_SendChardata &rArr; GetCRC16
<P>
<H3>
Functions with no stack information
</H3><UL>
 <LI><a href="#[129]">OS_CPU_SR_Save</a>
 <LI><a href="#[12c]">OS_CPU_SR_Restore</a>
 <LI><a href="#[12e]">OSStartHighRdy</a>
 <LI><a href="#[13c]">OSCtxSw</a>
 <LI><a href="#[12b]">OSIntCtxSw</a>
 <LI><a href="#[8]">PendSV_Handler</a>
</UL>
</UL>
<P>
<H3>
Mutually Recursive functions
</H3> <LI><a href="#[1c]">ADC1_2_IRQHandler</a>&nbsp;&nbsp;&nbsp;&rArr;&nbsp;&nbsp;&nbsp;<a href="#[1c]">ADC1_2_IRQHandler</a><BR>
</UL>
<P>
<H3>
Function Pointers
</H3><UL>
 <LI><a href="#[1c]">ADC1_2_IRQHandler</a> from startup_stm32f10x_hd.o(.text) referenced from startup_stm32f10x_hd.o(RESET)
 <LI><a href="#[39]">ADC3_IRQHandler</a> from startup_stm32f10x_hd.o(.text) referenced from startup_stm32f10x_hd.o(RESET)
 <LI><a href="#[4]">BusFault_Handler</a> from stm32f10x_it.o(i.BusFault_Handler) referenced from startup_stm32f10x_hd.o(RESET)
 <LI><a href="#[1f]">CAN1_RX1_IRQHandler</a> from startup_stm32f10x_hd.o(.text) referenced from startup_stm32f10x_hd.o(RESET)
 <LI><a href="#[20]">CAN1_SCE_IRQHandler</a> from startup_stm32f10x_hd.o(.text) referenced from startup_stm32f10x_hd.o(RESET)
 <LI><a href="#[15]">DMA1_Channel1_IRQHandler</a> from startup_stm32f10x_hd.o(.text) referenced from startup_stm32f10x_hd.o(RESET)
 <LI><a href="#[16]">DMA1_Channel2_IRQHandler</a> from startup_stm32f10x_hd.o(.text) referenced from startup_stm32f10x_hd.o(RESET)
 <LI><a href="#[17]">DMA1_Channel3_IRQHandler</a> from startup_stm32f10x_hd.o(.text) referenced from startup_stm32f10x_hd.o(RESET)
 <LI><a href="#[18]">DMA1_Channel4_IRQHandler</a> from startup_stm32f10x_hd.o(.text) referenced from startup_stm32f10x_hd.o(RESET)
 <LI><a href="#[19]">DMA1_Channel5_IRQHandler</a> from startup_stm32f10x_hd.o(.text) referenced from startup_stm32f10x_hd.o(RESET)
 <LI><a href="#[1a]">DMA1_Channel6_IRQHandler</a> from startup_stm32f10x_hd.o(.text) referenced from startup_stm32f10x_hd.o(RESET)
 <LI><a href="#[1b]">DMA1_Channel7_IRQHandler</a> from startup_stm32f10x_hd.o(.text) referenced from startup_stm32f10x_hd.o(RESET)
 <LI><a href="#[42]">DMA2_Channel1_IRQHandler</a> from startup_stm32f10x_hd.o(.text) referenced from startup_stm32f10x_hd.o(RESET)
 <LI><a href="#[43]">DMA2_Channel2_IRQHandler</a> from startup_stm32f10x_hd.o(.text) referenced from startup_stm32f10x_hd.o(RESET)
 <LI><a href="#[44]">DMA2_Channel3_IRQHandler</a> from startup_stm32f10x_hd.o(.text) referenced from startup_stm32f10x_hd.o(RESET)
 <LI><a href="#[45]">DMA2_Channel4_5_IRQHandler</a> from startup_stm32f10x_hd.o(.text) referenced from startup_stm32f10x_hd.o(RESET)
 <LI><a href="#[7]">DebugMon_Handler</a> from stm32f10x_it.o(i.DebugMon_Handler) referenced from startup_stm32f10x_hd.o(RESET)
 <LI><a href="#[10]">EXTI0_IRQHandler</a> from startup_stm32f10x_hd.o(.text) referenced from startup_stm32f10x_hd.o(RESET)
 <LI><a href="#[32]">EXTI15_10_IRQHandler</a> from startup_stm32f10x_hd.o(.text) referenced from startup_stm32f10x_hd.o(RESET)
 <LI><a href="#[11]">EXTI1_IRQHandler</a> from startup_stm32f10x_hd.o(.text) referenced from startup_stm32f10x_hd.o(RESET)
 <LI><a href="#[12]">EXTI2_IRQHandler</a> from startup_stm32f10x_hd.o(.text) referenced from startup_stm32f10x_hd.o(RESET)
 <LI><a href="#[13]">EXTI3_IRQHandler</a> from startup_stm32f10x_hd.o(.text) referenced from startup_stm32f10x_hd.o(RESET)
 <LI><a href="#[14]">EXTI4_IRQHandler</a> from startup_stm32f10x_hd.o(.text) referenced from startup_stm32f10x_hd.o(RESET)
 <LI><a href="#[21]">EXTI9_5_IRQHandler</a> from exti.o(i.EXTI9_5_IRQHandler) referenced from startup_stm32f10x_hd.o(RESET)
 <LI><a href="#[e]">FLASH_IRQHandler</a> from startup_stm32f10x_hd.o(.text) referenced from startup_stm32f10x_hd.o(RESET)
 <LI><a href="#[3a]">FSMC_IRQHandler</a> from startup_stm32f10x_hd.o(.text) referenced from startup_stm32f10x_hd.o(RESET)
 <LI><a href="#[52]">Flash_task</a> from task.o(i.Flash_task) referenced from main.o(i.start_task)
 <LI><a href="#[50]">HIM_task</a> from task.o(i.HIM_task) referenced from main.o(i.start_task)
 <LI><a href="#[2]">HardFault_Handler</a> from stm32f10x_it.o(i.HardFault_Handler) referenced from startup_stm32f10x_hd.o(RESET)
 <LI><a href="#[2a]">I2C1_ER_IRQHandler</a> from startup_stm32f10x_hd.o(.text) referenced from startup_stm32f10x_hd.o(RESET)
 <LI><a href="#[29]">I2C1_EV_IRQHandler</a> from startup_stm32f10x_hd.o(.text) referenced from startup_stm32f10x_hd.o(RESET)
 <LI><a href="#[2c]">I2C2_ER_IRQHandler</a> from startup_stm32f10x_hd.o(.text) referenced from startup_stm32f10x_hd.o(RESET)
 <LI><a href="#[2b]">I2C2_EV_IRQHandler</a> from startup_stm32f10x_hd.o(.text) referenced from startup_stm32f10x_hd.o(RESET)
 <LI><a href="#[3]">MemManage_Handler</a> from stm32f10x_it.o(i.MemManage_Handler) referenced from startup_stm32f10x_hd.o(RESET)
 <LI><a href="#[1]">NMI_Handler</a> from stm32f10x_it.o(i.NMI_Handler) referenced from startup_stm32f10x_hd.o(RESET)
 <LI><a href="#[49]">OSTaskSwHook</a> from os_cpu_c.o(i.OSTaskSwHook) referenced from os_cpu_a.o(.text)
 <LI><a href="#[4a]">OS_TaskIdle</a> from os_core.o(i.OS_TaskIdle) referenced from os_core.o(i.OS_InitTaskIdle)
 <LI><a href="#[4b]">OS_TaskStat</a> from os_core.o(i.OS_TaskStat) referenced from os_core.o(i.OS_InitTaskStat)
 <LI><a href="#[b]">PVD_IRQHandler</a> from startup_stm32f10x_hd.o(.text) referenced from startup_stm32f10x_hd.o(RESET)
 <LI><a href="#[8]">PendSV_Handler</a> from os_cpu_a.o(.text) referenced from startup_stm32f10x_hd.o(RESET)
 <LI><a href="#[f]">RCC_IRQHandler</a> from startup_stm32f10x_hd.o(.text) referenced from startup_stm32f10x_hd.o(RESET)
 <LI><a href="#[33]">RTCAlarm_IRQHandler</a> from startup_stm32f10x_hd.o(.text) referenced from startup_stm32f10x_hd.o(RESET)
 <LI><a href="#[d]">RTC_IRQHandler</a> from rtc.o(i.RTC_IRQHandler) referenced from startup_stm32f10x_hd.o(RESET)
 <LI><a href="#[0]">Reset_Handler</a> from startup_stm32f10x_hd.o(.text) referenced from startup_stm32f10x_hd.o(RESET)
 <LI><a href="#[3b]">SDIO_IRQHandler</a> from startup_stm32f10x_hd.o(.text) referenced from startup_stm32f10x_hd.o(RESET)
 <LI><a href="#[2d]">SPI1_IRQHandler</a> from startup_stm32f10x_hd.o(.text) referenced from startup_stm32f10x_hd.o(RESET)
 <LI><a href="#[2e]">SPI2_IRQHandler</a> from startup_stm32f10x_hd.o(.text) referenced from startup_stm32f10x_hd.o(RESET)
 <LI><a href="#[3d]">SPI3_IRQHandler</a> from startup_stm32f10x_hd.o(.text) referenced from startup_stm32f10x_hd.o(RESET)
 <LI><a href="#[6]">SVC_Handler</a> from stm32f10x_it.o(i.SVC_Handler) referenced from startup_stm32f10x_hd.o(RESET)
 <LI><a href="#[53]">SYS_task</a> from task.o(i.SYS_task) referenced from main.o(i.start_task)
 <LI><a href="#[9]">SysTick_Handler</a> from delay.o(i.SysTick_Handler) referenced from startup_stm32f10x_hd.o(RESET)
 <LI><a href="#[47]">SystemInit</a> from system_stm32f10x.o(i.SystemInit) referenced from startup_stm32f10x_hd.o(.text)
 <LI><a href="#[c]">TAMPER_IRQHandler</a> from startup_stm32f10x_hd.o(.text) referenced from startup_stm32f10x_hd.o(RESET)
 <LI><a href="#[22]">TIM1_BRK_IRQHandler</a> from startup_stm32f10x_hd.o(.text) referenced from startup_stm32f10x_hd.o(RESET)
 <LI><a href="#[25]">TIM1_CC_IRQHandler</a> from startup_stm32f10x_hd.o(.text) referenced from startup_stm32f10x_hd.o(RESET)
 <LI><a href="#[24]">TIM1_TRG_COM_IRQHandler</a> from startup_stm32f10x_hd.o(.text) referenced from startup_stm32f10x_hd.o(RESET)
 <LI><a href="#[23]">TIM1_UP_IRQHandler</a> from startup_stm32f10x_hd.o(.text) referenced from startup_stm32f10x_hd.o(RESET)
 <LI><a href="#[26]">TIM2_IRQHandler</a> from startup_stm32f10x_hd.o(.text) referenced from startup_stm32f10x_hd.o(RESET)
 <LI><a href="#[27]">TIM3_IRQHandler</a> from timer.o(i.TIM3_IRQHandler) referenced from startup_stm32f10x_hd.o(RESET)
 <LI><a href="#[28]">TIM4_IRQHandler</a> from startup_stm32f10x_hd.o(.text) referenced from startup_stm32f10x_hd.o(RESET)
 <LI><a href="#[3c]">TIM5_IRQHandler</a> from startup_stm32f10x_hd.o(.text) referenced from startup_stm32f10x_hd.o(RESET)
 <LI><a href="#[40]">TIM6_IRQHandler</a> from startup_stm32f10x_hd.o(.text) referenced from startup_stm32f10x_hd.o(RESET)
 <LI><a href="#[41]">TIM7_IRQHandler</a> from startup_stm32f10x_hd.o(.text) referenced from startup_stm32f10x_hd.o(RESET)
 <LI><a href="#[35]">TIM8_BRK_IRQHandler</a> from startup_stm32f10x_hd.o(.text) referenced from startup_stm32f10x_hd.o(RESET)
 <LI><a href="#[38]">TIM8_CC_IRQHandler</a> from startup_stm32f10x_hd.o(.text) referenced from startup_stm32f10x_hd.o(RESET)
 <LI><a href="#[37]">TIM8_TRG_COM_IRQHandler</a> from startup_stm32f10x_hd.o(.text) referenced from startup_stm32f10x_hd.o(RESET)
 <LI><a href="#[36]">TIM8_UP_IRQHandler</a> from startup_stm32f10x_hd.o(.text) referenced from startup_stm32f10x_hd.o(RESET)
 <LI><a href="#[4f]">Time_task</a> from task.o(i.Time_task) referenced from main.o(i.start_task)
 <LI><a href="#[3e]">UART4_IRQHandler</a> from driver_usart.o(i.UART4_IRQHandler) referenced from startup_stm32f10x_hd.o(RESET)
 <LI><a href="#[3f]">UART5_IRQHandler</a> from startup_stm32f10x_hd.o(.text) referenced from startup_stm32f10x_hd.o(RESET)
 <LI><a href="#[2f]">USART1_IRQHandler</a> from usart.o(i.USART1_IRQHandler) referenced from startup_stm32f10x_hd.o(RESET)
 <LI><a href="#[30]">USART2_IRQHandler</a> from usbtype-c.o(i.USART2_IRQHandler) referenced from startup_stm32f10x_hd.o(RESET)
 <LI><a href="#[31]">USART3_IRQHandler</a> from hmi_user_uart.o(i.USART3_IRQHandler) referenced from startup_stm32f10x_hd.o(RESET)
 <LI><a href="#[34]">USBWakeUp_IRQHandler</a> from startup_stm32f10x_hd.o(.text) referenced from startup_stm32f10x_hd.o(RESET)
 <LI><a href="#[1d]">USB_HP_CAN1_TX_IRQHandler</a> from startup_stm32f10x_hd.o(.text) referenced from startup_stm32f10x_hd.o(RESET)
 <LI><a href="#[1e]">USB_LP_CAN1_RX0_IRQHandler</a> from startup_stm32f10x_hd.o(.text) referenced from startup_stm32f10x_hd.o(RESET)
 <LI><a href="#[54]">Udisk_task</a> from task.o(i.Udisk_task) referenced from main.o(i.start_task)
 <LI><a href="#[5]">UsageFault_Handler</a> from stm32f10x_it.o(i.UsageFault_Handler) referenced from startup_stm32f10x_hd.o(RESET)
 <LI><a href="#[51]">UsartDriverRev_task</a> from task.o(i.UsartDriverRev_task) referenced from main.o(i.start_task)
 <LI><a href="#[a]">WWDG_IRQHandler</a> from startup_stm32f10x_hd.o(.text) referenced from startup_stm32f10x_hd.o(RESET)
 <LI><a href="#[48]">__main</a> from entry.o(.ARM.Collect$$$$00000000) referenced from startup_stm32f10x_hd.o(.text)
 <LI><a href="#[4d]">_sputc</a> from printf8.o(i._sputc) referenced from printf8.o(i.__0sprintf$8)
 <LI><a href="#[4c]">fputc</a> from usart.o(i.fputc) referenced from printf8.o(i.__0printf$8)
 <LI><a href="#[46]">main</a> from main.o(i.main) referenced from entry9a.o(.ARM.Collect$$$$0000000B)
 <LI><a href="#[4e]">start_task</a> from main.o(i.start_task) referenced from main.o(i.main)
</UL>
<P>
<H3>
Global Symbols
</H3>
<P><STRONG><a name="[48]"></a>__main</STRONG> (Thumb, 0 bytes, Stack size unknown bytes, entry.o(.ARM.Collect$$$$00000000))
<BR>[Address Reference Count : 1]<UL><LI> startup_stm32f10x_hd.o(.text)
</UL>
<P><STRONG><a name="[187]"></a>_main_stk</STRONG> (Thumb, 0 bytes, Stack size unknown bytes, entry2.o(.ARM.Collect$$$$00000001))

<P><STRONG><a name="[55]"></a>_main_scatterload</STRONG> (Thumb, 0 bytes, Stack size unknown bytes, entry5.o(.ARM.Collect$$$$00000004))
<BR><BR>[Calls]<UL><LI><a href="#[56]">&gt;&gt;</a>&nbsp;&nbsp;&nbsp;__scatterload
</UL>

<P><STRONG><a name="[ad]"></a>__main_after_scatterload</STRONG> (Thumb, 0 bytes, Stack size unknown bytes, entry5.o(.ARM.Collect$$$$00000004))
<BR><BR>[Called By]<UL><LI><a href="#[56]">&gt;&gt;</a>&nbsp;&nbsp;&nbsp;__scatterload
</UL>

<P><STRONG><a name="[188]"></a>_main_clock</STRONG> (Thumb, 0 bytes, Stack size unknown bytes, entry7b.o(.ARM.Collect$$$$00000008))

<P><STRONG><a name="[189]"></a>_main_cpp_init</STRONG> (Thumb, 0 bytes, Stack size unknown bytes, entry8b.o(.ARM.Collect$$$$0000000A))

<P><STRONG><a name="[18a]"></a>_main_init</STRONG> (Thumb, 0 bytes, Stack size unknown bytes, entry9a.o(.ARM.Collect$$$$0000000B))

<P><STRONG><a name="[18b]"></a>__rt_final_cpp</STRONG> (Thumb, 0 bytes, Stack size unknown bytes, entry10a.o(.ARM.Collect$$$$0000000D))

<P><STRONG><a name="[18c]"></a>__rt_final_exit</STRONG> (Thumb, 0 bytes, Stack size unknown bytes, entry11a.o(.ARM.Collect$$$$0000000F))

<P><STRONG><a name="[0]"></a>Reset_Handler</STRONG> (Thumb, 8 bytes, Stack size 0 bytes, startup_stm32f10x_hd.o(.text))
<BR>[Address Reference Count : 1]<UL><LI> startup_stm32f10x_hd.o(RESET)
</UL>
<P><STRONG><a name="[1c]"></a>ADC1_2_IRQHandler</STRONG> (Thumb, 0 bytes, Stack size 0 bytes, startup_stm32f10x_hd.o(.text))
<BR><BR>[Calls]<UL><LI><a href="#[1c]">&gt;&gt;</a>&nbsp;&nbsp;&nbsp;ADC1_2_IRQHandler
</UL>
<BR>[Called By]<UL><LI><a href="#[1c]">&gt;&gt;</a>&nbsp;&nbsp;&nbsp;ADC1_2_IRQHandler
</UL>
<BR>[Address Reference Count : 1]<UL><LI> startup_stm32f10x_hd.o(RESET)
</UL>
<P><STRONG><a name="[39]"></a>ADC3_IRQHandler</STRONG> (Thumb, 0 bytes, Stack size 0 bytes, startup_stm32f10x_hd.o(.text))
<BR>[Address Reference Count : 1]<UL><LI> startup_stm32f10x_hd.o(RESET)
</UL>
<P><STRONG><a name="[1f]"></a>CAN1_RX1_IRQHandler</STRONG> (Thumb, 0 bytes, Stack size 0 bytes, startup_stm32f10x_hd.o(.text))
<BR>[Address Reference Count : 1]<UL><LI> startup_stm32f10x_hd.o(RESET)
</UL>
<P><STRONG><a name="[20]"></a>CAN1_SCE_IRQHandler</STRONG> (Thumb, 0 bytes, Stack size 0 bytes, startup_stm32f10x_hd.o(.text))
<BR>[Address Reference Count : 1]<UL><LI> startup_stm32f10x_hd.o(RESET)
</UL>
<P><STRONG><a name="[15]"></a>DMA1_Channel1_IRQHandler</STRONG> (Thumb, 0 bytes, Stack size 0 bytes, startup_stm32f10x_hd.o(.text))
<BR>[Address Reference Count : 1]<UL><LI> startup_stm32f10x_hd.o(RESET)
</UL>
<P><STRONG><a name="[16]"></a>DMA1_Channel2_IRQHandler</STRONG> (Thumb, 0 bytes, Stack size 0 bytes, startup_stm32f10x_hd.o(.text))
<BR>[Address Reference Count : 1]<UL><LI> startup_stm32f10x_hd.o(RESET)
</UL>
<P><STRONG><a name="[17]"></a>DMA1_Channel3_IRQHandler</STRONG> (Thumb, 0 bytes, Stack size 0 bytes, startup_stm32f10x_hd.o(.text))
<BR>[Address Reference Count : 1]<UL><LI> startup_stm32f10x_hd.o(RESET)
</UL>
<P><STRONG><a name="[18]"></a>DMA1_Channel4_IRQHandler</STRONG> (Thumb, 0 bytes, Stack size 0 bytes, startup_stm32f10x_hd.o(.text))
<BR>[Address Reference Count : 1]<UL><LI> startup_stm32f10x_hd.o(RESET)
</UL>
<P><STRONG><a name="[19]"></a>DMA1_Channel5_IRQHandler</STRONG> (Thumb, 0 bytes, Stack size 0 bytes, startup_stm32f10x_hd.o(.text))
<BR>[Address Reference Count : 1]<UL><LI> startup_stm32f10x_hd.o(RESET)
</UL>
<P><STRONG><a name="[1a]"></a>DMA1_Channel6_IRQHandler</STRONG> (Thumb, 0 bytes, Stack size 0 bytes, startup_stm32f10x_hd.o(.text))
<BR>[Address Reference Count : 1]<UL><LI> startup_stm32f10x_hd.o(RESET)
</UL>
<P><STRONG><a name="[1b]"></a>DMA1_Channel7_IRQHandler</STRONG> (Thumb, 0 bytes, Stack size 0 bytes, startup_stm32f10x_hd.o(.text))
<BR>[Address Reference Count : 1]<UL><LI> startup_stm32f10x_hd.o(RESET)
</UL>
<P><STRONG><a name="[42]"></a>DMA2_Channel1_IRQHandler</STRONG> (Thumb, 0 bytes, Stack size 0 bytes, startup_stm32f10x_hd.o(.text))
<BR>[Address Reference Count : 1]<UL><LI> startup_stm32f10x_hd.o(RESET)
</UL>
<P><STRONG><a name="[43]"></a>DMA2_Channel2_IRQHandler</STRONG> (Thumb, 0 bytes, Stack size 0 bytes, startup_stm32f10x_hd.o(.text))
<BR>[Address Reference Count : 1]<UL><LI> startup_stm32f10x_hd.o(RESET)
</UL>
<P><STRONG><a name="[44]"></a>DMA2_Channel3_IRQHandler</STRONG> (Thumb, 0 bytes, Stack size 0 bytes, startup_stm32f10x_hd.o(.text))
<BR>[Address Reference Count : 1]<UL><LI> startup_stm32f10x_hd.o(RESET)
</UL>
<P><STRONG><a name="[45]"></a>DMA2_Channel4_5_IRQHandler</STRONG> (Thumb, 0 bytes, Stack size 0 bytes, startup_stm32f10x_hd.o(.text))
<BR>[Address Reference Count : 1]<UL><LI> startup_stm32f10x_hd.o(RESET)
</UL>
<P><STRONG><a name="[10]"></a>EXTI0_IRQHandler</STRONG> (Thumb, 0 bytes, Stack size 0 bytes, startup_stm32f10x_hd.o(.text))
<BR>[Address Reference Count : 1]<UL><LI> startup_stm32f10x_hd.o(RESET)
</UL>
<P><STRONG><a name="[32]"></a>EXTI15_10_IRQHandler</STRONG> (Thumb, 0 bytes, Stack size 0 bytes, startup_stm32f10x_hd.o(.text))
<BR>[Address Reference Count : 1]<UL><LI> startup_stm32f10x_hd.o(RESET)
</UL>
<P><STRONG><a name="[11]"></a>EXTI1_IRQHandler</STRONG> (Thumb, 0 bytes, Stack size 0 bytes, startup_stm32f10x_hd.o(.text))
<BR>[Address Reference Count : 1]<UL><LI> startup_stm32f10x_hd.o(RESET)
</UL>
<P><STRONG><a name="[12]"></a>EXTI2_IRQHandler</STRONG> (Thumb, 0 bytes, Stack size 0 bytes, startup_stm32f10x_hd.o(.text))
<BR>[Address Reference Count : 1]<UL><LI> startup_stm32f10x_hd.o(RESET)
</UL>
<P><STRONG><a name="[13]"></a>EXTI3_IRQHandler</STRONG> (Thumb, 0 bytes, Stack size 0 bytes, startup_stm32f10x_hd.o(.text))
<BR>[Address Reference Count : 1]<UL><LI> startup_stm32f10x_hd.o(RESET)
</UL>
<P><STRONG><a name="[14]"></a>EXTI4_IRQHandler</STRONG> (Thumb, 0 bytes, Stack size 0 bytes, startup_stm32f10x_hd.o(.text))
<BR>[Address Reference Count : 1]<UL><LI> startup_stm32f10x_hd.o(RESET)
</UL>
<P><STRONG><a name="[e]"></a>FLASH_IRQHandler</STRONG> (Thumb, 0 bytes, Stack size 0 bytes, startup_stm32f10x_hd.o(.text))
<BR>[Address Reference Count : 1]<UL><LI> startup_stm32f10x_hd.o(RESET)
</UL>
<P><STRONG><a name="[3a]"></a>FSMC_IRQHandler</STRONG> (Thumb, 0 bytes, Stack size 0 bytes, startup_stm32f10x_hd.o(.text))
<BR>[Address Reference Count : 1]<UL><LI> startup_stm32f10x_hd.o(RESET)
</UL>
<P><STRONG><a name="[2a]"></a>I2C1_ER_IRQHandler</STRONG> (Thumb, 0 bytes, Stack size 0 bytes, startup_stm32f10x_hd.o(.text))
<BR>[Address Reference Count : 1]<UL><LI> startup_stm32f10x_hd.o(RESET)
</UL>
<P><STRONG><a name="[29]"></a>I2C1_EV_IRQHandler</STRONG> (Thumb, 0 bytes, Stack size 0 bytes, startup_stm32f10x_hd.o(.text))
<BR>[Address Reference Count : 1]<UL><LI> startup_stm32f10x_hd.o(RESET)
</UL>
<P><STRONG><a name="[2c]"></a>I2C2_ER_IRQHandler</STRONG> (Thumb, 0 bytes, Stack size 0 bytes, startup_stm32f10x_hd.o(.text))
<BR>[Address Reference Count : 1]<UL><LI> startup_stm32f10x_hd.o(RESET)
</UL>
<P><STRONG><a name="[2b]"></a>I2C2_EV_IRQHandler</STRONG> (Thumb, 0 bytes, Stack size 0 bytes, startup_stm32f10x_hd.o(.text))
<BR>[Address Reference Count : 1]<UL><LI> startup_stm32f10x_hd.o(RESET)
</UL>
<P><STRONG><a name="[b]"></a>PVD_IRQHandler</STRONG> (Thumb, 0 bytes, Stack size 0 bytes, startup_stm32f10x_hd.o(.text))
<BR>[Address Reference Count : 1]<UL><LI> startup_stm32f10x_hd.o(RESET)
</UL>
<P><STRONG><a name="[f]"></a>RCC_IRQHandler</STRONG> (Thumb, 0 bytes, Stack size 0 bytes, startup_stm32f10x_hd.o(.text))
<BR>[Address Reference Count : 1]<UL><LI> startup_stm32f10x_hd.o(RESET)
</UL>
<P><STRONG><a name="[33]"></a>RTCAlarm_IRQHandler</STRONG> (Thumb, 0 bytes, Stack size 0 bytes, startup_stm32f10x_hd.o(.text))
<BR>[Address Reference Count : 1]<UL><LI> startup_stm32f10x_hd.o(RESET)
</UL>
<P><STRONG><a name="[3b]"></a>SDIO_IRQHandler</STRONG> (Thumb, 0 bytes, Stack size 0 bytes, startup_stm32f10x_hd.o(.text))
<BR>[Address Reference Count : 1]<UL><LI> startup_stm32f10x_hd.o(RESET)
</UL>
<P><STRONG><a name="[2d]"></a>SPI1_IRQHandler</STRONG> (Thumb, 0 bytes, Stack size 0 bytes, startup_stm32f10x_hd.o(.text))
<BR>[Address Reference Count : 1]<UL><LI> startup_stm32f10x_hd.o(RESET)
</UL>
<P><STRONG><a name="[2e]"></a>SPI2_IRQHandler</STRONG> (Thumb, 0 bytes, Stack size 0 bytes, startup_stm32f10x_hd.o(.text))
<BR>[Address Reference Count : 1]<UL><LI> startup_stm32f10x_hd.o(RESET)
</UL>
<P><STRONG><a name="[3d]"></a>SPI3_IRQHandler</STRONG> (Thumb, 0 bytes, Stack size 0 bytes, startup_stm32f10x_hd.o(.text))
<BR>[Address Reference Count : 1]<UL><LI> startup_stm32f10x_hd.o(RESET)
</UL>
<P><STRONG><a name="[c]"></a>TAMPER_IRQHandler</STRONG> (Thumb, 0 bytes, Stack size 0 bytes, startup_stm32f10x_hd.o(.text))
<BR>[Address Reference Count : 1]<UL><LI> startup_stm32f10x_hd.o(RESET)
</UL>
<P><STRONG><a name="[22]"></a>TIM1_BRK_IRQHandler</STRONG> (Thumb, 0 bytes, Stack size 0 bytes, startup_stm32f10x_hd.o(.text))
<BR>[Address Reference Count : 1]<UL><LI> startup_stm32f10x_hd.o(RESET)
</UL>
<P><STRONG><a name="[25]"></a>TIM1_CC_IRQHandler</STRONG> (Thumb, 0 bytes, Stack size 0 bytes, startup_stm32f10x_hd.o(.text))
<BR>[Address Reference Count : 1]<UL><LI> startup_stm32f10x_hd.o(RESET)
</UL>
<P><STRONG><a name="[24]"></a>TIM1_TRG_COM_IRQHandler</STRONG> (Thumb, 0 bytes, Stack size 0 bytes, startup_stm32f10x_hd.o(.text))
<BR>[Address Reference Count : 1]<UL><LI> startup_stm32f10x_hd.o(RESET)
</UL>
<P><STRONG><a name="[23]"></a>TIM1_UP_IRQHandler</STRONG> (Thumb, 0 bytes, Stack size 0 bytes, startup_stm32f10x_hd.o(.text))
<BR>[Address Reference Count : 1]<UL><LI> startup_stm32f10x_hd.o(RESET)
</UL>
<P><STRONG><a name="[26]"></a>TIM2_IRQHandler</STRONG> (Thumb, 0 bytes, Stack size 0 bytes, startup_stm32f10x_hd.o(.text))
<BR>[Address Reference Count : 1]<UL><LI> startup_stm32f10x_hd.o(RESET)
</UL>
<P><STRONG><a name="[28]"></a>TIM4_IRQHandler</STRONG> (Thumb, 0 bytes, Stack size 0 bytes, startup_stm32f10x_hd.o(.text))
<BR>[Address Reference Count : 1]<UL><LI> startup_stm32f10x_hd.o(RESET)
</UL>
<P><STRONG><a name="[3c]"></a>TIM5_IRQHandler</STRONG> (Thumb, 0 bytes, Stack size 0 bytes, startup_stm32f10x_hd.o(.text))
<BR>[Address Reference Count : 1]<UL><LI> startup_stm32f10x_hd.o(RESET)
</UL>
<P><STRONG><a name="[40]"></a>TIM6_IRQHandler</STRONG> (Thumb, 0 bytes, Stack size 0 bytes, startup_stm32f10x_hd.o(.text))
<BR>[Address Reference Count : 1]<UL><LI> startup_stm32f10x_hd.o(RESET)
</UL>
<P><STRONG><a name="[41]"></a>TIM7_IRQHandler</STRONG> (Thumb, 0 bytes, Stack size 0 bytes, startup_stm32f10x_hd.o(.text))
<BR>[Address Reference Count : 1]<UL><LI> startup_stm32f10x_hd.o(RESET)
</UL>
<P><STRONG><a name="[35]"></a>TIM8_BRK_IRQHandler</STRONG> (Thumb, 0 bytes, Stack size 0 bytes, startup_stm32f10x_hd.o(.text))
<BR>[Address Reference Count : 1]<UL><LI> startup_stm32f10x_hd.o(RESET)
</UL>
<P><STRONG><a name="[38]"></a>TIM8_CC_IRQHandler</STRONG> (Thumb, 0 bytes, Stack size 0 bytes, startup_stm32f10x_hd.o(.text))
<BR>[Address Reference Count : 1]<UL><LI> startup_stm32f10x_hd.o(RESET)
</UL>
<P><STRONG><a name="[37]"></a>TIM8_TRG_COM_IRQHandler</STRONG> (Thumb, 0 bytes, Stack size 0 bytes, startup_stm32f10x_hd.o(.text))
<BR>[Address Reference Count : 1]<UL><LI> startup_stm32f10x_hd.o(RESET)
</UL>
<P><STRONG><a name="[36]"></a>TIM8_UP_IRQHandler</STRONG> (Thumb, 0 bytes, Stack size 0 bytes, startup_stm32f10x_hd.o(.text))
<BR>[Address Reference Count : 1]<UL><LI> startup_stm32f10x_hd.o(RESET)
</UL>
<P><STRONG><a name="[3f]"></a>UART5_IRQHandler</STRONG> (Thumb, 0 bytes, Stack size 0 bytes, startup_stm32f10x_hd.o(.text))
<BR>[Address Reference Count : 1]<UL><LI> startup_stm32f10x_hd.o(RESET)
</UL>
<P><STRONG><a name="[34]"></a>USBWakeUp_IRQHandler</STRONG> (Thumb, 0 bytes, Stack size 0 bytes, startup_stm32f10x_hd.o(.text))
<BR>[Address Reference Count : 1]<UL><LI> startup_stm32f10x_hd.o(RESET)
</UL>
<P><STRONG><a name="[1d]"></a>USB_HP_CAN1_TX_IRQHandler</STRONG> (Thumb, 0 bytes, Stack size 0 bytes, startup_stm32f10x_hd.o(.text))
<BR>[Address Reference Count : 1]<UL><LI> startup_stm32f10x_hd.o(RESET)
</UL>
<P><STRONG><a name="[1e]"></a>USB_LP_CAN1_RX0_IRQHandler</STRONG> (Thumb, 0 bytes, Stack size 0 bytes, startup_stm32f10x_hd.o(.text))
<BR>[Address Reference Count : 1]<UL><LI> startup_stm32f10x_hd.o(RESET)
</UL>
<P><STRONG><a name="[a]"></a>WWDG_IRQHandler</STRONG> (Thumb, 0 bytes, Stack size 0 bytes, startup_stm32f10x_hd.o(.text))
<BR>[Address Reference Count : 1]<UL><LI> startup_stm32f10x_hd.o(RESET)
</UL>
<P><STRONG><a name="[129]"></a>OS_CPU_SR_Save</STRONG> (Thumb, 0 bytes, Stack size unknown bytes, os_cpu_a.o(.text))
<BR><BR>[Called By]<UL><LI><a href="#[c9]">&gt;&gt;</a>&nbsp;&nbsp;&nbsp;OSTimeDly
<LI><a href="#[138]">&gt;&gt;</a>&nbsp;&nbsp;&nbsp;OSTaskSuspend
<LI><a href="#[130]">&gt;&gt;</a>&nbsp;&nbsp;&nbsp;OSTaskCreate
<LI><a href="#[12f]">&gt;&gt;</a>&nbsp;&nbsp;&nbsp;OSStatInit
<LI><a href="#[4e]">&gt;&gt;</a>&nbsp;&nbsp;&nbsp;start_task
<LI><a href="#[139]">&gt;&gt;</a>&nbsp;&nbsp;&nbsp;OSTimeTick
<LI><a href="#[128]">&gt;&gt;</a>&nbsp;&nbsp;&nbsp;OSIntExit
<LI><a href="#[137]">&gt;&gt;</a>&nbsp;&nbsp;&nbsp;OSTaskStkChk
<LI><a href="#[136]">&gt;&gt;</a>&nbsp;&nbsp;&nbsp;OSTaskNameSet
<LI><a href="#[134]">&gt;&gt;</a>&nbsp;&nbsp;&nbsp;OSTaskCreateExt
<LI><a href="#[4b]">&gt;&gt;</a>&nbsp;&nbsp;&nbsp;OS_TaskStat
<LI><a href="#[4a]">&gt;&gt;</a>&nbsp;&nbsp;&nbsp;OS_TaskIdle
<LI><a href="#[132]">&gt;&gt;</a>&nbsp;&nbsp;&nbsp;OS_TCBInit
<LI><a href="#[133]">&gt;&gt;</a>&nbsp;&nbsp;&nbsp;OS_Sched
</UL>

<P><STRONG><a name="[12c]"></a>OS_CPU_SR_Restore</STRONG> (Thumb, 0 bytes, Stack size unknown bytes, os_cpu_a.o(.text))
<BR><BR>[Called By]<UL><LI><a href="#[c9]">&gt;&gt;</a>&nbsp;&nbsp;&nbsp;OSTimeDly
<LI><a href="#[138]">&gt;&gt;</a>&nbsp;&nbsp;&nbsp;OSTaskSuspend
<LI><a href="#[130]">&gt;&gt;</a>&nbsp;&nbsp;&nbsp;OSTaskCreate
<LI><a href="#[12f]">&gt;&gt;</a>&nbsp;&nbsp;&nbsp;OSStatInit
<LI><a href="#[4e]">&gt;&gt;</a>&nbsp;&nbsp;&nbsp;start_task
<LI><a href="#[139]">&gt;&gt;</a>&nbsp;&nbsp;&nbsp;OSTimeTick
<LI><a href="#[128]">&gt;&gt;</a>&nbsp;&nbsp;&nbsp;OSIntExit
<LI><a href="#[137]">&gt;&gt;</a>&nbsp;&nbsp;&nbsp;OSTaskStkChk
<LI><a href="#[136]">&gt;&gt;</a>&nbsp;&nbsp;&nbsp;OSTaskNameSet
<LI><a href="#[134]">&gt;&gt;</a>&nbsp;&nbsp;&nbsp;OSTaskCreateExt
<LI><a href="#[4b]">&gt;&gt;</a>&nbsp;&nbsp;&nbsp;OS_TaskStat
<LI><a href="#[4a]">&gt;&gt;</a>&nbsp;&nbsp;&nbsp;OS_TaskIdle
<LI><a href="#[132]">&gt;&gt;</a>&nbsp;&nbsp;&nbsp;OS_TCBInit
<LI><a href="#[133]">&gt;&gt;</a>&nbsp;&nbsp;&nbsp;OS_Sched
</UL>

<P><STRONG><a name="[12e]"></a>OSStartHighRdy</STRONG> (Thumb, 0 bytes, Stack size unknown bytes, os_cpu_a.o(.text))
<BR><BR>[Called By]<UL><LI><a href="#[12d]">&gt;&gt;</a>&nbsp;&nbsp;&nbsp;OSStart
</UL>

<P><STRONG><a name="[13c]"></a>OSCtxSw</STRONG> (Thumb, 0 bytes, Stack size unknown bytes, os_cpu_a.o(.text))
<BR><BR>[Called By]<UL><LI><a href="#[133]">&gt;&gt;</a>&nbsp;&nbsp;&nbsp;OS_Sched
</UL>

<P><STRONG><a name="[12b]"></a>OSIntCtxSw</STRONG> (Thumb, 0 bytes, Stack size unknown bytes, os_cpu_a.o(.text))
<BR><BR>[Called By]<UL><LI><a href="#[128]">&gt;&gt;</a>&nbsp;&nbsp;&nbsp;OSIntExit
</UL>

<P><STRONG><a name="[8]"></a>PendSV_Handler</STRONG> (Thumb, 0 bytes, Stack size unknown bytes, os_cpu_a.o(.text))
<BR>[Address Reference Count : 1]<UL><LI> startup_stm32f10x_hd.o(RESET)
</UL>
<P><STRONG><a name="[b4]"></a>CH374GetVer</STRONG> (Thumb, 4 bytes, Stack size 0 bytes, CH374MAI.O(.text))
<BR><BR>[Called By]<UL><LI><a href="#[b3]">&gt;&gt;</a>&nbsp;&nbsp;&nbsp;CH374LibInit
</UL>

<P><STRONG><a name="[7a]"></a>CH374s01</STRONG> (Thumb, 22 bytes, Stack size 0 bytes, CH374MAI.O(.text))
<BR><BR>[Called By]<UL><LI><a href="#[79]">&gt;&gt;</a>&nbsp;&nbsp;&nbsp;CH374s08
</UL>

<P><STRONG><a name="[57]"></a>CH374DelaymS</STRONG> (Thumb, 66 bytes, Stack size 16 bytes, CH374MAI.O(.text))
<BR><BR>[Stack]<UL><LI>Max Depth = 56<LI>Call Chain = CH374DelaymS &rArr; CH374_READ_REGISTER &rArr; Spi374Start &rArr; SPI3_TransByte
</UL>
<BR>[Calls]<UL><LI><a href="#[58]">&gt;&gt;</a>&nbsp;&nbsp;&nbsp;CH374_READ_REGISTER
</UL>
<BR>[Called By]<UL><LI><a href="#[89]">&gt;&gt;</a>&nbsp;&nbsp;&nbsp;CH374DiskReady
<LI><a href="#[78]">&gt;&gt;</a>&nbsp;&nbsp;&nbsp;CH374s22
<LI><a href="#[76]">&gt;&gt;</a>&nbsp;&nbsp;&nbsp;CH374s25
<LI><a href="#[6d]">&gt;&gt;</a>&nbsp;&nbsp;&nbsp;CH374s13
<LI><a href="#[69]">&gt;&gt;</a>&nbsp;&nbsp;&nbsp;CH374s21
<LI><a href="#[5e]">&gt;&gt;</a>&nbsp;&nbsp;&nbsp;CH374CtrlTransfer
<LI><a href="#[77]">&gt;&gt;</a>&nbsp;&nbsp;&nbsp;CH374s26
</UL>

<P><STRONG><a name="[5b]"></a>CH374EmbHubAttach</STRONG> (Thumb, 66 bytes, Stack size 8 bytes, CH374MAI.O(.text))
<BR><BR>[Stack]<UL><LI>Max Depth = 48<LI>Call Chain = CH374EmbHubAttach &rArr; CH374_READ_REGISTER &rArr; Spi374Start &rArr; SPI3_TransByte
</UL>
<BR>[Calls]<UL><LI><a href="#[58]">&gt;&gt;</a>&nbsp;&nbsp;&nbsp;CH374_READ_REGISTER
</UL>
<BR>[Called By]<UL><LI><a href="#[61]">&gt;&gt;</a>&nbsp;&nbsp;&nbsp;CH374DiskConnect
<LI><a href="#[78]">&gt;&gt;</a>&nbsp;&nbsp;&nbsp;CH374s22
<LI><a href="#[6d]">&gt;&gt;</a>&nbsp;&nbsp;&nbsp;CH374s13
<LI><a href="#[5c]">&gt;&gt;</a>&nbsp;&nbsp;&nbsp;CH374HostTransact
</UL>

<P><STRONG><a name="[5c]"></a>CH374HostTransact</STRONG> (Thumb, 310 bytes, Stack size 24 bytes, CH374MAI.O(.text))
<BR><BR>[Stack]<UL><LI>Max Depth = 72<LI>Call Chain = CH374HostTransact &rArr; xQueryInterrupt &rArr; CH374_READ_REGISTER &rArr; Spi374Start &rArr; SPI3_TransByte
</UL>
<BR>[Calls]<UL><LI><a href="#[5d]">&gt;&gt;</a>&nbsp;&nbsp;&nbsp;xQueryInterrupt
<LI><a href="#[5a]">&gt;&gt;</a>&nbsp;&nbsp;&nbsp;CH374_WRITE_REGISTER
<LI><a href="#[58]">&gt;&gt;</a>&nbsp;&nbsp;&nbsp;CH374_READ_REGISTER
<LI><a href="#[5b]">&gt;&gt;</a>&nbsp;&nbsp;&nbsp;CH374EmbHubAttach
</UL>
<BR>[Called By]<UL><LI><a href="#[73]">&gt;&gt;</a>&nbsp;&nbsp;&nbsp;CH374s07
<LI><a href="#[70]">&gt;&gt;</a>&nbsp;&nbsp;&nbsp;CH374s06
<LI><a href="#[6f]">&gt;&gt;</a>&nbsp;&nbsp;&nbsp;CH374s18
<LI><a href="#[6b]">&gt;&gt;</a>&nbsp;&nbsp;&nbsp;CH374BulkOnlyCmd
<LI><a href="#[5e]">&gt;&gt;</a>&nbsp;&nbsp;&nbsp;CH374CtrlTransfer
</UL>

<P><STRONG><a name="[5f]"></a>CH374DirtyBuffer</STRONG> (Thumb, 18 bytes, Stack size 0 bytes, CH374MAI.O(.text))
<BR><BR>[Called By]<UL><LI><a href="#[86]">&gt;&gt;</a>&nbsp;&nbsp;&nbsp;CH374FileCreate
<LI><a href="#[79]">&gt;&gt;</a>&nbsp;&nbsp;&nbsp;CH374s08
<LI><a href="#[73]">&gt;&gt;</a>&nbsp;&nbsp;&nbsp;CH374s07
<LI><a href="#[70]">&gt;&gt;</a>&nbsp;&nbsp;&nbsp;CH374s06
<LI><a href="#[6b]">&gt;&gt;</a>&nbsp;&nbsp;&nbsp;CH374BulkOnlyCmd
<LI><a href="#[5e]">&gt;&gt;</a>&nbsp;&nbsp;&nbsp;CH374CtrlTransfer
</UL>

<P><STRONG><a name="[5e]"></a>CH374CtrlTransfer</STRONG> (Thumb, 236 bytes, Stack size 24 bytes, CH374MAI.O(.text))
<BR><BR>[Stack]<UL><LI>Max Depth = 96<LI>Call Chain = CH374CtrlTransfer &rArr; CH374HostTransact &rArr; xQueryInterrupt &rArr; CH374_READ_REGISTER &rArr; Spi374Start &rArr; SPI3_TransByte
</UL>
<BR>[Calls]<UL><LI><a href="#[57]">&gt;&gt;</a>&nbsp;&nbsp;&nbsp;CH374DelaymS
<LI><a href="#[5a]">&gt;&gt;</a>&nbsp;&nbsp;&nbsp;CH374_WRITE_REGISTER
<LI><a href="#[58]">&gt;&gt;</a>&nbsp;&nbsp;&nbsp;CH374_READ_REGISTER
<LI><a href="#[60]">&gt;&gt;</a>&nbsp;&nbsp;&nbsp;CH374_READ_BLOCK
<LI><a href="#[5f]">&gt;&gt;</a>&nbsp;&nbsp;&nbsp;CH374DirtyBuffer
<LI><a href="#[5c]">&gt;&gt;</a>&nbsp;&nbsp;&nbsp;CH374HostTransact
</UL>
<BR>[Called By]<UL><LI><a href="#[61]">&gt;&gt;</a>&nbsp;&nbsp;&nbsp;CH374DiskConnect
<LI><a href="#[78]">&gt;&gt;</a>&nbsp;&nbsp;&nbsp;CH374s22
<LI><a href="#[69]">&gt;&gt;</a>&nbsp;&nbsp;&nbsp;CH374s21
<LI><a href="#[67]">&gt;&gt;</a>&nbsp;&nbsp;&nbsp;CH374s23
<LI><a href="#[62]">&gt;&gt;</a>&nbsp;&nbsp;&nbsp;CH374s30
</UL>

<P><STRONG><a name="[61]"></a>CH374DiskConnect</STRONG> (Thumb, 270 bytes, Stack size 16 bytes, CH374MAI.O(.text))
<BR><BR>[Stack]<UL><LI>Max Depth = 120<LI>Call Chain = CH374DiskConnect &rArr; CH374s30 &rArr; CH374CtrlTransfer &rArr; CH374HostTransact &rArr; xQueryInterrupt &rArr; CH374_READ_REGISTER &rArr; Spi374Start &rArr; SPI3_TransByte
</UL>
<BR>[Calls]<UL><LI><a href="#[5a]">&gt;&gt;</a>&nbsp;&nbsp;&nbsp;CH374_WRITE_REGISTER
<LI><a href="#[58]">&gt;&gt;</a>&nbsp;&nbsp;&nbsp;CH374_READ_REGISTER
<LI><a href="#[5e]">&gt;&gt;</a>&nbsp;&nbsp;&nbsp;CH374CtrlTransfer
<LI><a href="#[5b]">&gt;&gt;</a>&nbsp;&nbsp;&nbsp;CH374EmbHubAttach
<LI><a href="#[62]">&gt;&gt;</a>&nbsp;&nbsp;&nbsp;CH374s30
<LI><a href="#[63]">&gt;&gt;</a>&nbsp;&nbsp;&nbsp;CH374s31
<LI><a href="#[59]">&gt;&gt;</a>&nbsp;&nbsp;&nbsp;CH374s29
</UL>
<BR>[Called By]<UL><LI><a href="#[90]">&gt;&gt;</a>&nbsp;&nbsp;&nbsp;CH374DiskSize
<LI><a href="#[89]">&gt;&gt;</a>&nbsp;&nbsp;&nbsp;CH374DiskReady
<LI><a href="#[54]">&gt;&gt;</a>&nbsp;&nbsp;&nbsp;Udisk_task
<LI><a href="#[92]">&gt;&gt;</a>&nbsp;&nbsp;&nbsp;CH374DiskQuery
<LI><a href="#[78]">&gt;&gt;</a>&nbsp;&nbsp;&nbsp;CH374s22
<LI><a href="#[69]">&gt;&gt;</a>&nbsp;&nbsp;&nbsp;CH374s21
<LI><a href="#[64]">&gt;&gt;</a>&nbsp;&nbsp;&nbsp;CH374s05
</UL>

<P><STRONG><a name="[64]"></a>CH374s05</STRONG> (Thumb, 38 bytes, Stack size 8 bytes, CH374MAI.O(.text))
<BR><BR>[Stack]<UL><LI>Max Depth = 128<LI>Call Chain = CH374s05 &rArr; CH374DiskConnect &rArr; CH374s30 &rArr; CH374CtrlTransfer &rArr; CH374HostTransact &rArr; xQueryInterrupt &rArr; CH374_READ_REGISTER &rArr; Spi374Start &rArr; SPI3_TransByte
</UL>
<BR>[Calls]<UL><LI><a href="#[61]">&gt;&gt;</a>&nbsp;&nbsp;&nbsp;CH374DiskConnect
</UL>
<BR>[Called By]<UL><LI><a href="#[86]">&gt;&gt;</a>&nbsp;&nbsp;&nbsp;CH374FileCreate
<LI><a href="#[84]">&gt;&gt;</a>&nbsp;&nbsp;&nbsp;CH374FileClose
<LI><a href="#[81]">&gt;&gt;</a>&nbsp;&nbsp;&nbsp;CH374FileOpen
<LI><a href="#[92]">&gt;&gt;</a>&nbsp;&nbsp;&nbsp;CH374DiskQuery
<LI><a href="#[8c]">&gt;&gt;</a>&nbsp;&nbsp;&nbsp;CH374s16
<LI><a href="#[85]">&gt;&gt;</a>&nbsp;&nbsp;&nbsp;CH374FileErase
<LI><a href="#[79]">&gt;&gt;</a>&nbsp;&nbsp;&nbsp;CH374s08
<LI><a href="#[78]">&gt;&gt;</a>&nbsp;&nbsp;&nbsp;CH374s22
</UL>

<P><STRONG><a name="[65]"></a>CH374Init</STRONG> (Thumb, 132 bytes, Stack size 16 bytes, CH374MAI.O(.text))
<BR><BR>[Stack]<UL><LI>Max Depth = 64<LI>Call Chain = CH374Init &rArr; CH374s29 &rArr; CH374_WRITE_REGISTER &rArr; Spi374Start &rArr; SPI3_TransByte
</UL>
<BR>[Calls]<UL><LI><a href="#[5a]">&gt;&gt;</a>&nbsp;&nbsp;&nbsp;CH374_WRITE_REGISTER
<LI><a href="#[58]">&gt;&gt;</a>&nbsp;&nbsp;&nbsp;CH374_READ_REGISTER
<LI><a href="#[59]">&gt;&gt;</a>&nbsp;&nbsp;&nbsp;CH374s29
</UL>
<BR>[Called By]<UL><LI><a href="#[b3]">&gt;&gt;</a>&nbsp;&nbsp;&nbsp;CH374LibInit
</UL>

<P><STRONG><a name="[66]"></a>CH374EmbHubEnable</STRONG> (Thumb, 64 bytes, Stack size 8 bytes, CH374MAI.O(.text))
<BR><BR>[Stack]<UL><LI>Max Depth = 48<LI>Call Chain = CH374EmbHubEnable &rArr; CH374_WRITE_REGISTER &rArr; Spi374Start &rArr; SPI3_TransByte
</UL>
<BR>[Calls]<UL><LI><a href="#[5a]">&gt;&gt;</a>&nbsp;&nbsp;&nbsp;CH374_WRITE_REGISTER
<LI><a href="#[58]">&gt;&gt;</a>&nbsp;&nbsp;&nbsp;CH374_READ_REGISTER
</UL>
<BR>[Called By]<UL><LI><a href="#[78]">&gt;&gt;</a>&nbsp;&nbsp;&nbsp;CH374s22
</UL>

<P><STRONG><a name="[67]"></a>CH374s23</STRONG> (Thumb, 76 bytes, Stack size 8 bytes, CH374MAI.O(.text))
<BR><BR>[Stack]<UL><LI>Max Depth = 104<LI>Call Chain = CH374s23 &rArr; CH374CtrlTransfer &rArr; CH374HostTransact &rArr; xQueryInterrupt &rArr; CH374_READ_REGISTER &rArr; Spi374Start &rArr; SPI3_TransByte
</UL>
<BR>[Calls]<UL><LI><a href="#[5a]">&gt;&gt;</a>&nbsp;&nbsp;&nbsp;CH374_WRITE_REGISTER
<LI><a href="#[68]">&gt;&gt;</a>&nbsp;&nbsp;&nbsp;CH374_WRITE_BLOCK_C
<LI><a href="#[5e]">&gt;&gt;</a>&nbsp;&nbsp;&nbsp;CH374CtrlTransfer
</UL>
<BR>[Called By]<UL><LI><a href="#[78]">&gt;&gt;</a>&nbsp;&nbsp;&nbsp;CH374s22
<LI><a href="#[73]">&gt;&gt;</a>&nbsp;&nbsp;&nbsp;CH374s07
<LI><a href="#[70]">&gt;&gt;</a>&nbsp;&nbsp;&nbsp;CH374s06
<LI><a href="#[6b]">&gt;&gt;</a>&nbsp;&nbsp;&nbsp;CH374BulkOnlyCmd
<LI><a href="#[69]">&gt;&gt;</a>&nbsp;&nbsp;&nbsp;CH374s21
</UL>

<P><STRONG><a name="[69]"></a>CH374s21</STRONG> (Thumb, 96 bytes, Stack size 16 bytes, CH374MAI.O(.text))
<BR><BR>[Stack]<UL><LI>Max Depth = 136<LI>Call Chain = CH374s21 &rArr; CH374DiskConnect &rArr; CH374s30 &rArr; CH374CtrlTransfer &rArr; CH374HostTransact &rArr; xQueryInterrupt &rArr; CH374_READ_REGISTER &rArr; Spi374Start &rArr; SPI3_TransByte
</UL>
<BR>[Calls]<UL><LI><a href="#[61]">&gt;&gt;</a>&nbsp;&nbsp;&nbsp;CH374DiskConnect
<LI><a href="#[57]">&gt;&gt;</a>&nbsp;&nbsp;&nbsp;CH374DelaymS
<LI><a href="#[5a]">&gt;&gt;</a>&nbsp;&nbsp;&nbsp;CH374_WRITE_REGISTER
<LI><a href="#[68]">&gt;&gt;</a>&nbsp;&nbsp;&nbsp;CH374_WRITE_BLOCK_C
<LI><a href="#[67]">&gt;&gt;</a>&nbsp;&nbsp;&nbsp;CH374s23
<LI><a href="#[5e]">&gt;&gt;</a>&nbsp;&nbsp;&nbsp;CH374CtrlTransfer
</UL>
<BR>[Called By]<UL><LI><a href="#[79]">&gt;&gt;</a>&nbsp;&nbsp;&nbsp;CH374s08
<LI><a href="#[73]">&gt;&gt;</a>&nbsp;&nbsp;&nbsp;CH374s07
<LI><a href="#[70]">&gt;&gt;</a>&nbsp;&nbsp;&nbsp;CH374s06
<LI><a href="#[6b]">&gt;&gt;</a>&nbsp;&nbsp;&nbsp;CH374BulkOnlyCmd
</UL>

<P><STRONG><a name="[6a]"></a>CH374s17</STRONG> (Thumb, 26 bytes, Stack size 8 bytes, CH374MAI.O(.text))
<BR><BR>[Stack]<UL><LI>Max Depth = 48<LI>Call Chain = CH374s17 &rArr; CH374_WRITE_REGISTER &rArr; Spi374Start &rArr; SPI3_TransByte
</UL>
<BR>[Calls]<UL><LI><a href="#[5a]">&gt;&gt;</a>&nbsp;&nbsp;&nbsp;CH374_WRITE_REGISTER
</UL>
<BR>[Called By]<UL><LI><a href="#[70]">&gt;&gt;</a>&nbsp;&nbsp;&nbsp;CH374s06
<LI><a href="#[6b]">&gt;&gt;</a>&nbsp;&nbsp;&nbsp;CH374BulkOnlyCmd
</UL>

<P><STRONG><a name="[6b]"></a>CH374BulkOnlyCmd</STRONG> (Thumb, 276 bytes, Stack size 24 bytes, CH374MAI.O(.text))
<BR><BR>[Stack]<UL><LI>Max Depth = 160<LI>Call Chain = CH374BulkOnlyCmd &rArr; CH374s21 &rArr; CH374DiskConnect &rArr; CH374s30 &rArr; CH374CtrlTransfer &rArr; CH374HostTransact &rArr; xQueryInterrupt &rArr; CH374_READ_REGISTER &rArr; Spi374Start &rArr; SPI3_TransByte
</UL>
<BR>[Calls]<UL><LI><a href="#[5a]">&gt;&gt;</a>&nbsp;&nbsp;&nbsp;CH374_WRITE_REGISTER
<LI><a href="#[68]">&gt;&gt;</a>&nbsp;&nbsp;&nbsp;CH374_WRITE_BLOCK_C
<LI><a href="#[6c]">&gt;&gt;</a>&nbsp;&nbsp;&nbsp;CH374_WRITE_BLOCK
<LI><a href="#[58]">&gt;&gt;</a>&nbsp;&nbsp;&nbsp;CH374_READ_REGISTER
<LI><a href="#[60]">&gt;&gt;</a>&nbsp;&nbsp;&nbsp;CH374_READ_BLOCK
<LI><a href="#[6a]">&gt;&gt;</a>&nbsp;&nbsp;&nbsp;CH374s17
<LI><a href="#[69]">&gt;&gt;</a>&nbsp;&nbsp;&nbsp;CH374s21
<LI><a href="#[67]">&gt;&gt;</a>&nbsp;&nbsp;&nbsp;CH374s23
<LI><a href="#[5f]">&gt;&gt;</a>&nbsp;&nbsp;&nbsp;CH374DirtyBuffer
<LI><a href="#[5c]">&gt;&gt;</a>&nbsp;&nbsp;&nbsp;CH374HostTransact
</UL>
<BR>[Called By]<UL><LI><a href="#[89]">&gt;&gt;</a>&nbsp;&nbsp;&nbsp;CH374DiskReady
<LI><a href="#[78]">&gt;&gt;</a>&nbsp;&nbsp;&nbsp;CH374s22
<LI><a href="#[76]">&gt;&gt;</a>&nbsp;&nbsp;&nbsp;CH374s25
<LI><a href="#[6d]">&gt;&gt;</a>&nbsp;&nbsp;&nbsp;CH374s13
<LI><a href="#[77]">&gt;&gt;</a>&nbsp;&nbsp;&nbsp;CH374s26
</UL>

<P><STRONG><a name="[6d]"></a>CH374s13</STRONG> (Thumb, 94 bytes, Stack size 16 bytes, CH374MAI.O(.text))
<BR><BR>[Stack]<UL><LI>Max Depth = 176<LI>Call Chain = CH374s13 &rArr; CH374BulkOnlyCmd &rArr; CH374s21 &rArr; CH374DiskConnect &rArr; CH374s30 &rArr; CH374CtrlTransfer &rArr; CH374HostTransact &rArr; xQueryInterrupt &rArr; CH374_READ_REGISTER &rArr; Spi374Start &rArr; SPI3_TransByte
</UL>
<BR>[Calls]<UL><LI><a href="#[57]">&gt;&gt;</a>&nbsp;&nbsp;&nbsp;CH374DelaymS
<LI><a href="#[5a]">&gt;&gt;</a>&nbsp;&nbsp;&nbsp;CH374_WRITE_REGISTER
<LI><a href="#[6b]">&gt;&gt;</a>&nbsp;&nbsp;&nbsp;CH374BulkOnlyCmd
<LI><a href="#[5b]">&gt;&gt;</a>&nbsp;&nbsp;&nbsp;CH374EmbHubAttach
<LI><a href="#[6e]">&gt;&gt;</a>&nbsp;&nbsp;&nbsp;CH374s27
<LI><a href="#[59]">&gt;&gt;</a>&nbsp;&nbsp;&nbsp;CH374s29
</UL>
<BR>[Called By]<UL><LI><a href="#[90]">&gt;&gt;</a>&nbsp;&nbsp;&nbsp;CH374DiskSize
<LI><a href="#[89]">&gt;&gt;</a>&nbsp;&nbsp;&nbsp;CH374DiskReady
<LI><a href="#[78]">&gt;&gt;</a>&nbsp;&nbsp;&nbsp;CH374s22
<LI><a href="#[73]">&gt;&gt;</a>&nbsp;&nbsp;&nbsp;CH374s07
<LI><a href="#[70]">&gt;&gt;</a>&nbsp;&nbsp;&nbsp;CH374s06
</UL>

<P><STRONG><a name="[72]"></a>mReturnErrClose</STRONG> (Thumb, 24 bytes, Stack size 0 bytes, CH374MAI.O(.text))
<BR><BR>[Called By]<UL><LI><a href="#[73]">&gt;&gt;</a>&nbsp;&nbsp;&nbsp;CH374s07
<LI><a href="#[70]">&gt;&gt;</a>&nbsp;&nbsp;&nbsp;CH374s06
</UL>

<P><STRONG><a name="[6f]"></a>CH374s18</STRONG> (Thumb, 118 bytes, Stack size 24 bytes, CH374MAI.O(.text))
<BR><BR>[Stack]<UL><LI>Max Depth = 96<LI>Call Chain = CH374s18 &rArr; CH374HostTransact &rArr; xQueryInterrupt &rArr; CH374_READ_REGISTER &rArr; Spi374Start &rArr; SPI3_TransByte
</UL>
<BR>[Calls]<UL><LI><a href="#[5a]">&gt;&gt;</a>&nbsp;&nbsp;&nbsp;CH374_WRITE_REGISTER
<LI><a href="#[68]">&gt;&gt;</a>&nbsp;&nbsp;&nbsp;CH374_WRITE_BLOCK_C
<LI><a href="#[6c]">&gt;&gt;</a>&nbsp;&nbsp;&nbsp;CH374_WRITE_BLOCK
<LI><a href="#[5c]">&gt;&gt;</a>&nbsp;&nbsp;&nbsp;CH374HostTransact
</UL>
<BR>[Called By]<UL><LI><a href="#[73]">&gt;&gt;</a>&nbsp;&nbsp;&nbsp;CH374s07
<LI><a href="#[70]">&gt;&gt;</a>&nbsp;&nbsp;&nbsp;CH374s06
</UL>

<P><STRONG><a name="[70]"></a>CH374s06</STRONG> (Thumb, 358 bytes, Stack size 24 bytes, CH374MAI.O(.text))
<BR><BR>[Stack]<UL><LI>Max Depth = 200<LI>Call Chain = CH374s06 &rArr; CH374s13 &rArr; CH374BulkOnlyCmd &rArr; CH374s21 &rArr; CH374DiskConnect &rArr; CH374s30 &rArr; CH374CtrlTransfer &rArr; CH374HostTransact &rArr; xQueryInterrupt &rArr; CH374_READ_REGISTER &rArr; Spi374Start &rArr; SPI3_TransByte
</UL>
<BR>[Calls]<UL><LI><a href="#[5a]">&gt;&gt;</a>&nbsp;&nbsp;&nbsp;CH374_WRITE_REGISTER
<LI><a href="#[58]">&gt;&gt;</a>&nbsp;&nbsp;&nbsp;CH374_READ_REGISTER
<LI><a href="#[71]">&gt;&gt;</a>&nbsp;&nbsp;&nbsp;CH374_READ_BLOCK64
<LI><a href="#[6f]">&gt;&gt;</a>&nbsp;&nbsp;&nbsp;CH374s18
<LI><a href="#[72]">&gt;&gt;</a>&nbsp;&nbsp;&nbsp;mReturnErrClose
<LI><a href="#[6d]">&gt;&gt;</a>&nbsp;&nbsp;&nbsp;CH374s13
<LI><a href="#[6a]">&gt;&gt;</a>&nbsp;&nbsp;&nbsp;CH374s17
<LI><a href="#[69]">&gt;&gt;</a>&nbsp;&nbsp;&nbsp;CH374s21
<LI><a href="#[67]">&gt;&gt;</a>&nbsp;&nbsp;&nbsp;CH374s23
<LI><a href="#[5f]">&gt;&gt;</a>&nbsp;&nbsp;&nbsp;CH374DirtyBuffer
<LI><a href="#[5c]">&gt;&gt;</a>&nbsp;&nbsp;&nbsp;CH374HostTransact
</UL>
<BR>[Called By]<UL><LI><a href="#[86]">&gt;&gt;</a>&nbsp;&nbsp;&nbsp;CH374FileCreate
<LI><a href="#[81]">&gt;&gt;</a>&nbsp;&nbsp;&nbsp;CH374FileOpen
<LI><a href="#[88]">&gt;&gt;</a>&nbsp;&nbsp;&nbsp;CH374FileModify
<LI><a href="#[8f]">&gt;&gt;</a>&nbsp;&nbsp;&nbsp;CH374ByteWrite
<LI><a href="#[92]">&gt;&gt;</a>&nbsp;&nbsp;&nbsp;CH374DiskQuery
<LI><a href="#[8e]">&gt;&gt;</a>&nbsp;&nbsp;&nbsp;CH374ByteRead
<LI><a href="#[8b]">&gt;&gt;</a>&nbsp;&nbsp;&nbsp;CH374s20
<LI><a href="#[85]">&gt;&gt;</a>&nbsp;&nbsp;&nbsp;CH374FileErase
<LI><a href="#[83]">&gt;&gt;</a>&nbsp;&nbsp;&nbsp;CH374s15
<LI><a href="#[80]">&gt;&gt;</a>&nbsp;&nbsp;&nbsp;CH374s12
<LI><a href="#[7d]">&gt;&gt;</a>&nbsp;&nbsp;&nbsp;CH374s10
<LI><a href="#[79]">&gt;&gt;</a>&nbsp;&nbsp;&nbsp;CH374s08
</UL>

<P><STRONG><a name="[73]"></a>CH374s07</STRONG> (Thumb, 364 bytes, Stack size 24 bytes, CH374MAI.O(.text))
<BR><BR>[Stack]<UL><LI>Max Depth = 200<LI>Call Chain = CH374s07 &rArr; CH374s13 &rArr; CH374BulkOnlyCmd &rArr; CH374s21 &rArr; CH374DiskConnect &rArr; CH374s30 &rArr; CH374CtrlTransfer &rArr; CH374HostTransact &rArr; xQueryInterrupt &rArr; CH374_READ_REGISTER &rArr; Spi374Start &rArr; SPI3_TransByte
</UL>
<BR>[Calls]<UL><LI><a href="#[75]">&gt;&gt;</a>&nbsp;&nbsp;&nbsp;xDelayAfterWrite
<LI><a href="#[5a]">&gt;&gt;</a>&nbsp;&nbsp;&nbsp;CH374_WRITE_REGISTER
<LI><a href="#[74]">&gt;&gt;</a>&nbsp;&nbsp;&nbsp;CH374_WRITE_BLOCK64
<LI><a href="#[58]">&gt;&gt;</a>&nbsp;&nbsp;&nbsp;CH374_READ_REGISTER
<LI><a href="#[6f]">&gt;&gt;</a>&nbsp;&nbsp;&nbsp;CH374s18
<LI><a href="#[72]">&gt;&gt;</a>&nbsp;&nbsp;&nbsp;mReturnErrClose
<LI><a href="#[6d]">&gt;&gt;</a>&nbsp;&nbsp;&nbsp;CH374s13
<LI><a href="#[69]">&gt;&gt;</a>&nbsp;&nbsp;&nbsp;CH374s21
<LI><a href="#[67]">&gt;&gt;</a>&nbsp;&nbsp;&nbsp;CH374s23
<LI><a href="#[5f]">&gt;&gt;</a>&nbsp;&nbsp;&nbsp;CH374DirtyBuffer
<LI><a href="#[5c]">&gt;&gt;</a>&nbsp;&nbsp;&nbsp;CH374HostTransact
</UL>
<BR>[Called By]<UL><LI><a href="#[86]">&gt;&gt;</a>&nbsp;&nbsp;&nbsp;CH374FileCreate
<LI><a href="#[88]">&gt;&gt;</a>&nbsp;&nbsp;&nbsp;CH374FileModify
<LI><a href="#[8f]">&gt;&gt;</a>&nbsp;&nbsp;&nbsp;CH374ByteWrite
<LI><a href="#[8b]">&gt;&gt;</a>&nbsp;&nbsp;&nbsp;CH374s20
<LI><a href="#[85]">&gt;&gt;</a>&nbsp;&nbsp;&nbsp;CH374FileErase
<LI><a href="#[83]">&gt;&gt;</a>&nbsp;&nbsp;&nbsp;CH374s15
<LI><a href="#[80]">&gt;&gt;</a>&nbsp;&nbsp;&nbsp;CH374s12
<LI><a href="#[7c]">&gt;&gt;</a>&nbsp;&nbsp;&nbsp;CH374s09
</UL>

<P><STRONG><a name="[76]"></a>CH374s25</STRONG> (Thumb, 130 bytes, Stack size 24 bytes, CH374MAI.O(.text))
<BR><BR>[Stack]<UL><LI>Max Depth = 192<LI>Call Chain = CH374s25 &rArr; CH374s26 &rArr; CH374BulkOnlyCmd &rArr; CH374s21 &rArr; CH374DiskConnect &rArr; CH374s30 &rArr; CH374CtrlTransfer &rArr; CH374HostTransact &rArr; xQueryInterrupt &rArr; CH374_READ_REGISTER &rArr; Spi374Start &rArr; SPI3_TransByte
</UL>
<BR>[Calls]<UL><LI><a href="#[57]">&gt;&gt;</a>&nbsp;&nbsp;&nbsp;CH374DelaymS
<LI><a href="#[6b]">&gt;&gt;</a>&nbsp;&nbsp;&nbsp;CH374BulkOnlyCmd
<LI><a href="#[77]">&gt;&gt;</a>&nbsp;&nbsp;&nbsp;CH374s26
<LI><a href="#[6e]">&gt;&gt;</a>&nbsp;&nbsp;&nbsp;CH374s27
</UL>
<BR>[Called By]<UL><LI><a href="#[90]">&gt;&gt;</a>&nbsp;&nbsp;&nbsp;CH374DiskSize
<LI><a href="#[89]">&gt;&gt;</a>&nbsp;&nbsp;&nbsp;CH374DiskReady
<LI><a href="#[79]">&gt;&gt;</a>&nbsp;&nbsp;&nbsp;CH374s08
</UL>

<P><STRONG><a name="[78]"></a>CH374s22</STRONG> (Thumb, 948 bytes, Stack size 24 bytes, CH374MAI.O(.text))
<BR><BR>[Stack]<UL><LI>Max Depth = 200<LI>Call Chain = CH374s22 &rArr; CH374s13 &rArr; CH374BulkOnlyCmd &rArr; CH374s21 &rArr; CH374DiskConnect &rArr; CH374s30 &rArr; CH374CtrlTransfer &rArr; CH374HostTransact &rArr; xQueryInterrupt &rArr; CH374_READ_REGISTER &rArr; Spi374Start &rArr; SPI3_TransByte
</UL>
<BR>[Calls]<UL><LI><a href="#[61]">&gt;&gt;</a>&nbsp;&nbsp;&nbsp;CH374DiskConnect
<LI><a href="#[57]">&gt;&gt;</a>&nbsp;&nbsp;&nbsp;CH374DelaymS
<LI><a href="#[5a]">&gt;&gt;</a>&nbsp;&nbsp;&nbsp;CH374_WRITE_REGISTER
<LI><a href="#[68]">&gt;&gt;</a>&nbsp;&nbsp;&nbsp;CH374_WRITE_BLOCK_C
<LI><a href="#[58]">&gt;&gt;</a>&nbsp;&nbsp;&nbsp;CH374_READ_REGISTER
<LI><a href="#[6d]">&gt;&gt;</a>&nbsp;&nbsp;&nbsp;CH374s13
<LI><a href="#[6b]">&gt;&gt;</a>&nbsp;&nbsp;&nbsp;CH374BulkOnlyCmd
<LI><a href="#[67]">&gt;&gt;</a>&nbsp;&nbsp;&nbsp;CH374s23
<LI><a href="#[66]">&gt;&gt;</a>&nbsp;&nbsp;&nbsp;CH374EmbHubEnable
<LI><a href="#[64]">&gt;&gt;</a>&nbsp;&nbsp;&nbsp;CH374s05
<LI><a href="#[5e]">&gt;&gt;</a>&nbsp;&nbsp;&nbsp;CH374CtrlTransfer
<LI><a href="#[5b]">&gt;&gt;</a>&nbsp;&nbsp;&nbsp;CH374EmbHubAttach
<LI><a href="#[62]">&gt;&gt;</a>&nbsp;&nbsp;&nbsp;CH374s30
<LI><a href="#[63]">&gt;&gt;</a>&nbsp;&nbsp;&nbsp;CH374s31
<LI><a href="#[6e]">&gt;&gt;</a>&nbsp;&nbsp;&nbsp;CH374s27
</UL>
<BR>[Called By]<UL><LI><a href="#[90]">&gt;&gt;</a>&nbsp;&nbsp;&nbsp;CH374DiskSize
<LI><a href="#[89]">&gt;&gt;</a>&nbsp;&nbsp;&nbsp;CH374DiskReady
<LI><a href="#[79]">&gt;&gt;</a>&nbsp;&nbsp;&nbsp;CH374s08
</UL>

<P><STRONG><a name="[79]"></a>CH374s08</STRONG> (Thumb, 614 bytes, Stack size 24 bytes, CH374MAI.O(.text))
<BR><BR>[Stack]<UL><LI>Max Depth = 224<LI>Call Chain = CH374s08 &rArr; CH374s22 &rArr; CH374s13 &rArr; CH374BulkOnlyCmd &rArr; CH374s21 &rArr; CH374DiskConnect &rArr; CH374s30 &rArr; CH374CtrlTransfer &rArr; CH374HostTransact &rArr; xQueryInterrupt &rArr; CH374_READ_REGISTER &rArr; Spi374Start &rArr; SPI3_TransByte
</UL>
<BR>[Calls]<UL><LI><a href="#[78]">&gt;&gt;</a>&nbsp;&nbsp;&nbsp;CH374s22
<LI><a href="#[76]">&gt;&gt;</a>&nbsp;&nbsp;&nbsp;CH374s25
<LI><a href="#[70]">&gt;&gt;</a>&nbsp;&nbsp;&nbsp;CH374s06
<LI><a href="#[69]">&gt;&gt;</a>&nbsp;&nbsp;&nbsp;CH374s21
<LI><a href="#[64]">&gt;&gt;</a>&nbsp;&nbsp;&nbsp;CH374s05
<LI><a href="#[5f]">&gt;&gt;</a>&nbsp;&nbsp;&nbsp;CH374DirtyBuffer
<LI><a href="#[7a]">&gt;&gt;</a>&nbsp;&nbsp;&nbsp;CH374s01
<LI><a href="#[7b]">&gt;&gt;</a>&nbsp;&nbsp;&nbsp;CH374s02
</UL>
<BR>[Called By]<UL><LI><a href="#[81]">&gt;&gt;</a>&nbsp;&nbsp;&nbsp;CH374FileOpen
<LI><a href="#[92]">&gt;&gt;</a>&nbsp;&nbsp;&nbsp;CH374DiskQuery
</UL>

<P><STRONG><a name="[7c]"></a>CH374s09</STRONG> (Thumb, 56 bytes, Stack size 16 bytes, CH374MAI.O(.text))
<BR><BR>[Stack]<UL><LI>Max Depth = 216<LI>Call Chain = CH374s09 &rArr; CH374s07 &rArr; CH374s13 &rArr; CH374BulkOnlyCmd &rArr; CH374s21 &rArr; CH374DiskConnect &rArr; CH374s30 &rArr; CH374CtrlTransfer &rArr; CH374HostTransact &rArr; xQueryInterrupt &rArr; CH374_READ_REGISTER &rArr; Spi374Start &rArr; SPI3_TransByte
</UL>
<BR>[Calls]<UL><LI><a href="#[73]">&gt;&gt;</a>&nbsp;&nbsp;&nbsp;CH374s07
</UL>
<BR>[Called By]<UL><LI><a href="#[86]">&gt;&gt;</a>&nbsp;&nbsp;&nbsp;CH374FileCreate
<LI><a href="#[8f]">&gt;&gt;</a>&nbsp;&nbsp;&nbsp;CH374ByteWrite
<LI><a href="#[8b]">&gt;&gt;</a>&nbsp;&nbsp;&nbsp;CH374s20
<LI><a href="#[85]">&gt;&gt;</a>&nbsp;&nbsp;&nbsp;CH374FileErase
<LI><a href="#[7d]">&gt;&gt;</a>&nbsp;&nbsp;&nbsp;CH374s10
</UL>

<P><STRONG><a name="[7d]"></a>CH374s10</STRONG> (Thumb, 496 bytes, Stack size 24 bytes, CH374MAI.O(.text))
<BR><BR>[Stack]<UL><LI>Max Depth = 240<LI>Call Chain = CH374s10 &rArr; CH374s09 &rArr; CH374s07 &rArr; CH374s13 &rArr; CH374BulkOnlyCmd &rArr; CH374s21 &rArr; CH374DiskConnect &rArr; CH374s30 &rArr; CH374CtrlTransfer &rArr; CH374HostTransact &rArr; xQueryInterrupt &rArr; CH374_READ_REGISTER &rArr; Spi374Start &rArr; SPI3_TransByte
</UL>
<BR>[Calls]<UL><LI><a href="#[7c]">&gt;&gt;</a>&nbsp;&nbsp;&nbsp;CH374s09
<LI><a href="#[70]">&gt;&gt;</a>&nbsp;&nbsp;&nbsp;CH374s06
</UL>
<BR>[Called By]<UL><LI><a href="#[86]">&gt;&gt;</a>&nbsp;&nbsp;&nbsp;CH374FileCreate
<LI><a href="#[81]">&gt;&gt;</a>&nbsp;&nbsp;&nbsp;CH374FileOpen
<LI><a href="#[8f]">&gt;&gt;</a>&nbsp;&nbsp;&nbsp;CH374ByteWrite
<LI><a href="#[92]">&gt;&gt;</a>&nbsp;&nbsp;&nbsp;CH374DiskQuery
<LI><a href="#[8e]">&gt;&gt;</a>&nbsp;&nbsp;&nbsp;CH374ByteRead
<LI><a href="#[8a]">&gt;&gt;</a>&nbsp;&nbsp;&nbsp;CH374s19
<LI><a href="#[85]">&gt;&gt;</a>&nbsp;&nbsp;&nbsp;CH374FileErase
<LI><a href="#[7e]">&gt;&gt;</a>&nbsp;&nbsp;&nbsp;CH374s32
</UL>

<P><STRONG><a name="[7e]"></a>CH374s32</STRONG> (Thumb, 222 bytes, Stack size 24 bytes, CH374MAI.O(.text))
<BR><BR>[Stack]<UL><LI>Max Depth = 264<LI>Call Chain = CH374s32 &rArr; CH374s10 &rArr; CH374s09 &rArr; CH374s07 &rArr; CH374s13 &rArr; CH374BulkOnlyCmd &rArr; CH374s21 &rArr; CH374DiskConnect &rArr; CH374s30 &rArr; CH374CtrlTransfer &rArr; CH374HostTransact &rArr; xQueryInterrupt &rArr; CH374_READ_REGISTER &rArr; Spi374Start &rArr; SPI3_TransByte
</UL>
<BR>[Calls]<UL><LI><a href="#[7d]">&gt;&gt;</a>&nbsp;&nbsp;&nbsp;CH374s10
</UL>
<BR>[Called By]<UL><LI><a href="#[8b]">&gt;&gt;</a>&nbsp;&nbsp;&nbsp;CH374s20
<LI><a href="#[7f]">&gt;&gt;</a>&nbsp;&nbsp;&nbsp;CH374s11
</UL>

<P><STRONG><a name="[7f]"></a>CH374s11</STRONG> (Thumb, 22 bytes, Stack size 8 bytes, CH374MAI.O(.text))
<BR><BR>[Stack]<UL><LI>Max Depth = 272<LI>Call Chain = CH374s11 &rArr; CH374s32 &rArr; CH374s10 &rArr; CH374s09 &rArr; CH374s07 &rArr; CH374s13 &rArr; CH374BulkOnlyCmd &rArr; CH374s21 &rArr; CH374DiskConnect &rArr; CH374s30 &rArr; CH374CtrlTransfer &rArr; CH374HostTransact &rArr; xQueryInterrupt &rArr; CH374_READ_REGISTER &rArr; Spi374Start &rArr; SPI3_TransByte
</UL>
<BR>[Calls]<UL><LI><a href="#[7e]">&gt;&gt;</a>&nbsp;&nbsp;&nbsp;CH374s32
</UL>
<BR>[Called By]<UL><LI><a href="#[86]">&gt;&gt;</a>&nbsp;&nbsp;&nbsp;CH374FileCreate
<LI><a href="#[8f]">&gt;&gt;</a>&nbsp;&nbsp;&nbsp;CH374ByteWrite
</UL>

<P><STRONG><a name="[80]"></a>CH374s12</STRONG> (Thumb, 46 bytes, Stack size 8 bytes, CH374MAI.O(.text))
<BR><BR>[Stack]<UL><LI>Max Depth = 208<LI>Call Chain = CH374s12 &rArr; CH374s07 &rArr; CH374s13 &rArr; CH374BulkOnlyCmd &rArr; CH374s21 &rArr; CH374DiskConnect &rArr; CH374s30 &rArr; CH374CtrlTransfer &rArr; CH374HostTransact &rArr; xQueryInterrupt &rArr; CH374_READ_REGISTER &rArr; Spi374Start &rArr; SPI3_TransByte
</UL>
<BR>[Calls]<UL><LI><a href="#[73]">&gt;&gt;</a>&nbsp;&nbsp;&nbsp;CH374s07
<LI><a href="#[70]">&gt;&gt;</a>&nbsp;&nbsp;&nbsp;CH374s06
</UL>
<BR>[Called By]<UL><LI><a href="#[86]">&gt;&gt;</a>&nbsp;&nbsp;&nbsp;CH374FileCreate
<LI><a href="#[8f]">&gt;&gt;</a>&nbsp;&nbsp;&nbsp;CH374ByteWrite
<LI><a href="#[92]">&gt;&gt;</a>&nbsp;&nbsp;&nbsp;CH374DiskQuery
<LI><a href="#[85]">&gt;&gt;</a>&nbsp;&nbsp;&nbsp;CH374FileErase
</UL>

<P><STRONG><a name="[81]"></a>CH374FileOpen</STRONG> (Thumb, 748 bytes, Stack size 24 bytes, CH374MAI.O(.text))
<BR><BR>[Stack]<UL><LI>Max Depth = 264<LI>Call Chain = CH374FileOpen &rArr; CH374s10 &rArr; CH374s09 &rArr; CH374s07 &rArr; CH374s13 &rArr; CH374BulkOnlyCmd &rArr; CH374s21 &rArr; CH374DiskConnect &rArr; CH374s30 &rArr; CH374CtrlTransfer &rArr; CH374HostTransact &rArr; xQueryInterrupt &rArr; CH374_READ_REGISTER &rArr; Spi374Start &rArr; SPI3_TransByte
</UL>
<BR>[Calls]<UL><LI><a href="#[82]">&gt;&gt;</a>&nbsp;&nbsp;&nbsp;xFileNameEnumer
<LI><a href="#[7d]">&gt;&gt;</a>&nbsp;&nbsp;&nbsp;CH374s10
<LI><a href="#[79]">&gt;&gt;</a>&nbsp;&nbsp;&nbsp;CH374s08
<LI><a href="#[70]">&gt;&gt;</a>&nbsp;&nbsp;&nbsp;CH374s06
<LI><a href="#[64]">&gt;&gt;</a>&nbsp;&nbsp;&nbsp;CH374s05
</UL>
<BR>[Called By]<UL><LI><a href="#[86]">&gt;&gt;</a>&nbsp;&nbsp;&nbsp;CH374FileCreate
<LI><a href="#[85]">&gt;&gt;</a>&nbsp;&nbsp;&nbsp;CH374FileErase
</UL>

<P><STRONG><a name="[83]"></a>CH374s15</STRONG> (Thumb, 54 bytes, Stack size 8 bytes, CH374MAI.O(.text))
<BR><BR>[Stack]<UL><LI>Max Depth = 208<LI>Call Chain = CH374s15 &rArr; CH374s07 &rArr; CH374s13 &rArr; CH374BulkOnlyCmd &rArr; CH374s21 &rArr; CH374DiskConnect &rArr; CH374s30 &rArr; CH374CtrlTransfer &rArr; CH374HostTransact &rArr; xQueryInterrupt &rArr; CH374_READ_REGISTER &rArr; Spi374Start &rArr; SPI3_TransByte
</UL>
<BR>[Calls]<UL><LI><a href="#[73]">&gt;&gt;</a>&nbsp;&nbsp;&nbsp;CH374s07
<LI><a href="#[70]">&gt;&gt;</a>&nbsp;&nbsp;&nbsp;CH374s06
</UL>
<BR>[Called By]<UL><LI><a href="#[84]">&gt;&gt;</a>&nbsp;&nbsp;&nbsp;CH374FileClose
<LI><a href="#[8f]">&gt;&gt;</a>&nbsp;&nbsp;&nbsp;CH374ByteWrite
</UL>

<P><STRONG><a name="[84]"></a>CH374FileClose</STRONG> (Thumb, 98 bytes, Stack size 8 bytes, CH374MAI.O(.text))
<BR><BR>[Stack]<UL><LI>Max Depth = 216<LI>Call Chain = CH374FileClose &rArr; CH374s15 &rArr; CH374s07 &rArr; CH374s13 &rArr; CH374BulkOnlyCmd &rArr; CH374s21 &rArr; CH374DiskConnect &rArr; CH374s30 &rArr; CH374CtrlTransfer &rArr; CH374HostTransact &rArr; xQueryInterrupt &rArr; CH374_READ_REGISTER &rArr; Spi374Start &rArr; SPI3_TransByte
</UL>
<BR>[Calls]<UL><LI><a href="#[83]">&gt;&gt;</a>&nbsp;&nbsp;&nbsp;CH374s15
<LI><a href="#[64]">&gt;&gt;</a>&nbsp;&nbsp;&nbsp;CH374s05
</UL>
<BR>[Called By]<UL><LI><a href="#[54]">&gt;&gt;</a>&nbsp;&nbsp;&nbsp;Udisk_task
</UL>

<P><STRONG><a name="[85]"></a>CH374FileErase</STRONG> (Thumb, 118 bytes, Stack size 8 bytes, CH374MAI.O(.text))
<BR><BR>[Stack]<UL><LI>Max Depth = 272<LI>Call Chain = CH374FileErase &rArr; CH374FileOpen &rArr; CH374s10 &rArr; CH374s09 &rArr; CH374s07 &rArr; CH374s13 &rArr; CH374BulkOnlyCmd &rArr; CH374s21 &rArr; CH374DiskConnect &rArr; CH374s30 &rArr; CH374CtrlTransfer &rArr; CH374HostTransact &rArr; xQueryInterrupt &rArr; CH374_READ_REGISTER &rArr; Spi374Start &rArr; SPI3_TransByte
</UL>
<BR>[Calls]<UL><LI><a href="#[81]">&gt;&gt;</a>&nbsp;&nbsp;&nbsp;CH374FileOpen
<LI><a href="#[80]">&gt;&gt;</a>&nbsp;&nbsp;&nbsp;CH374s12
<LI><a href="#[7d]">&gt;&gt;</a>&nbsp;&nbsp;&nbsp;CH374s10
<LI><a href="#[7c]">&gt;&gt;</a>&nbsp;&nbsp;&nbsp;CH374s09
<LI><a href="#[73]">&gt;&gt;</a>&nbsp;&nbsp;&nbsp;CH374s07
<LI><a href="#[70]">&gt;&gt;</a>&nbsp;&nbsp;&nbsp;CH374s06
<LI><a href="#[64]">&gt;&gt;</a>&nbsp;&nbsp;&nbsp;CH374s05
</UL>
<BR>[Called By]<UL><LI><a href="#[86]">&gt;&gt;</a>&nbsp;&nbsp;&nbsp;CH374FileCreate
</UL>

<P><STRONG><a name="[87]"></a>CH374s14</STRONG> (Thumb, 24 bytes, Stack size 0 bytes, CH374MAI.O(.text))
<BR><BR>[Called By]<UL><LI><a href="#[86]">&gt;&gt;</a>&nbsp;&nbsp;&nbsp;CH374FileCreate
<LI><a href="#[8f]">&gt;&gt;</a>&nbsp;&nbsp;&nbsp;CH374ByteWrite
<LI><a href="#[8e]">&gt;&gt;</a>&nbsp;&nbsp;&nbsp;CH374ByteRead
<LI><a href="#[8a]">&gt;&gt;</a>&nbsp;&nbsp;&nbsp;CH374s19
</UL>

<P><STRONG><a name="[86]"></a>CH374FileCreate</STRONG> (Thumb, 454 bytes, Stack size 24 bytes, CH374MAI.O(.text))
<BR><BR>[Stack]<UL><LI>Max Depth = 296<LI>Call Chain = CH374FileCreate &rArr; CH374FileErase &rArr; CH374FileOpen &rArr; CH374s10 &rArr; CH374s09 &rArr; CH374s07 &rArr; CH374s13 &rArr; CH374BulkOnlyCmd &rArr; CH374s21 &rArr; CH374DiskConnect &rArr; CH374s30 &rArr; CH374CtrlTransfer &rArr; CH374HostTransact &rArr; xQueryInterrupt &rArr; CH374_READ_REGISTER &rArr; Spi374Start &rArr; SPI3_TransByte
</UL>
<BR>[Calls]<UL><LI><a href="#[81]">&gt;&gt;</a>&nbsp;&nbsp;&nbsp;CH374FileOpen
<LI><a href="#[58]">&gt;&gt;</a>&nbsp;&nbsp;&nbsp;CH374_READ_REGISTER
<LI><a href="#[87]">&gt;&gt;</a>&nbsp;&nbsp;&nbsp;CH374s14
<LI><a href="#[85]">&gt;&gt;</a>&nbsp;&nbsp;&nbsp;CH374FileErase
<LI><a href="#[80]">&gt;&gt;</a>&nbsp;&nbsp;&nbsp;CH374s12
<LI><a href="#[7f]">&gt;&gt;</a>&nbsp;&nbsp;&nbsp;CH374s11
<LI><a href="#[7d]">&gt;&gt;</a>&nbsp;&nbsp;&nbsp;CH374s10
<LI><a href="#[7c]">&gt;&gt;</a>&nbsp;&nbsp;&nbsp;CH374s09
<LI><a href="#[73]">&gt;&gt;</a>&nbsp;&nbsp;&nbsp;CH374s07
<LI><a href="#[70]">&gt;&gt;</a>&nbsp;&nbsp;&nbsp;CH374s06
<LI><a href="#[64]">&gt;&gt;</a>&nbsp;&nbsp;&nbsp;CH374s05
<LI><a href="#[5f]">&gt;&gt;</a>&nbsp;&nbsp;&nbsp;CH374DirtyBuffer
</UL>
<BR>[Called By]<UL><LI><a href="#[54]">&gt;&gt;</a>&nbsp;&nbsp;&nbsp;Udisk_task
</UL>

<P><STRONG><a name="[88]"></a>CH374FileModify</STRONG> (Thumb, 132 bytes, Stack size 24 bytes, CH374MAI.O(.text), UNUSED)
<BR><BR>[Calls]<UL><LI><a href="#[73]">&gt;&gt;</a>&nbsp;&nbsp;&nbsp;CH374s07
<LI><a href="#[70]">&gt;&gt;</a>&nbsp;&nbsp;&nbsp;CH374s06
</UL>

<P><STRONG><a name="[89]"></a>CH374DiskReady</STRONG> (Thumb, 84 bytes, Stack size 8 bytes, CH374MAI.O(.text))
<BR><BR>[Stack]<UL><LI>Max Depth = 208<LI>Call Chain = CH374DiskReady &rArr; CH374s22 &rArr; CH374s13 &rArr; CH374BulkOnlyCmd &rArr; CH374s21 &rArr; CH374DiskConnect &rArr; CH374s30 &rArr; CH374CtrlTransfer &rArr; CH374HostTransact &rArr; xQueryInterrupt &rArr; CH374_READ_REGISTER &rArr; Spi374Start &rArr; SPI3_TransByte
</UL>
<BR>[Calls]<UL><LI><a href="#[61]">&gt;&gt;</a>&nbsp;&nbsp;&nbsp;CH374DiskConnect
<LI><a href="#[57]">&gt;&gt;</a>&nbsp;&nbsp;&nbsp;CH374DelaymS
<LI><a href="#[78]">&gt;&gt;</a>&nbsp;&nbsp;&nbsp;CH374s22
<LI><a href="#[76]">&gt;&gt;</a>&nbsp;&nbsp;&nbsp;CH374s25
<LI><a href="#[6d]">&gt;&gt;</a>&nbsp;&nbsp;&nbsp;CH374s13
<LI><a href="#[6b]">&gt;&gt;</a>&nbsp;&nbsp;&nbsp;CH374BulkOnlyCmd
<LI><a href="#[77]">&gt;&gt;</a>&nbsp;&nbsp;&nbsp;CH374s26
<LI><a href="#[6e]">&gt;&gt;</a>&nbsp;&nbsp;&nbsp;CH374s27
</UL>
<BR>[Called By]<UL><LI><a href="#[54]">&gt;&gt;</a>&nbsp;&nbsp;&nbsp;Udisk_task
</UL>

<P><STRONG><a name="[8a]"></a>CH374s19</STRONG> (Thumb, 108 bytes, Stack size 16 bytes, CH374MAI.O(.text), UNUSED)
<BR><BR>[Calls]<UL><LI><a href="#[87]">&gt;&gt;</a>&nbsp;&nbsp;&nbsp;CH374s14
<LI><a href="#[7d]">&gt;&gt;</a>&nbsp;&nbsp;&nbsp;CH374s10
</UL>
<BR>[Called By]<UL><LI><a href="#[8d]">&gt;&gt;</a>&nbsp;&nbsp;&nbsp;CH374ByteLocate
</UL>

<P><STRONG><a name="[8b]"></a>CH374s20</STRONG> (Thumb, 82 bytes, Stack size 8 bytes, CH374MAI.O(.text))
<BR><BR>[Stack]<UL><LI>Max Depth = 272<LI>Call Chain = CH374s20 &rArr; CH374s32 &rArr; CH374s10 &rArr; CH374s09 &rArr; CH374s07 &rArr; CH374s13 &rArr; CH374BulkOnlyCmd &rArr; CH374s21 &rArr; CH374DiskConnect &rArr; CH374s30 &rArr; CH374CtrlTransfer &rArr; CH374HostTransact &rArr; xQueryInterrupt &rArr; CH374_READ_REGISTER &rArr; Spi374Start &rArr; SPI3_TransByte
</UL>
<BR>[Calls]<UL><LI><a href="#[7e]">&gt;&gt;</a>&nbsp;&nbsp;&nbsp;CH374s32
<LI><a href="#[7c]">&gt;&gt;</a>&nbsp;&nbsp;&nbsp;CH374s09
<LI><a href="#[73]">&gt;&gt;</a>&nbsp;&nbsp;&nbsp;CH374s07
<LI><a href="#[70]">&gt;&gt;</a>&nbsp;&nbsp;&nbsp;CH374s06
</UL>
<BR>[Called By]<UL><LI><a href="#[8f]">&gt;&gt;</a>&nbsp;&nbsp;&nbsp;CH374ByteWrite
</UL>

<P><STRONG><a name="[8d]"></a>CH374ByteLocate</STRONG> (Thumb, 58 bytes, Stack size 8 bytes, CH374BYT.O(.text), UNUSED)
<BR><BR>[Calls]<UL><LI><a href="#[8c]">&gt;&gt;</a>&nbsp;&nbsp;&nbsp;CH374s16
<LI><a href="#[8a]">&gt;&gt;</a>&nbsp;&nbsp;&nbsp;CH374s19
</UL>

<P><STRONG><a name="[8e]"></a>CH374ByteRead</STRONG> (Thumb, 260 bytes, Stack size 24 bytes, CH374BYT.O(.text), UNUSED)
<BR><BR>[Calls]<UL><LI><a href="#[8c]">&gt;&gt;</a>&nbsp;&nbsp;&nbsp;CH374s16
<LI><a href="#[87]">&gt;&gt;</a>&nbsp;&nbsp;&nbsp;CH374s14
<LI><a href="#[7d]">&gt;&gt;</a>&nbsp;&nbsp;&nbsp;CH374s10
<LI><a href="#[70]">&gt;&gt;</a>&nbsp;&nbsp;&nbsp;CH374s06
</UL>

<P><STRONG><a name="[8f]"></a>CH374ByteWrite</STRONG> (Thumb, 358 bytes, Stack size 24 bytes, CH374BYT.O(.text))
<BR><BR>[Stack]<UL><LI>Max Depth = 296<LI>Call Chain = CH374ByteWrite &rArr; CH374s20 &rArr; CH374s32 &rArr; CH374s10 &rArr; CH374s09 &rArr; CH374s07 &rArr; CH374s13 &rArr; CH374BulkOnlyCmd &rArr; CH374s21 &rArr; CH374DiskConnect &rArr; CH374s30 &rArr; CH374CtrlTransfer &rArr; CH374HostTransact &rArr; xQueryInterrupt &rArr; CH374_READ_REGISTER &rArr; Spi374Start &rArr; SPI3_TransByte
</UL>
<BR>[Calls]<UL><LI><a href="#[8c]">&gt;&gt;</a>&nbsp;&nbsp;&nbsp;CH374s16
<LI><a href="#[8b]">&gt;&gt;</a>&nbsp;&nbsp;&nbsp;CH374s20
<LI><a href="#[87]">&gt;&gt;</a>&nbsp;&nbsp;&nbsp;CH374s14
<LI><a href="#[83]">&gt;&gt;</a>&nbsp;&nbsp;&nbsp;CH374s15
<LI><a href="#[80]">&gt;&gt;</a>&nbsp;&nbsp;&nbsp;CH374s12
<LI><a href="#[7f]">&gt;&gt;</a>&nbsp;&nbsp;&nbsp;CH374s11
<LI><a href="#[7d]">&gt;&gt;</a>&nbsp;&nbsp;&nbsp;CH374s10
<LI><a href="#[7c]">&gt;&gt;</a>&nbsp;&nbsp;&nbsp;CH374s09
<LI><a href="#[73]">&gt;&gt;</a>&nbsp;&nbsp;&nbsp;CH374s07
<LI><a href="#[70]">&gt;&gt;</a>&nbsp;&nbsp;&nbsp;CH374s06
</UL>
<BR>[Called By]<UL><LI><a href="#[17c]">&gt;&gt;</a>&nbsp;&nbsp;&nbsp;formationStr
</UL>

<P><STRONG><a name="[90]"></a>CH374DiskSize</STRONG> (Thumb, 68 bytes, Stack size 8 bytes, CH374DSZ.O(.text))
<BR><BR>[Stack]<UL><LI>Max Depth = 208<LI>Call Chain = CH374DiskSize &rArr; CH374s22 &rArr; CH374s13 &rArr; CH374BulkOnlyCmd &rArr; CH374s21 &rArr; CH374DiskConnect &rArr; CH374s30 &rArr; CH374CtrlTransfer &rArr; CH374HostTransact &rArr; xQueryInterrupt &rArr; CH374_READ_REGISTER &rArr; Spi374Start &rArr; SPI3_TransByte
</UL>
<BR>[Calls]<UL><LI><a href="#[61]">&gt;&gt;</a>&nbsp;&nbsp;&nbsp;CH374DiskConnect
<LI><a href="#[78]">&gt;&gt;</a>&nbsp;&nbsp;&nbsp;CH374s22
<LI><a href="#[76]">&gt;&gt;</a>&nbsp;&nbsp;&nbsp;CH374s25
<LI><a href="#[6d]">&gt;&gt;</a>&nbsp;&nbsp;&nbsp;CH374s13
<LI><a href="#[91]">&gt;&gt;</a>&nbsp;&nbsp;&nbsp;__aeabi_uread4
</UL>
<BR>[Called By]<UL><LI><a href="#[54]">&gt;&gt;</a>&nbsp;&nbsp;&nbsp;Udisk_task
</UL>

<P><STRONG><a name="[92]"></a>CH374DiskQuery</STRONG> (Thumb, 198 bytes, Stack size 24 bytes, CH374DSZ.O(.text), UNUSED)
<BR><BR>[Calls]<UL><LI><a href="#[61]">&gt;&gt;</a>&nbsp;&nbsp;&nbsp;CH374DiskConnect
<LI><a href="#[80]">&gt;&gt;</a>&nbsp;&nbsp;&nbsp;CH374s12
<LI><a href="#[7d]">&gt;&gt;</a>&nbsp;&nbsp;&nbsp;CH374s10
<LI><a href="#[79]">&gt;&gt;</a>&nbsp;&nbsp;&nbsp;CH374s08
<LI><a href="#[70]">&gt;&gt;</a>&nbsp;&nbsp;&nbsp;CH374s06
<LI><a href="#[64]">&gt;&gt;</a>&nbsp;&nbsp;&nbsp;CH374s05
</UL>

<P><STRONG><a name="[185]"></a>__aeabi_memcpy</STRONG> (Thumb, 36 bytes, Stack size 0 bytes, memcpya.o(.text))
<BR><BR>[Called By]<UL><LI><a href="#[17c]">&gt;&gt;</a>&nbsp;&nbsp;&nbsp;formationStr
</UL>

<P><STRONG><a name="[e6]"></a>__aeabi_memcpy4</STRONG> (Thumb, 0 bytes, Stack size 0 bytes, memcpya.o(.text))
<BR><BR>[Called By]<UL><LI><a href="#[eb]">&gt;&gt;</a>&nbsp;&nbsp;&nbsp;Get_Flash_Parameters
<LI><a href="#[52]">&gt;&gt;</a>&nbsp;&nbsp;&nbsp;Flash_task
<LI><a href="#[c7]">&gt;&gt;</a>&nbsp;&nbsp;&nbsp;GetCRC16
</UL>

<P><STRONG><a name="[18d]"></a>__aeabi_memcpy8</STRONG> (Thumb, 0 bytes, Stack size 0 bytes, memcpya.o(.text), UNUSED)

<P><STRONG><a name="[94]"></a>__aeabi_memset</STRONG> (Thumb, 14 bytes, Stack size 0 bytes, memseta.o(.text))
<BR><BR>[Called By]<UL><LI><a href="#[17b]">&gt;&gt;</a>&nbsp;&nbsp;&nbsp;WriteTail
<LI><a href="#[95]">&gt;&gt;</a>&nbsp;&nbsp;&nbsp;_memset$wrapper
<LI><a href="#[93]">&gt;&gt;</a>&nbsp;&nbsp;&nbsp;__aeabi_memclr
</UL>

<P><STRONG><a name="[18e]"></a>__aeabi_memset4</STRONG> (Thumb, 0 bytes, Stack size 0 bytes, memseta.o(.text), UNUSED)

<P><STRONG><a name="[18f]"></a>__aeabi_memset8</STRONG> (Thumb, 0 bytes, Stack size 0 bytes, memseta.o(.text), UNUSED)

<P><STRONG><a name="[93]"></a>__aeabi_memclr</STRONG> (Thumb, 4 bytes, Stack size 0 bytes, memseta.o(.text))
<BR><BR>[Calls]<UL><LI><a href="#[94]">&gt;&gt;</a>&nbsp;&nbsp;&nbsp;__aeabi_memset
</UL>
<BR>[Called By]<UL><LI><a href="#[bc]">&gt;&gt;</a>&nbsp;&nbsp;&nbsp;Data_Record_Storage
</UL>

<P><STRONG><a name="[cc]"></a>__aeabi_memclr4</STRONG> (Thumb, 0 bytes, Stack size 0 bytes, memseta.o(.text))
<BR><BR>[Called By]<UL><LI><a href="#[17b]">&gt;&gt;</a>&nbsp;&nbsp;&nbsp;WriteTail
<LI><a href="#[df]">&gt;&gt;</a>&nbsp;&nbsp;&nbsp;Flash_Model_parameters
<LI><a href="#[eb]">&gt;&gt;</a>&nbsp;&nbsp;&nbsp;Get_Flash_Parameters
<LI><a href="#[15e]">&gt;&gt;</a>&nbsp;&nbsp;&nbsp;StructToStr
<LI><a href="#[cb]">&gt;&gt;</a>&nbsp;&nbsp;&nbsp;Driver_SendChardata
</UL>

<P><STRONG><a name="[190]"></a>__aeabi_memclr8</STRONG> (Thumb, 0 bytes, Stack size 0 bytes, memseta.o(.text), UNUSED)

<P><STRONG><a name="[95]"></a>_memset$wrapper</STRONG> (Thumb, 18 bytes, Stack size 8 bytes, memseta.o(.text), UNUSED)
<BR><BR>[Calls]<UL><LI><a href="#[94]">&gt;&gt;</a>&nbsp;&nbsp;&nbsp;__aeabi_memset
</UL>

<P><STRONG><a name="[bd]"></a>strncpy</STRONG> (Thumb, 24 bytes, Stack size 8 bytes, strncpy.o(.text))
<BR><BR>[Stack]<UL><LI>Max Depth = 8<LI>Call Chain = strncpy
</UL>
<BR>[Called By]<UL><LI><a href="#[16a]">&gt;&gt;</a>&nbsp;&nbsp;&nbsp;TypeC_UartDriver
<LI><a href="#[bc]">&gt;&gt;</a>&nbsp;&nbsp;&nbsp;Data_Record_Storage
<LI><a href="#[15e]">&gt;&gt;</a>&nbsp;&nbsp;&nbsp;StructToStr
</UL>

<P><STRONG><a name="[160]"></a>strlen</STRONG> (Thumb, 14 bytes, Stack size 0 bytes, strlen.o(.text))
<BR><BR>[Called By]<UL><LI><a href="#[17b]">&gt;&gt;</a>&nbsp;&nbsp;&nbsp;WriteTail
<LI><a href="#[15e]">&gt;&gt;</a>&nbsp;&nbsp;&nbsp;StructToStr
</UL>

<P><STRONG><a name="[16c]"></a>strcmp</STRONG> (Thumb, 28 bytes, Stack size 8 bytes, strcmp.o(.text))
<BR><BR>[Stack]<UL><LI>Max Depth = 8<LI>Call Chain = strcmp
</UL>
<BR>[Called By]<UL><LI><a href="#[16a]">&gt;&gt;</a>&nbsp;&nbsp;&nbsp;TypeC_UartDriver
</UL>

<P><STRONG><a name="[91]"></a>__aeabi_uread4</STRONG> (Thumb, 20 bytes, Stack size 0 bytes, uread4.o(.text))
<BR><BR>[Called By]<UL><LI><a href="#[90]">&gt;&gt;</a>&nbsp;&nbsp;&nbsp;CH374DiskSize
</UL>

<P><STRONG><a name="[191]"></a>__rt_uread4</STRONG> (Thumb, 0 bytes, Stack size 0 bytes, uread4.o(.text), UNUSED)

<P><STRONG><a name="[192]"></a>_uread4</STRONG> (Thumb, 0 bytes, Stack size 0 bytes, uread4.o(.text), UNUSED)

<P><STRONG><a name="[96]"></a>__aeabi_fadd</STRONG> (Thumb, 164 bytes, Stack size 16 bytes, fadd.o(.text))
<BR><BR>[Stack]<UL><LI>Max Depth = 20<LI>Call Chain = __aeabi_fadd &rArr; _float_epilogue
</UL>
<BR>[Calls]<UL><LI><a href="#[98]">&gt;&gt;</a>&nbsp;&nbsp;&nbsp;_float_round
<LI><a href="#[97]">&gt;&gt;</a>&nbsp;&nbsp;&nbsp;_float_epilogue
</UL>
<BR>[Called By]<UL><LI><a href="#[176]">&gt;&gt;</a>&nbsp;&nbsp;&nbsp;UartDriver
<LI><a href="#[9a]">&gt;&gt;</a>&nbsp;&nbsp;&nbsp;__aeabi_frsub
<LI><a href="#[99]">&gt;&gt;</a>&nbsp;&nbsp;&nbsp;__aeabi_fsub
</UL>

<P><STRONG><a name="[99]"></a>__aeabi_fsub</STRONG> (Thumb, 6 bytes, Stack size 0 bytes, fadd.o(.text), UNUSED)
<BR><BR>[Calls]<UL><LI><a href="#[96]">&gt;&gt;</a>&nbsp;&nbsp;&nbsp;__aeabi_fadd
</UL>

<P><STRONG><a name="[9a]"></a>__aeabi_frsub</STRONG> (Thumb, 6 bytes, Stack size 0 bytes, fadd.o(.text), UNUSED)
<BR><BR>[Calls]<UL><LI><a href="#[96]">&gt;&gt;</a>&nbsp;&nbsp;&nbsp;__aeabi_fadd
</UL>

<P><STRONG><a name="[e7]"></a>__aeabi_fmul</STRONG> (Thumb, 100 bytes, Stack size 8 bytes, fmul.o(.text))
<BR><BR>[Stack]<UL><LI>Max Depth = 8<LI>Call Chain = __aeabi_fmul
</UL>
<BR>[Called By]<UL><LI><a href="#[c1]">&gt;&gt;</a>&nbsp;&nbsp;&nbsp;Get_ActualTorque
<LI><a href="#[f9]">&gt;&gt;</a>&nbsp;&nbsp;&nbsp;HIM_MaxTorque_display
<LI><a href="#[ee]">&gt;&gt;</a>&nbsp;&nbsp;&nbsp;Get_GearTorqueValue
<LI><a href="#[50]">&gt;&gt;</a>&nbsp;&nbsp;&nbsp;HIM_task
</UL>

<P><STRONG><a name="[9b]"></a>__aeabi_fdiv</STRONG> (Thumb, 124 bytes, Stack size 8 bytes, fdiv.o(.text))
<BR><BR>[Stack]<UL><LI>Max Depth = 8<LI>Call Chain = __aeabi_fdiv
</UL>
<BR>[Calls]<UL><LI><a href="#[98]">&gt;&gt;</a>&nbsp;&nbsp;&nbsp;_float_round
</UL>
<BR>[Called By]<UL><LI><a href="#[50]">&gt;&gt;</a>&nbsp;&nbsp;&nbsp;HIM_task
</UL>

<P><STRONG><a name="[9c]"></a>__aeabi_dadd</STRONG> (Thumb, 322 bytes, Stack size 48 bytes, dadd.o(.text))
<BR><BR>[Stack]<UL><LI>Max Depth = 88<LI>Call Chain = __aeabi_dadd &rArr; _double_epilogue &rArr; _double_round
</UL>
<BR>[Calls]<UL><LI><a href="#[9e]">&gt;&gt;</a>&nbsp;&nbsp;&nbsp;__aeabi_lasr
<LI><a href="#[9d]">&gt;&gt;</a>&nbsp;&nbsp;&nbsp;__aeabi_llsl
<LI><a href="#[a0]">&gt;&gt;</a>&nbsp;&nbsp;&nbsp;_double_round
<LI><a href="#[9f]">&gt;&gt;</a>&nbsp;&nbsp;&nbsp;_double_epilogue
</UL>
<BR>[Called By]<UL><LI><a href="#[c1]">&gt;&gt;</a>&nbsp;&nbsp;&nbsp;Get_ActualTorque
<LI><a href="#[176]">&gt;&gt;</a>&nbsp;&nbsp;&nbsp;UartDriver
<LI><a href="#[f9]">&gt;&gt;</a>&nbsp;&nbsp;&nbsp;HIM_MaxTorque_display
<LI><a href="#[c0]">&gt;&gt;</a>&nbsp;&nbsp;&nbsp;Get_TargetTorque
<LI><a href="#[ee]">&gt;&gt;</a>&nbsp;&nbsp;&nbsp;Get_GearTorqueValue
<LI><a href="#[c3]">&gt;&gt;</a>&nbsp;&nbsp;&nbsp;Get_GearTorque
<LI><a href="#[50]">&gt;&gt;</a>&nbsp;&nbsp;&nbsp;HIM_task
<LI><a href="#[a2]">&gt;&gt;</a>&nbsp;&nbsp;&nbsp;__aeabi_drsub
<LI><a href="#[a1]">&gt;&gt;</a>&nbsp;&nbsp;&nbsp;__aeabi_dsub
</UL>

<P><STRONG><a name="[a1]"></a>__aeabi_dsub</STRONG> (Thumb, 6 bytes, Stack size 0 bytes, dadd.o(.text), UNUSED)
<BR><BR>[Calls]<UL><LI><a href="#[9c]">&gt;&gt;</a>&nbsp;&nbsp;&nbsp;__aeabi_dadd
</UL>

<P><STRONG><a name="[a2]"></a>__aeabi_drsub</STRONG> (Thumb, 6 bytes, Stack size 0 bytes, dadd.o(.text), UNUSED)
<BR><BR>[Calls]<UL><LI><a href="#[9c]">&gt;&gt;</a>&nbsp;&nbsp;&nbsp;__aeabi_dadd
</UL>

<P><STRONG><a name="[a3]"></a>__aeabi_dmul</STRONG> (Thumb, 228 bytes, Stack size 48 bytes, dmul.o(.text))
<BR><BR>[Stack]<UL><LI>Max Depth = 88<LI>Call Chain = __aeabi_dmul &rArr; _double_epilogue &rArr; _double_round
</UL>
<BR>[Calls]<UL><LI><a href="#[9f]">&gt;&gt;</a>&nbsp;&nbsp;&nbsp;_double_epilogue
</UL>
<BR>[Called By]<UL><LI><a href="#[be]">&gt;&gt;</a>&nbsp;&nbsp;&nbsp;Get_Pressure
<LI><a href="#[fa]">&gt;&gt;</a>&nbsp;&nbsp;&nbsp;HIM_Pressure_display
<LI><a href="#[bc]">&gt;&gt;</a>&nbsp;&nbsp;&nbsp;Data_Record_Storage
</UL>

<P><STRONG><a name="[a4]"></a>__aeabi_ddiv</STRONG> (Thumb, 222 bytes, Stack size 32 bytes, ddiv.o(.text))
<BR><BR>[Stack]<UL><LI>Max Depth = 40<LI>Call Chain = __aeabi_ddiv &rArr; _double_round
</UL>
<BR>[Calls]<UL><LI><a href="#[a0]">&gt;&gt;</a>&nbsp;&nbsp;&nbsp;_double_round
</UL>
<BR>[Called By]<UL><LI><a href="#[c1]">&gt;&gt;</a>&nbsp;&nbsp;&nbsp;Get_ActualTorque
<LI><a href="#[176]">&gt;&gt;</a>&nbsp;&nbsp;&nbsp;UartDriver
<LI><a href="#[f9]">&gt;&gt;</a>&nbsp;&nbsp;&nbsp;HIM_MaxTorque_display
<LI><a href="#[c0]">&gt;&gt;</a>&nbsp;&nbsp;&nbsp;Get_TargetTorque
<LI><a href="#[ee]">&gt;&gt;</a>&nbsp;&nbsp;&nbsp;Get_GearTorqueValue
<LI><a href="#[c3]">&gt;&gt;</a>&nbsp;&nbsp;&nbsp;Get_GearTorque
<LI><a href="#[50]">&gt;&gt;</a>&nbsp;&nbsp;&nbsp;HIM_task
</UL>

<P><STRONG><a name="[a5]"></a>__aeabi_i2f</STRONG> (Thumb, 18 bytes, Stack size 0 bytes, fflti.o(.text))
<BR><BR>[Stack]<UL><LI>Max Depth = 4<LI>Call Chain = __aeabi_i2f &rArr; _float_epilogue
</UL>
<BR>[Calls]<UL><LI><a href="#[97]">&gt;&gt;</a>&nbsp;&nbsp;&nbsp;_float_epilogue
</UL>
<BR>[Called By]<UL><LI><a href="#[bc]">&gt;&gt;</a>&nbsp;&nbsp;&nbsp;Data_Record_Storage
<LI><a href="#[50]">&gt;&gt;</a>&nbsp;&nbsp;&nbsp;HIM_task
</UL>

<P><STRONG><a name="[a6]"></a>__aeabi_ui2f</STRONG> (Thumb, 10 bytes, Stack size 0 bytes, ffltui.o(.text))
<BR><BR>[Stack]<UL><LI>Max Depth = 4<LI>Call Chain = __aeabi_ui2f &rArr; _float_epilogue
</UL>
<BR>[Calls]<UL><LI><a href="#[97]">&gt;&gt;</a>&nbsp;&nbsp;&nbsp;_float_epilogue
</UL>
<BR>[Called By]<UL><LI><a href="#[ee]">&gt;&gt;</a>&nbsp;&nbsp;&nbsp;Get_GearTorqueValue
</UL>

<P><STRONG><a name="[a7]"></a>__aeabi_i2d</STRONG> (Thumb, 34 bytes, Stack size 16 bytes, dflti.o(.text))
<BR><BR>[Stack]<UL><LI>Max Depth = 56<LI>Call Chain = __aeabi_i2d &rArr; _double_epilogue &rArr; _double_round
</UL>
<BR>[Calls]<UL><LI><a href="#[9f]">&gt;&gt;</a>&nbsp;&nbsp;&nbsp;_double_epilogue
</UL>
<BR>[Called By]<UL><LI><a href="#[176]">&gt;&gt;</a>&nbsp;&nbsp;&nbsp;UartDriver
<LI><a href="#[50]">&gt;&gt;</a>&nbsp;&nbsp;&nbsp;HIM_task
</UL>

<P><STRONG><a name="[a8]"></a>__aeabi_ui2d</STRONG> (Thumb, 26 bytes, Stack size 16 bytes, dfltui.o(.text))
<BR><BR>[Stack]<UL><LI>Max Depth = 56<LI>Call Chain = __aeabi_ui2d &rArr; _double_epilogue &rArr; _double_round
</UL>
<BR>[Calls]<UL><LI><a href="#[9f]">&gt;&gt;</a>&nbsp;&nbsp;&nbsp;_double_epilogue
</UL>
<BR>[Called By]<UL><LI><a href="#[c1]">&gt;&gt;</a>&nbsp;&nbsp;&nbsp;Get_ActualTorque
<LI><a href="#[f9]">&gt;&gt;</a>&nbsp;&nbsp;&nbsp;HIM_MaxTorque_display
<LI><a href="#[c0]">&gt;&gt;</a>&nbsp;&nbsp;&nbsp;Get_TargetTorque
<LI><a href="#[ee]">&gt;&gt;</a>&nbsp;&nbsp;&nbsp;Get_GearTorqueValue
<LI><a href="#[c3]">&gt;&gt;</a>&nbsp;&nbsp;&nbsp;Get_GearTorque
<LI><a href="#[50]">&gt;&gt;</a>&nbsp;&nbsp;&nbsp;HIM_task
</UL>

<P><STRONG><a name="[bf]"></a>__aeabi_f2uiz</STRONG> (Thumb, 40 bytes, Stack size 0 bytes, ffixui.o(.text))
<BR><BR>[Called By]<UL><LI><a href="#[f9]">&gt;&gt;</a>&nbsp;&nbsp;&nbsp;HIM_MaxTorque_display
<LI><a href="#[c0]">&gt;&gt;</a>&nbsp;&nbsp;&nbsp;Get_TargetTorque
<LI><a href="#[c3]">&gt;&gt;</a>&nbsp;&nbsp;&nbsp;Get_GearTorque
<LI><a href="#[bc]">&gt;&gt;</a>&nbsp;&nbsp;&nbsp;Data_Record_Storage
<LI><a href="#[50]">&gt;&gt;</a>&nbsp;&nbsp;&nbsp;HIM_task
</UL>

<P><STRONG><a name="[a9]"></a>__aeabi_d2uiz</STRONG> (Thumb, 50 bytes, Stack size 8 bytes, dfixui.o(.text))
<BR><BR>[Stack]<UL><LI>Max Depth = 8<LI>Call Chain = __aeabi_d2uiz
</UL>
<BR>[Calls]<UL><LI><a href="#[aa]">&gt;&gt;</a>&nbsp;&nbsp;&nbsp;__aeabi_llsr
</UL>
<BR>[Called By]<UL><LI><a href="#[c1]">&gt;&gt;</a>&nbsp;&nbsp;&nbsp;Get_ActualTorque
<LI><a href="#[c0]">&gt;&gt;</a>&nbsp;&nbsp;&nbsp;Get_TargetTorque
<LI><a href="#[ee]">&gt;&gt;</a>&nbsp;&nbsp;&nbsp;Get_GearTorqueValue
<LI><a href="#[c3]">&gt;&gt;</a>&nbsp;&nbsp;&nbsp;Get_GearTorque
</UL>

<P><STRONG><a name="[c2]"></a>__aeabi_f2d</STRONG> (Thumb, 38 bytes, Stack size 0 bytes, f2d.o(.text))
<BR><BR>[Called By]<UL><LI><a href="#[be]">&gt;&gt;</a>&nbsp;&nbsp;&nbsp;Get_Pressure
<LI><a href="#[c1]">&gt;&gt;</a>&nbsp;&nbsp;&nbsp;Get_ActualTorque
<LI><a href="#[176]">&gt;&gt;</a>&nbsp;&nbsp;&nbsp;UartDriver
<LI><a href="#[fa]">&gt;&gt;</a>&nbsp;&nbsp;&nbsp;HIM_Pressure_display
<LI><a href="#[f9]">&gt;&gt;</a>&nbsp;&nbsp;&nbsp;HIM_MaxTorque_display
<LI><a href="#[c0]">&gt;&gt;</a>&nbsp;&nbsp;&nbsp;Get_TargetTorque
<LI><a href="#[ee]">&gt;&gt;</a>&nbsp;&nbsp;&nbsp;Get_GearTorqueValue
<LI><a href="#[c3]">&gt;&gt;</a>&nbsp;&nbsp;&nbsp;Get_GearTorque
<LI><a href="#[bc]">&gt;&gt;</a>&nbsp;&nbsp;&nbsp;Data_Record_Storage
<LI><a href="#[50]">&gt;&gt;</a>&nbsp;&nbsp;&nbsp;HIM_task
</UL>

<P><STRONG><a name="[e8]"></a>__aeabi_cdrcmple</STRONG> (Thumb, 48 bytes, Stack size 0 bytes, cdrcmple.o(.text))
<BR><BR>[Called By]<UL><LI><a href="#[c1]">&gt;&gt;</a>&nbsp;&nbsp;&nbsp;Get_ActualTorque
<LI><a href="#[f9]">&gt;&gt;</a>&nbsp;&nbsp;&nbsp;HIM_MaxTorque_display
<LI><a href="#[c0]">&gt;&gt;</a>&nbsp;&nbsp;&nbsp;Get_TargetTorque
<LI><a href="#[ee]">&gt;&gt;</a>&nbsp;&nbsp;&nbsp;Get_GearTorqueValue
<LI><a href="#[c3]">&gt;&gt;</a>&nbsp;&nbsp;&nbsp;Get_GearTorque
<LI><a href="#[50]">&gt;&gt;</a>&nbsp;&nbsp;&nbsp;HIM_task
</UL>

<P><STRONG><a name="[ab]"></a>__aeabi_d2f</STRONG> (Thumb, 56 bytes, Stack size 8 bytes, d2f.o(.text))
<BR><BR>[Stack]<UL><LI>Max Depth = 8<LI>Call Chain = __aeabi_d2f
</UL>
<BR>[Calls]<UL><LI><a href="#[98]">&gt;&gt;</a>&nbsp;&nbsp;&nbsp;_float_round
</UL>
<BR>[Called By]<UL><LI><a href="#[be]">&gt;&gt;</a>&nbsp;&nbsp;&nbsp;Get_Pressure
<LI><a href="#[176]">&gt;&gt;</a>&nbsp;&nbsp;&nbsp;UartDriver
<LI><a href="#[fa]">&gt;&gt;</a>&nbsp;&nbsp;&nbsp;HIM_Pressure_display
<LI><a href="#[f9]">&gt;&gt;</a>&nbsp;&nbsp;&nbsp;HIM_MaxTorque_display
<LI><a href="#[bc]">&gt;&gt;</a>&nbsp;&nbsp;&nbsp;Data_Record_Storage
<LI><a href="#[50]">&gt;&gt;</a>&nbsp;&nbsp;&nbsp;HIM_task
</UL>

<P><STRONG><a name="[193]"></a>__aeabi_cfcmpeq</STRONG> (Thumb, 0 bytes, Stack size 0 bytes, cfcmple.o(.text), UNUSED)

<P><STRONG><a name="[179]"></a>__aeabi_cfcmple</STRONG> (Thumb, 20 bytes, Stack size 0 bytes, cfcmple.o(.text))
<BR><BR>[Called By]<UL><LI><a href="#[176]">&gt;&gt;</a>&nbsp;&nbsp;&nbsp;UartDriver
</UL>

<P><STRONG><a name="[178]"></a>__aeabi_cfrcmple</STRONG> (Thumb, 20 bytes, Stack size 0 bytes, cfrcmple.o(.text))
<BR><BR>[Called By]<UL><LI><a href="#[176]">&gt;&gt;</a>&nbsp;&nbsp;&nbsp;UartDriver
</UL>

<P><STRONG><a name="[ac]"></a>__aeabi_uldivmod</STRONG> (Thumb, 98 bytes, Stack size 40 bytes, uldiv.o(.text), UNUSED)
<BR><BR>[Calls]<UL><LI><a href="#[aa]">&gt;&gt;</a>&nbsp;&nbsp;&nbsp;__aeabi_llsr
<LI><a href="#[9d]">&gt;&gt;</a>&nbsp;&nbsp;&nbsp;__aeabi_llsl
</UL>
<BR>[Called By]<UL><LI><a href="#[17e]">&gt;&gt;</a>&nbsp;&nbsp;&nbsp;_printf_core
</UL>

<P><STRONG><a name="[9d]"></a>__aeabi_llsl</STRONG> (Thumb, 30 bytes, Stack size 0 bytes, llshl.o(.text))
<BR><BR>[Called By]<UL><LI><a href="#[9c]">&gt;&gt;</a>&nbsp;&nbsp;&nbsp;__aeabi_dadd
<LI><a href="#[ac]">&gt;&gt;</a>&nbsp;&nbsp;&nbsp;__aeabi_uldivmod
<LI><a href="#[9f]">&gt;&gt;</a>&nbsp;&nbsp;&nbsp;_double_epilogue
</UL>

<P><STRONG><a name="[194]"></a>_ll_shift_l</STRONG> (Thumb, 0 bytes, Stack size 0 bytes, llshl.o(.text), UNUSED)

<P><STRONG><a name="[aa]"></a>__aeabi_llsr</STRONG> (Thumb, 32 bytes, Stack size 0 bytes, llushr.o(.text))
<BR><BR>[Called By]<UL><LI><a href="#[a9]">&gt;&gt;</a>&nbsp;&nbsp;&nbsp;__aeabi_d2uiz
<LI><a href="#[ac]">&gt;&gt;</a>&nbsp;&nbsp;&nbsp;__aeabi_uldivmod
<LI><a href="#[9f]">&gt;&gt;</a>&nbsp;&nbsp;&nbsp;_double_epilogue
</UL>

<P><STRONG><a name="[195]"></a>_ll_ushift_r</STRONG> (Thumb, 0 bytes, Stack size 0 bytes, llushr.o(.text), UNUSED)

<P><STRONG><a name="[9e]"></a>__aeabi_lasr</STRONG> (Thumb, 36 bytes, Stack size 0 bytes, llsshr.o(.text))
<BR><BR>[Called By]<UL><LI><a href="#[9c]">&gt;&gt;</a>&nbsp;&nbsp;&nbsp;__aeabi_dadd
</UL>

<P><STRONG><a name="[196]"></a>_ll_sshift_r</STRONG> (Thumb, 0 bytes, Stack size 0 bytes, llsshr.o(.text), UNUSED)

<P><STRONG><a name="[197]"></a>__I$use$fp</STRONG> (Thumb, 0 bytes, Stack size 0 bytes, iusefp.o(.text), UNUSED)

<P><STRONG><a name="[98]"></a>_float_round</STRONG> (Thumb, 18 bytes, Stack size 0 bytes, fepilogue.o(.text))
<BR><BR>[Called By]<UL><LI><a href="#[9b]">&gt;&gt;</a>&nbsp;&nbsp;&nbsp;__aeabi_fdiv
<LI><a href="#[ab]">&gt;&gt;</a>&nbsp;&nbsp;&nbsp;__aeabi_d2f
<LI><a href="#[96]">&gt;&gt;</a>&nbsp;&nbsp;&nbsp;__aeabi_fadd
</UL>

<P><STRONG><a name="[97]"></a>_float_epilogue</STRONG> (Thumb, 92 bytes, Stack size 4 bytes, fepilogue.o(.text))
<BR><BR>[Stack]<UL><LI>Max Depth = 4<LI>Call Chain = _float_epilogue
</UL>
<BR>[Called By]<UL><LI><a href="#[a6]">&gt;&gt;</a>&nbsp;&nbsp;&nbsp;__aeabi_ui2f
<LI><a href="#[a5]">&gt;&gt;</a>&nbsp;&nbsp;&nbsp;__aeabi_i2f
<LI><a href="#[96]">&gt;&gt;</a>&nbsp;&nbsp;&nbsp;__aeabi_fadd
</UL>

<P><STRONG><a name="[a0]"></a>_double_round</STRONG> (Thumb, 30 bytes, Stack size 8 bytes, depilogue.o(.text))
<BR><BR>[Stack]<UL><LI>Max Depth = 8<LI>Call Chain = _double_round
</UL>
<BR>[Called By]<UL><LI><a href="#[a4]">&gt;&gt;</a>&nbsp;&nbsp;&nbsp;__aeabi_ddiv
<LI><a href="#[9c]">&gt;&gt;</a>&nbsp;&nbsp;&nbsp;__aeabi_dadd
<LI><a href="#[9f]">&gt;&gt;</a>&nbsp;&nbsp;&nbsp;_double_epilogue
</UL>

<P><STRONG><a name="[9f]"></a>_double_epilogue</STRONG> (Thumb, 156 bytes, Stack size 32 bytes, depilogue.o(.text))
<BR><BR>[Stack]<UL><LI>Max Depth = 40<LI>Call Chain = _double_epilogue &rArr; _double_round
</UL>
<BR>[Calls]<UL><LI><a href="#[aa]">&gt;&gt;</a>&nbsp;&nbsp;&nbsp;__aeabi_llsr
<LI><a href="#[9d]">&gt;&gt;</a>&nbsp;&nbsp;&nbsp;__aeabi_llsl
<LI><a href="#[a0]">&gt;&gt;</a>&nbsp;&nbsp;&nbsp;_double_round
</UL>
[...]
</UL>
<BR>[Calls]<UL><LI><a href="#[17b]">&gt;&gt;</a>&nbsp;&nbsp;&nbsp;WriteTail
<LI><a href="#[c9]">&gt;&gt;</a>&nbsp;&nbsp;&nbsp;OSTimeDly
<LI><a href="#[116]">&gt;&gt;</a>&nbsp;&nbsp;&nbsp;GPIO_SetBits
<LI><a href="#[ff]">&gt;&gt;</a>&nbsp;&nbsp;&nbsp;GPIO_ResetBits
<LI><a href="#[86]">&gt;&gt;</a>&nbsp;&nbsp;&nbsp;CH374FileCreate
<LI><a href="#[84]">&gt;&gt;</a>&nbsp;&nbsp;&nbsp;CH374FileClose
<LI><a href="#[90]">&gt;&gt;</a>&nbsp;&nbsp;&nbsp;CH374DiskSize
<LI><a href="#[89]">&gt;&gt;</a>&nbsp;&nbsp;&nbsp;CH374DiskReady
<LI><a href="#[61]">&gt;&gt;</a>&nbsp;&nbsp;&nbsp;CH374DiskConnect
<LI><a href="#[17a]">&gt;&gt;</a>&nbsp;&nbsp;&nbsp;mStopIfError
</UL>
<BR>[Address Reference Count : 1]<UL><LI> main.o(i.start_task)
</UL>
<P><STRONG><a name="[5]"></a>UsageFault_Handler</STRONG> (Thumb, 4 bytes, Stack size 0 bytes, stm32f10x_it.o(i.UsageFault_Handler))
<BR>[Address Reference Count : 1]<UL><LI> startup_stm32f10x_hd.o(RESET)
</UL>
<P><STRONG><a name="[51]"></a>UsartDriverRev_task</STRONG> (Thumb, 22 bytes, Stack size 0 bytes, task.o(i.UsartDriverRev_task))
<BR><BR>[Stack]<UL><LI>Max Depth = 648 + Unknown Stack Size
<LI>Call Chain = UsartDriverRev_task &rArr; UartDriver &rArr; GetCRC16
</UL>
<BR>[Calls]<UL><LI><a href="#[176]">&gt;&gt;</a>&nbsp;&nbsp;&nbsp;UartDriver
<LI><a href="#[c9]">&gt;&gt;</a>&nbsp;&nbsp;&nbsp;OSTimeDly
</UL>
<BR>[Address Reference Count : 1]<UL><LI> main.o(i.start_task)
</UL>
<P><STRONG><a name="[17b]"></a>WriteTail</STRONG> (Thumb, 146 bytes, Stack size 336 bytes, ch374drv.o(i.WriteTail))
<BR><BR>[Stack]<UL><LI>Max Depth = 664 + Unknown Stack Size
<LI>Call Chain = WriteTail &rArr; formationStr &rArr; CH374ByteWrite &rArr; CH374s20 &rArr; CH374s32 &rArr; CH374s10 &rArr; CH374s09 &rArr; CH374s07 &rArr; CH374s13 &rArr; CH374BulkOnlyCmd &rArr; CH374s21 &rArr; CH374DiskConnect &rArr; CH374s30 &rArr; CH374CtrlTransfer &rArr; CH374HostTransact &rArr; xQueryInterrupt &rArr; CH374_READ_REGISTER &rArr; Spi374Start &rArr; SPI3_TransByte
</UL>
<BR>[Calls]<UL><LI><a href="#[ea]">&gt;&gt;</a>&nbsp;&nbsp;&nbsp;MX25L6406_Read
<LI><a href="#[c9]">&gt;&gt;</a>&nbsp;&nbsp;&nbsp;OSTimeDly
<LI><a href="#[17c]">&gt;&gt;</a>&nbsp;&nbsp;&nbsp;formationStr
<LI><a href="#[15e]">&gt;&gt;</a>&nbsp;&nbsp;&nbsp;StructToStr
<LI><a href="#[160]">&gt;&gt;</a>&nbsp;&nbsp;&nbsp;strlen
<LI><a href="#[cc]">&gt;&gt;</a>&nbsp;&nbsp;&nbsp;__aeabi_memclr4
<LI><a href="#[94]">&gt;&gt;</a>&nbsp;&nbsp;&nbsp;__aeabi_memset
</UL>
<BR>[Called By]<UL><LI><a href="#[54]">&gt;&gt;</a>&nbsp;&nbsp;&nbsp;Udisk_task
</UL>

<P><STRONG><a name="[17d]"></a>__0printf$8</STRONG> (Thumb, 22 bytes, Stack size 24 bytes, printf8.o(i.__0printf$8), UNUSED)
<BR><BR>[Calls]<UL><LI><a href="#[17e]">&gt;&gt;</a>&nbsp;&nbsp;&nbsp;_printf_core
</UL>

<P><STRONG><a name="[19b]"></a>__1printf$8</STRONG> (Thumb, 0 bytes, Stack size 24 bytes, printf8.o(i.__0printf$8), UNUSED)

<P><STRONG><a name="[b8]"></a>__2printf</STRONG> (Thumb, 0 bytes, Stack size 24 bytes, printf8.o(i.__0printf$8))
<BR><BR>[Stack]<UL><LI>Max Depth = 24<LI>Call Chain = __2printf
</UL>
<BR>[Called By]<UL><LI><a href="#[16a]">&gt;&gt;</a>&nbsp;&nbsp;&nbsp;TypeC_UartDriver
<LI><a href="#[17a]">&gt;&gt;</a>&nbsp;&nbsp;&nbsp;mStopIfError
<LI><a href="#[53]">&gt;&gt;</a>&nbsp;&nbsp;&nbsp;SYS_task
<LI><a href="#[eb]">&gt;&gt;</a>&nbsp;&nbsp;&nbsp;Get_Flash_Parameters
<LI><a href="#[b5]">&gt;&gt;</a>&nbsp;&nbsp;&nbsp;CH374_Init
<LI><a href="#[46]">&gt;&gt;</a>&nbsp;&nbsp;&nbsp;main
</UL>

<P><STRONG><a name="[17f]"></a>__0sprintf$8</STRONG> (Thumb, 34 bytes, Stack size 24 bytes, printf8.o(i.__0sprintf$8), UNUSED)
<BR><BR>[Calls]<UL><LI><a href="#[4d]">&gt;&gt;</a>&nbsp;&nbsp;&nbsp;_sputc
<LI><a href="#[17e]">&gt;&gt;</a>&nbsp;&nbsp;&nbsp;_printf_core
</UL>

<P><STRONG><a name="[19c]"></a>__1sprintf$8</STRONG> (Thumb, 0 bytes, Stack size 24 bytes, printf8.o(i.__0sprintf$8), UNUSED)

<P><STRONG><a name="[15f]"></a>__2sprintf</STRONG> (Thumb, 0 bytes, Stack size 24 bytes, printf8.o(i.__0sprintf$8))
<BR><BR>[Stack]<UL><LI>Max Depth = 24<LI>Call Chain = __2sprintf
</UL>
<BR>[Called By]<UL><LI><a href="#[15e]">&gt;&gt;</a>&nbsp;&nbsp;&nbsp;StructToStr
</UL>

<P><STRONG><a name="[19d]"></a>__scatterload_copy</STRONG> (Thumb, 14 bytes, Stack size unknown bytes, handlers.o(i.__scatterload_copy), UNUSED)

<P><STRONG><a name="[19e]"></a>__scatterload_null</STRONG> (Thumb, 2 bytes, Stack size unknown bytes, handlers.o(i.__scatterload_null), UNUSED)

<P><STRONG><a name="[19f]"></a>__scatterload_zeroinit</STRONG> (Thumb, 14 bytes, Stack size unknown bytes, handlers.o(i.__scatterload_zeroinit), UNUSED)

<P><STRONG><a name="[182]"></a>delay_init</STRONG> (Thumb, 76 bytes, Stack size 8 bytes, delay.o(i.delay_init))
<BR><BR>[Stack]<UL><LI>Max Depth = 8<LI>Call Chain = delay_init
</UL>
<BR>[Calls]<UL><LI><a href="#[183]">&gt;&gt;</a>&nbsp;&nbsp;&nbsp;SysTick_CLKSourceConfig
</UL>
<BR>[Called By]<UL><LI><a href="#[46]">&gt;&gt;</a>&nbsp;&nbsp;&nbsp;main
</UL>

<P><STRONG><a name="[b7]"></a>delay_ms</STRONG> (Thumb, 62 bytes, Stack size 16 bytes, delay.o(i.delay_ms))
<BR><BR>[Stack]<UL><LI>Max Depth = 40 + Unknown Stack Size
<LI>Call Chain = delay_ms &rArr; OSTimeDly &rArr; OS_Sched
</UL>
<BR>[Calls]<UL><LI><a href="#[c9]">&gt;&gt;</a>&nbsp;&nbsp;&nbsp;OSTimeDly
<LI><a href="#[184]">&gt;&gt;</a>&nbsp;&nbsp;&nbsp;delay_us
</UL>
<BR>[Called By]<UL><LI><a href="#[148]">&gt;&gt;</a>&nbsp;&nbsp;&nbsp;RTC_Init
<LI><a href="#[b5]">&gt;&gt;</a>&nbsp;&nbsp;&nbsp;CH374_Init
<LI><a href="#[46]">&gt;&gt;</a>&nbsp;&nbsp;&nbsp;main
</UL>

<P><STRONG><a name="[184]"></a>delay_us</STRONG> (Thumb, 70 bytes, Stack size 16 bytes, delay.o(i.delay_us))
<BR><BR>[Stack]<UL><LI>Max Depth = 16<LI>Call Chain = delay_us
</UL>
<BR>[Called By]<UL><LI><a href="#[b7]">&gt;&gt;</a>&nbsp;&nbsp;&nbsp;delay_ms
</UL>

<P><STRONG><a name="[17c]"></a>formationStr</STRONG> (Thumb, 160 bytes, Stack size 32 bytes, ch374drv.o(i.formationStr))
<BR><BR>[Stack]<UL><LI>Max Depth = 328<LI>Call Chain = formationStr &rArr; CH374ByteWrite &rArr; CH374s20 &rArr; CH374s32 &rArr; CH374s10 &rArr; CH374s09 &rArr; CH374s07 &rArr; CH374s13 &rArr; CH374BulkOnlyCmd &rArr; CH374s21 &rArr; CH374DiskConnect &rArr; CH374s30 &rArr; CH374CtrlTransfer &rArr; CH374HostTransact &rArr; xQueryInterrupt &rArr; CH374_READ_REGISTER &rArr; Spi374Start &rArr; SPI3_TransByte
</UL>
<BR>[Calls]<UL><LI><a href="#[17a]">&gt;&gt;</a>&nbsp;&nbsp;&nbsp;mStopIfError
<LI><a href="#[8f]">&gt;&gt;</a>&nbsp;&nbsp;&nbsp;CH374ByteWrite
<LI><a href="#[185]">&gt;&gt;</a>&nbsp;&nbsp;&nbsp;__aeabi_memcpy
</UL>
<BR>[Called By]<UL><LI><a href="#[17b]">&gt;&gt;</a>&nbsp;&nbsp;&nbsp;WriteTail
</UL>

<P><STRONG><a name="[4c]"></a>fputc</STRONG> (Thumb, 24 bytes, Stack size 0 bytes, usart.o(i.fputc))
<BR>[Address Reference Count : 1]<UL><LI> printf8.o(i.__0printf$8)
</UL>
<P><STRONG><a name="[186]"></a>gpio_Init</STRONG> (Thumb, 122 bytes, Stack size 8 bytes, gpio.o(i.gpio_Init))
<BR><BR>[Stack]<UL><LI>Max Depth = 32<LI>Call Chain = gpio_Init &rArr; GPIO_Init
</UL>
<BR>[Calls]<UL><LI><a href="#[ce]">&gt;&gt;</a>&nbsp;&nbsp;&nbsp;RCC_APB2PeriphClockCmd
<LI><a href="#[dc]">&gt;&gt;</a>&nbsp;&nbsp;&nbsp;GPIO_PinRemapConfig
<LI><a href="#[d0]">&gt;&gt;</a>&nbsp;&nbsp;&nbsp;GPIO_Init
<LI><a href="#[116]">&gt;&gt;</a>&nbsp;&nbsp;&nbsp;GPIO_SetBits
</UL>
<BR>[Called By]<UL><LI><a href="#[46]">&gt;&gt;</a>&nbsp;&nbsp;&nbsp;main
</UL>

<P><STRONG><a name="[17a]"></a>mStopIfError</STRONG> (Thumb, 20 bytes, Stack size 8 bytes, ch374drv.o(i.mStopIfError))
<BR><BR>[Stack]<UL><LI>Max Depth = 32<LI>Call Chain = mStopIfError &rArr; __2printf
</UL>
<BR>[Calls]<UL><LI><a href="#[b8]">&gt;&gt;</a>&nbsp;&nbsp;&nbsp;__2printf
</UL>
<BR>[Called By]<UL><LI><a href="#[54]">&gt;&gt;</a>&nbsp;&nbsp;&nbsp;Udisk_task
<LI><a href="#[46]">&gt;&gt;</a>&nbsp;&nbsp;&nbsp;main
<LI><a href="#[17c]">&gt;&gt;</a>&nbsp;&nbsp;&nbsp;formationStr
</UL>

<P><STRONG><a name="[46]"></a>main</STRONG> (Thumb, 130 bytes, Stack size 8 bytes, main.o(i.main))
<BR><BR>[Stack]<UL><LI>Max Depth = 248 + Unknown Stack Size
<LI>Call Chain = main &rArr; Get_Flash_Parameters &rArr; SPI_Flash_Write &rArr; SPI_Flash_Write_NoCheck &rArr; MX25L6406_Write &rArr; MX25L6406_Write_EN &rArr; SPI1_ReadWriteByte
</UL>
<BR>[Calls]<UL><LI><a href="#[17a]">&gt;&gt;</a>&nbsp;&nbsp;&nbsp;mStopIfError
<LI><a href="#[186]">&gt;&gt;</a>&nbsp;&nbsp;&nbsp;gpio_Init
<LI><a href="#[b7]">&gt;&gt;</a>&nbsp;&nbsp;&nbsp;delay_ms
<LI><a href="#[182]">&gt;&gt;</a>&nbsp;&nbsp;&nbsp;delay_init
<LI><a href="#[175]">&gt;&gt;</a>&nbsp;&nbsp;&nbsp;Uart1_Init
<LI><a href="#[16e]">&gt;&gt;</a>&nbsp;&nbsp;&nbsp;TypeC_UartInit
<LI><a href="#[166]">&gt;&gt;</a>&nbsp;&nbsp;&nbsp;TIM3_Int_Init
<LI><a href="#[148]">&gt;&gt;</a>&nbsp;&nbsp;&nbsp;RTC_Init
<LI><a href="#[130]">&gt;&gt;</a>&nbsp;&nbsp;&nbsp;OSTaskCreate
<LI><a href="#[12d]">&gt;&gt;</a>&nbsp;&nbsp;&nbsp;OSStart
<LI><a href="#[11d]">&gt;&gt;</a>&nbsp;&nbsp;&nbsp;OSInit
<LI><a href="#[11b]">&gt;&gt;</a>&nbsp;&nbsp;&nbsp;NVIC_Configuration
<LI><a href="#[118]">&gt;&gt;</a>&nbsp;&nbsp;&nbsp;MX25L6406_Init
<LI><a href="#[10f]">&gt;&gt;</a>&nbsp;&nbsp;&nbsp;IWDG_Init
<LI><a href="#[10c]">&gt;&gt;</a>&nbsp;&nbsp;&nbsp;Hmi_UartInit
<LI><a href="#[eb]">&gt;&gt;</a>&nbsp;&nbsp;&nbsp;Get_Flash_Parameters
<LI><a href="#[db]">&gt;&gt;</a>&nbsp;&nbsp;&nbsp;EXTIX_Init
<LI><a href="#[cd]">&gt;&gt;</a>&nbsp;&nbsp;&nbsp;Driver_UartInit
<LI><a href="#[b5]">&gt;&gt;</a>&nbsp;&nbsp;&nbsp;CH374_Init
<LI><a href="#[b3]">&gt;&gt;</a>&nbsp;&nbsp;&nbsp;CH374LibInit
<LI><a href="#[b8]">&gt;&gt;</a>&nbsp;&nbsp;&nbsp;__2printf
</UL>
<BR>[Address Reference Count : 1]<UL><LI> entry9a.o(.ARM.Collect$$$$0000000B)
</UL>
<P><STRONG><a name="[4e]"></a>start_task</STRONG> (Thumb, 104 bytes, Stack size 16 bytes, main.o(i.start_task))
<BR><BR>[Stack]<UL><LI>Max Depth = 104 + Unknown Stack Size
<LI>Call Chain = start_task &rArr; OSTaskCreate &rArr; OS_TCBInit
</UL>
<BR>[Calls]<UL><LI><a href="#[129]">&gt;&gt;</a>&nbsp;&nbsp;&nbsp;OS_CPU_SR_Save
<LI><a href="#[12c]">&gt;&gt;</a>&nbsp;&nbsp;&nbsp;OS_CPU_SR_Restore
<LI><a href="#[138]">&gt;&gt;</a>&nbsp;&nbsp;&nbsp;OSTaskSuspend
<LI><a href="#[130]">&gt;&gt;</a>&nbsp;&nbsp;&nbsp;OSTaskCreate
<LI><a href="#[12f]">&gt;&gt;</a>&nbsp;&nbsp;&nbsp;OSStatInit
</UL>
<BR>[Address Reference Count : 1]<UL><LI> main.o(i.main)
</UL>
<P><STRONG><a name="[75]"></a>xDelayAfterWrite</STRONG> (Thumb, 14 bytes, Stack size 0 bytes, ch374drv.o(i.xDelayAfterWrite))
<BR><BR>[Called By]<UL><LI><a href="#[73]">&gt;&gt;</a>&nbsp;&nbsp;&nbsp;CH374s07
</UL>

<P><STRONG><a name="[82]"></a>xFileNameEnumer</STRONG> (Thumb, 2 bytes, Stack size 0 bytes, ch374drv.o(i.xFileNameEnumer))
<BR><BR>[Called By]<UL><LI><a href="#[81]">&gt;&gt;</a>&nbsp;&nbsp;&nbsp;CH374FileOpen
</UL>

<P><STRONG><a name="[5d]"></a>xQueryInterrupt</STRONG> (Thumb, 20 bytes, Stack size 8 bytes, ch374drv.o(i.xQueryInterrupt))
<BR><BR>[Stack]<UL><LI>Max Depth = 48<LI>Call Chain = xQueryInterrupt &rArr; CH374_READ_REGISTER &rArr; Spi374Start &rArr; SPI3_TransByte
</UL>
<BR>[Calls]<UL><LI><a href="#[58]">&gt;&gt;</a>&nbsp;&nbsp;&nbsp;CH374_READ_REGISTER
</UL>
<BR>[Called By]<UL><LI><a href="#[5c]">&gt;&gt;</a>&nbsp;&nbsp;&nbsp;CH374HostTransact
</UL>
<P>
<H3>
Local Symbols
</H3>
<P><STRONG><a name="[15c]"></a>SetSysClock</STRONG> (Thumb, 8 bytes, Stack size 8 bytes, system_stm32f10x.o(i.SetSysClock))
<BR><BR>[Stack]<UL><LI>Max Depth = 20<LI>Call Chain = SetSysClock &rArr; SetSysClockTo72
</UL>
<BR>[Calls]<UL><LI><a href="#[15d]">&gt;&gt;</a>&nbsp;&nbsp;&nbsp;SetSysClockTo72
</UL>
<BR>[Called By]<UL><LI><a href="#[47]">&gt;&gt;</a>&nbsp;&nbsp;&nbsp;SystemInit
</UL>

<P><STRONG><a name="[15d]"></a>SetSysClockTo72</STRONG> (Thumb, 214 bytes, Stack size 12 bytes, system_stm32f10x.o(i.SetSysClockTo72))
<BR><BR>[Stack]<UL><LI>Max Depth = 12<LI>Call Chain = SetSysClockTo72
</UL>
<BR>[Called By]<UL><LI><a href="#[15c]">&gt;&gt;</a>&nbsp;&nbsp;&nbsp;SetSysClock
</UL>

<P><STRONG><a name="[153]"></a>RTC_NVIC_Config</STRONG> (Thumb, 32 bytes, Stack size 8 bytes, rtc.o(i.RTC_NVIC_Config))
<BR><BR>[Stack]<UL><LI>Max Depth = 24<LI>Call Chain = RTC_NVIC_Config &rArr; NVIC_Init
</UL>
<BR>[Calls]<UL><LI><a href="#[d1]">&gt;&gt;</a>&nbsp;&nbsp;&nbsp;NVIC_Init
</UL>
<BR>[Called By]<UL><LI><a href="#[148]">&gt;&gt;</a>&nbsp;&nbsp;&nbsp;RTC_Init
</UL>

<P><STRONG><a name="[122]"></a>OS_InitEventList</STRONG> (Thumb, 74 bytes, Stack size 16 bytes, os_core.o(i.OS_InitEventList))
<BR><BR>[Stack]<UL><LI>Max Depth = 16<LI>Call Chain = OS_InitEventList
</UL>
<BR>[Calls]<UL><LI><a href="#[13b]">&gt;&gt;</a>&nbsp;&nbsp;&nbsp;OS_MemClr
</UL>
<BR>[Called By]<UL><LI><a href="#[11d]">&gt;&gt;</a>&nbsp;&nbsp;&nbsp;OSInit
</UL>

<P><STRONG><a name="[11f]"></a>OS_InitMisc</STRONG> (Thumb, 44 bytes, Stack size 0 bytes, os_core.o(i.OS_InitMisc))
<BR><BR>[Called By]<UL><LI><a href="#[11d]">&gt;&gt;</a>&nbsp;&nbsp;&nbsp;OSInit
</UL>

<P><STRONG><a name="[120]"></a>OS_InitRdyList</STRONG> (Thumb, 44 bytes, Stack size 0 bytes, os_core.o(i.OS_InitRdyList))
<BR><BR>[Called By]<UL><LI><a href="#[11d]">&gt;&gt;</a>&nbsp;&nbsp;&nbsp;OSInit
</UL>

<P><STRONG><a name="[121]"></a>OS_InitTCBList</STRONG> (Thumb, 106 bytes, Stack size 16 bytes, os_core.o(i.OS_InitTCBList))
<BR><BR>[Stack]<UL><LI>Max Depth = 16<LI>Call Chain = OS_InitTCBList
</UL>
<BR>[Calls]<UL><LI><a href="#[13b]">&gt;&gt;</a>&nbsp;&nbsp;&nbsp;OS_MemClr
</UL>
<BR>[Called By]<UL><LI><a href="#[11d]">&gt;&gt;</a>&nbsp;&nbsp;&nbsp;OSInit
</UL>

<P><STRONG><a name="[125]"></a>OS_InitTaskIdle</STRONG> (Thumb, 50 bytes, Stack size 32 bytes, os_core.o(i.OS_InitTaskIdle))
<BR><BR>[Stack]<UL><LI>Max Depth = 128 + Unknown Stack Size
<LI>Call Chain = OS_InitTaskIdle &rArr; OSTaskCreateExt &rArr; OS_TCBInit
</UL>
<BR>[Calls]<UL><LI><a href="#[136]">&gt;&gt;</a>&nbsp;&nbsp;&nbsp;OSTaskNameSet
<LI><a href="#[134]">&gt;&gt;</a>&nbsp;&nbsp;&nbsp;OSTaskCreateExt
</UL>
<BR>[Called By]<UL><LI><a href="#[11d]">&gt;&gt;</a>&nbsp;&nbsp;&nbsp;OSInit
</UL>

<P><STRONG><a name="[126]"></a>OS_InitTaskStat</STRONG> (Thumb, 50 bytes, Stack size 32 bytes, os_core.o(i.OS_InitTaskStat))
<BR><BR>[Stack]<UL><LI>Max Depth = 128 + Unknown Stack Size
<LI>Call Chain = OS_InitTaskStat &rArr; OSTaskCreateExt &rArr; OS_TCBInit
</UL>
<BR>[Calls]<UL><LI><a href="#[136]">&gt;&gt;</a>&nbsp;&nbsp;&nbsp;OSTaskNameSet
<LI><a href="#[134]">&gt;&gt;</a>&nbsp;&nbsp;&nbsp;OSTaskCreateExt
</UL>
<BR>[Called By]<UL><LI><a href="#[11d]">&gt;&gt;</a>&nbsp;&nbsp;&nbsp;OSInit
</UL>

<P><STRONG><a name="[12a]"></a>OS_SchedNew</STRONG> (Thumb, 26 bytes, Stack size 0 bytes, os_core.o(i.OS_SchedNew))
<BR><BR>[Called By]<UL><LI><a href="#[12d]">&gt;&gt;</a>&nbsp;&nbsp;&nbsp;OSStart
<LI><a href="#[128]">&gt;&gt;</a>&nbsp;&nbsp;&nbsp;OSIntExit
<LI><a href="#[133]">&gt;&gt;</a>&nbsp;&nbsp;&nbsp;OS_Sched
</UL>

<P><STRONG><a name="[59]"></a>CH374s29</STRONG> (Thumb, 42 bytes, Stack size 8 bytes, CH374MAI.O(.text))
<BR><BR>[Stack]<UL><LI>Max Depth = 48<LI>Call Chain = CH374s29 &rArr; CH374_WRITE_REGISTER &rArr; Spi374Start &rArr; SPI3_TransByte
</UL>
<BR>[Calls]<UL><LI><a href="#[5a]">&gt;&gt;</a>&nbsp;&nbsp;&nbsp;CH374_WRITE_REGISTER
</UL>
<BR>[Called By]<UL><LI><a href="#[61]">&gt;&gt;</a>&nbsp;&nbsp;&nbsp;CH374DiskConnect
<LI><a href="#[65]">&gt;&gt;</a>&nbsp;&nbsp;&nbsp;CH374Init
<LI><a href="#[6d]">&gt;&gt;</a>&nbsp;&nbsp;&nbsp;CH374s13
</UL>

<P><STRONG><a name="[6e]"></a>CH374s27</STRONG> (Thumb, 44 bytes, Stack size 0 bytes, CH374MAI.O(.text))
<BR><BR>[Called By]<UL><LI><a href="#[89]">&gt;&gt;</a>&nbsp;&nbsp;&nbsp;CH374DiskReady
<LI><a href="#[78]">&gt;&gt;</a>&nbsp;&nbsp;&nbsp;CH374s22
<LI><a href="#[76]">&gt;&gt;</a>&nbsp;&nbsp;&nbsp;CH374s25
<LI><a href="#[6d]">&gt;&gt;</a>&nbsp;&nbsp;&nbsp;CH374s13
<LI><a href="#[77]">&gt;&gt;</a>&nbsp;&nbsp;&nbsp;CH374s26
</UL>

<P><STRONG><a name="[7b]"></a>CH374s02</STRONG> (Thumb, 14 bytes, Stack size 0 bytes, CH374MAI.O(.text))
<BR><BR>[Called By]<UL><LI><a href="#[79]">&gt;&gt;</a>&nbsp;&nbsp;&nbsp;CH374s08
</UL>

<P><STRONG><a name="[63]"></a>CH374s31</STRONG> (Thumb, 28 bytes, Stack size 8 bytes, CH374MAI.O(.text))
<BR><BR>[Stack]<UL><LI>Max Depth = 48<LI>Call Chain = CH374s31 &rArr; CH374_WRITE_REGISTER &rArr; Spi374Start &rArr; SPI3_TransByte
</UL>
<BR>[Calls]<UL><LI><a href="#[5a]">&gt;&gt;</a>&nbsp;&nbsp;&nbsp;CH374_WRITE_REGISTER
<LI><a href="#[68]">&gt;&gt;</a>&nbsp;&nbsp;&nbsp;CH374_WRITE_BLOCK_C
</UL>
<BR>[Called By]<UL><LI><a href="#[61]">&gt;&gt;</a>&nbsp;&nbsp;&nbsp;CH374DiskConnect
<LI><a href="#[78]">&gt;&gt;</a>&nbsp;&nbsp;&nbsp;CH374s22
</UL>

<P><STRONG><a name="[62]"></a>CH374s30</STRONG> (Thumb, 32 bytes, Stack size 8 bytes, CH374MAI.O(.text))
<BR><BR>[Stack]<UL><LI>Max Depth = 104<LI>Call Chain = CH374s30 &rArr; CH374CtrlTransfer &rArr; CH374HostTransact &rArr; xQueryInterrupt &rArr; CH374_READ_REGISTER &rArr; Spi374Start &rArr; SPI3_TransByte
</UL>
<BR>[Calls]<UL><LI><a href="#[5a]">&gt;&gt;</a>&nbsp;&nbsp;&nbsp;CH374_WRITE_REGISTER
<LI><a href="#[68]">&gt;&gt;</a>&nbsp;&nbsp;&nbsp;CH374_WRITE_BLOCK_C
<LI><a href="#[5e]">&gt;&gt;</a>&nbsp;&nbsp;&nbsp;CH374CtrlTransfer
</UL>
<BR>[Called By]<UL><LI><a href="#[61]">&gt;&gt;</a>&nbsp;&nbsp;&nbsp;CH374DiskConnect
<LI><a href="#[78]">&gt;&gt;</a>&nbsp;&nbsp;&nbsp;CH374s22
</UL>

<P><STRONG><a name="[77]"></a>CH374s26</STRONG> (Thumb, 34 bytes, Stack size 8 bytes, CH374MAI.O(.text))
<BR><BR>[Stack]<UL><LI>Max Depth = 168<LI>Call Chain = CH374s26 &rArr; CH374BulkOnlyCmd &rArr; CH374s21 &rArr; CH374DiskConnect &rArr; CH374s30 &rArr; CH374CtrlTransfer &rArr; CH374HostTransact &rArr; xQueryInterrupt &rArr; CH374_READ_REGISTER &rArr; Spi374Start &rArr; SPI3_TransByte
</UL>
<BR>[Calls]<UL><LI><a href="#[57]">&gt;&gt;</a>&nbsp;&nbsp;&nbsp;CH374DelaymS
<LI><a href="#[6b]">&gt;&gt;</a>&nbsp;&nbsp;&nbsp;CH374BulkOnlyCmd
<LI><a href="#[6e]">&gt;&gt;</a>&nbsp;&nbsp;&nbsp;CH374s27
</UL>
<BR>[Called By]<UL><LI><a href="#[89]">&gt;&gt;</a>&nbsp;&nbsp;&nbsp;CH374DiskReady
<LI><a href="#[76]">&gt;&gt;</a>&nbsp;&nbsp;&nbsp;CH374s25
</UL>

<P><STRONG><a name="[8c]"></a>CH374s16</STRONG> (Thumb, 48 bytes, Stack size 8 bytes, CH374BYT.O(.text))
<BR><BR>[Stack]<UL><LI>Max Depth = 136<LI>Call Chain = CH374s16 &rArr; CH374s05 &rArr; CH374DiskConnect &rArr; CH374s30 &rArr; CH374CtrlTransfer &rArr; CH374HostTransact &rArr; xQueryInterrupt &rArr; CH374_READ_REGISTER &rArr; Spi374Start &rArr; SPI3_TransByte
</UL>
<BR>[Calls]<UL><LI><a href="#[64]">&gt;&gt;</a>&nbsp;&nbsp;&nbsp;CH374s05
</UL>
<BR>[Called By]<UL><LI><a href="#[8f]">&gt;&gt;</a>&nbsp;&nbsp;&nbsp;CH374ByteWrite
<LI><a href="#[8e]">&gt;&gt;</a>&nbsp;&nbsp;&nbsp;CH374ByteRead
<LI><a href="#[8d]">&gt;&gt;</a>&nbsp;&nbsp;&nbsp;CH374ByteLocate
</UL>

<P><STRONG><a name="[17e]"></a>_printf_core</STRONG> (Thumb, 996 bytes, Stack size 104 bytes, printf8.o(i._printf_core), UNUSED)
<BR><BR>[Calls]<UL><LI><a href="#[180]">&gt;&gt;</a>&nbsp;&nbsp;&nbsp;_printf_pre_padding
<LI><a href="#[181]">&gt;&gt;</a>&nbsp;&nbsp;&nbsp;_printf_post_padding
<LI><a href="#[ac]">&gt;&gt;</a>&nbsp;&nbsp;&nbsp;__aeabi_uldivmod
</UL>
<BR>[Called By]<UL><LI><a href="#[17f]">&gt;&gt;</a>&nbsp;&nbsp;&nbsp;__0sprintf$8
<LI><a href="#[17d]">&gt;&gt;</a>&nbsp;&nbsp;&nbsp;__0printf$8
</UL>

<P><STRONG><a name="[181]"></a>_printf_post_padding</STRONG> (Thumb, 36 bytes, Stack size 24 bytes, printf8.o(i._printf_post_padding), UNUSED)
<BR><BR>[Called By]<UL><LI><a href="#[17e]">&gt;&gt;</a>&nbsp;&nbsp;&nbsp;_printf_core
</UL>

<P><STRONG><a name="[180]"></a>_printf_pre_padding</STRONG> (Thumb, 46 bytes, Stack size 24 bytes, printf8.o(i._printf_pre_padding), UNUSED)
<BR><BR>[Called By]<UL><LI><a href="#[17e]">&gt;&gt;</a>&nbsp;&nbsp;&nbsp;_printf_core
</UL>

<P><STRONG><a name="[4d]"></a>_sputc</STRONG> (Thumb, 10 bytes, Stack size 0 bytes, printf8.o(i._sputc))
<BR><BR>[Called By]<UL><LI><a href="#[17f]">&gt;&gt;</a>&nbsp;&nbsp;&nbsp;__0sprintf$8
</UL>
<BR>[Address Reference Count : 1]<UL><LI> printf8.o(i.__0sprintf$8)
</UL><P>
<H3>
Undefined Global Symbols
</H3><HR></body></html>
