Component: ARM Compiler 5.06 update 6 (build 750) Tool: armlink [4d35ed]

==============================================================================

Section Cross References

    main.o(i.main) refers to sys.o(i.NVIC_Configuration) for NVIC_Configuration
    main.o(i.main) refers to usart.o(i.Uart1_Init) for Uart1_Init
    main.o(i.main) refers to hmi_user_uart.o(i.Hmi_UartInit) for Hmi_UartInit
    main.o(i.main) refers to driver_usart.o(i.Driver_UartInit) for Driver_UartInit
    main.o(i.main) refers to usbtype-c.o(i.TypeC_UartInit) for TypeC_UartInit
    main.o(i.main) refers to delay.o(i.delay_init) for delay_init
    main.o(i.main) refers to gpio.o(i.gpio_Init) for gpio_Init
    main.o(i.main) refers to timer.o(i.TIM3_Int_Init) for TIM3_Int_Init
    main.o(i.main) refers to exti.o(i.EXTIX_Init) for EXTIX_Init
    main.o(i.main) refers to mx25l6406.o(i.MX25L6406_Init) for MX25L6406_Init
    main.o(i.main) refers to rtc.o(i.RTC_Init) for RTC_Init
    main.o(i.main) refers to mx25l6406.o(i.Get_Flash_Parameters) for Get_Flash_Parameters
    main.o(i.main) refers to delay.o(i.delay_ms) for delay_ms
    main.o(i.main) refers to iwdg.o(i.IWDG_Init) for IWDG_Init
    main.o(i.main) refers to ch374drv.o(i.CH374_Init) for CH374_Init
    main.o(i.main) refers to ch374drv.o(i.CH374LibInit) for CH374LibInit
    main.o(i.main) refers to ch374drv.o(i.mStopIfError) for mStopIfError
    main.o(i.main) refers to printf8.o(i.__0printf$8) for __2printf
    main.o(i.main) refers to os_core.o(i.OSInit) for OSInit
    main.o(i.main) refers to os_task.o(i.OSTaskCreate) for OSTaskCreate
    main.o(i.main) refers to os_core.o(i.OSStart) for OSStart
    main.o(i.main) refers to main.o(.bss) for START_TASK_STK
    main.o(i.main) refers to main.o(i.start_task) for start_task
    main.o(i.start_task) refers to os_core.o(i.OSStatInit) for OSStatInit
    main.o(i.start_task) refers to os_cpu_a.o(.text) for OS_CPU_SR_Save
    main.o(i.start_task) refers to os_task.o(i.OSTaskCreate) for OSTaskCreate
    main.o(i.start_task) refers to os_task.o(i.OSTaskSuspend) for OSTaskSuspend
    main.o(i.start_task) refers to main.o(.bss) for Time_TASK_STK
    main.o(i.start_task) refers to task.o(i.Time_task) for Time_task
    main.o(i.start_task) refers to task.o(i.HIM_task) for HIM_task
    main.o(i.start_task) refers to task.o(i.UsartDriverRev_task) for UsartDriverRev_task
    main.o(i.start_task) refers to task.o(i.Flash_task) for Flash_task
    main.o(i.start_task) refers to task.o(i.SYS_task) for SYS_task
    main.o(i.start_task) refers to task.o(i.Udisk_task) for Udisk_task
    system_stm32f10x.o(i.SetSysClock) refers to system_stm32f10x.o(i.SetSysClockTo72) for SetSysClockTo72
    system_stm32f10x.o(i.SystemCoreClockUpdate) refers to system_stm32f10x.o(.data) for SystemCoreClock
    system_stm32f10x.o(i.SystemInit) refers to system_stm32f10x.o(i.SetSysClock) for SetSysClock
    task.o(i.Flash_task) refers to os_time.o(i.OSTimeDly) for OSTimeDly
    task.o(i.Flash_task) refers to mx25l6406.o(i.Flash_Model_parameters) for Flash_Model_parameters
    task.o(i.Flash_task) refers to mx25l6406.o(i.Data_Record_Storage) for Data_Record_Storage
    task.o(i.Flash_task) refers to memcpya.o(.text) for __aeabi_memcpy4
    task.o(i.Flash_task) refers to task.o(.data) for FreeDogStructVar
    task.o(i.Flash_task) refers to usbtype-c.o(.data) for Data_Storage
    task.o(i.Flash_task) refers to mx25l6406.o(.data) for DriveControl_status
    task.o(i.Flash_task) refers to driver_usart.o(.data) for RecordCount
    task.o(i.Flash_task) refers to mx25l6406.o(.bss) for Databuff
    task.o(i.Flash_task) refers to task.o(.bss) for AutoDatabuff
    task.o(i.HIM_task) refers to os_time.o(i.OSTimeDly) for OSTimeDly
    task.o(i.HIM_task) refers to stm32f10x_gpio.o(i.GPIO_ResetBits) for GPIO_ResetBits
    task.o(i.HIM_task) refers to him_user_process.o(i.HIM_Home_Switcher) for HIM_Home_Switcher
    task.o(i.HIM_task) refers to data_process.o(i.Spanner_type_parameter) for Spanner_type_parameter
    task.o(i.HIM_task) refers to dflti.o(.text) for __aeabi_i2d
    task.o(i.HIM_task) refers to ddiv.o(.text) for __aeabi_ddiv
    task.o(i.HIM_task) refers to d2f.o(.text) for __aeabi_d2f
    task.o(i.HIM_task) refers to data_process.o(i.Get_Bolttorque_parameter) for Get_Bolttorque_parameter
    task.o(i.HIM_task) refers to data_process.o(i.Select_Bolttorque_parameter) for Select_Bolttorque_parameter
    task.o(i.HIM_task) refers to him_user_process.o(i.Get_GearTorqueValue) for Get_GearTorqueValue
    task.o(i.HIM_task) refers to fflti.o(.text) for __aeabi_i2f
    task.o(i.HIM_task) refers to data_process.o(i.Get_GearTorque) for Get_GearTorque
    task.o(i.HIM_task) refers to driver_user_driver.o(i.Send_DriverParameter) for Send_DriverParameter
    task.o(i.HIM_task) refers to gpio.o(i.KEY_Scan) for KEY_Scan
    task.o(i.HIM_task) refers to him_user_process.o(i.HIM_Language_display) for HIM_Language_display
[...]
    CH374Init                                0x0800064d   Thumb Code   132  CH374MAI.O(.text)
    CH374EmbHubEnable                        0x080006d1   Thumb Code    64  CH374MAI.O(.text)
    CH374s23                                 0x08000711   Thumb Code    76  CH374MAI.O(.text)
    CH374s21                                 0x0800075d   Thumb Code    96  CH374MAI.O(.text)
    CH374s17                                 0x080007bd   Thumb Code    26  CH374MAI.O(.text)
    CH374BulkOnlyCmd                         0x080007d7   Thumb Code   276  CH374MAI.O(.text)
    CH374s13                                 0x08000917   Thumb Code    94  CH374MAI.O(.text)
    mReturnErrClose                          0x08000975   Thumb Code    24  CH374MAI.O(.text)
    CH374s18                                 0x0800098d   Thumb Code   118  CH374MAI.O(.text)
    CH374s06                                 0x08000a03   Thumb Code   358  CH374MAI.O(.text)
    CH374s07                                 0x08000b69   Thumb Code   364  CH374MAI.O(.text)
    CH374s25                                 0x08000cd5   Thumb Code   130  CH374MAI.O(.text)
    CH374s22                                 0x08000d57   Thumb Code   948  CH374MAI.O(.text)
    CH374s08                                 0x0800110b   Thumb Code   614  CH374MAI.O(.text)
    CH374s09                                 0x08001371   Thumb Code    56  CH374MAI.O(.text)
    CH374s10                                 0x080013a9   Thumb Code   496  CH374MAI.O(.text)
    CH374s32                                 0x08001599   Thumb Code   222  CH374MAI.O(.text)
    CH374s11                                 0x08001677   Thumb Code    22  CH374MAI.O(.text)
    CH374s12                                 0x0800168d   Thumb Code    46  CH374MAI.O(.text)
    CH374FileOpen                            0x080016bb   Thumb Code   748  CH374MAI.O(.text)
    CH374s15                                 0x080019a7   Thumb Code    54  CH374MAI.O(.text)
    CH374FileClose                           0x080019dd   Thumb Code    98  CH374MAI.O(.text)
    CH374FileErase                           0x08001a3f   Thumb Code   118  CH374MAI.O(.text)
    CH374s14                                 0x08001ab5   Thumb Code    24  CH374MAI.O(.text)
    CH374FileCreate                          0x08001acd   Thumb Code   454  CH374MAI.O(.text)
    CH374FileModify                          0x08001c93   Thumb Code   132  CH374MAI.O(.text)
    CH374DiskReady                           0x08001d17   Thumb Code    84  CH374MAI.O(.text)
    CH374s19                                 0x08001d6b   Thumb Code   108  CH374MAI.O(.text)
    CH374s20                                 0x08001dd7   Thumb Code    82  CH374MAI.O(.text)
    CH374ByteLocate                          0x08001ee5   Thumb Code    58  CH374BYT.O(.text)
    CH374ByteRead                            0x08001f1f   Thumb Code   260  CH374BYT.O(.text)
    CH374ByteWrite                           0x08002023   Thumb Code   358  CH374BYT.O(.text)
    CH374DiskSize                            0x080021c9   Thumb Code    68  CH374DSZ.O(.text)
    CH374DiskQuery                           0x0800220d   Thumb Code   198  CH374DSZ.O(.text)
    __aeabi_memcpy                           0x08002309   Thumb Code    36  memcpya.o(.text)
    __aeabi_memcpy4                          0x08002309   Thumb Code     0  memcpya.o(.text)
    __aeabi_memcpy8                          0x08002309   Thumb Code     0  memcpya.o(.text)
    __aeabi_memset                           0x0800232d   Thumb Code    14  memseta.o(.text)
    __aeabi_memset4                          0x0800232d   Thumb Code     0  memseta.o(.text)
    __aeabi_memset8                          0x0800232d   Thumb Code     0  memseta.o(.text)
    __aeabi_memclr                           0x0800233b   Thumb Code     4  memseta.o(.text)
    __aeabi_memclr4                          0x0800233b   Thumb Code     0  memseta.o(.text)
    __aeabi_memclr8                          0x0800233b   Thumb Code     0  memseta.o(.text)
    _memset$wrapper                          0x0800233f   Thumb Code    18  memseta.o(.text)
    strncpy                                  0x08002351   Thumb Code    24  strncpy.o(.text)
    strlen                                   0x08002369   Thumb Code    14  strlen.o(.text)
    strcmp                                   0x08002377   Thumb Code    28  strcmp.o(.text)
    __aeabi_uread4                           0x08002393   Thumb Code    20  uread4.o(.text)
    __rt_uread4                              0x08002393   Thumb Code     0  uread4.o(.text)
    _uread4                                  0x08002393   Thumb Code     0  uread4.o(.text)
    __aeabi_fadd                             0x080023a7   Thumb Code   164  fadd.o(.text)
    __aeabi_fsub                             0x0800244b   Thumb Code     6  fadd.o(.text)
    __aeabi_frsub                            0x08002451   Thumb Code     6  fadd.o(.text)
    __aeabi_fmul                             0x08002457   Thumb Code   100  fmul.o(.text)
    __aeabi_fdiv                             0x080024bb   Thumb Code   124  fdiv.o(.text)
    __aeabi_dadd                             0x08002537   Thumb Code   322  dadd.o(.text)
    __aeabi_dsub                             0x08002679   Thumb Code     6  dadd.o(.text)
    __aeabi_drsub                            0x0800267f   Thumb Code     6  dadd.o(.text)
    __aeabi_dmul                             0x08002685   Thumb Code   228  dmul.o(.text)
    __aeabi_ddiv                             0x08002769   Thumb Code   222  ddiv.o(.text)
    __aeabi_i2f                              0x08002847   Thumb Code    18  fflti.o(.text)
    __aeabi_ui2f                             0x08002859   Thumb Code    10  ffltui.o(.text)
    __aeabi_i2d                              0x08002863   Thumb Code    34  dflti.o(.text)
    __aeabi_ui2d                             0x08002885   Thumb Code    26  dfltui.o(.text)
    __aeabi_f2uiz                            0x0800289f   Thumb Code    40  ffixui.o(.text)
    __aeabi_d2uiz                            0x080028c7   Thumb Code    50  dfixui.o(.text)
    __aeabi_f2d                              0x080028f9   Thumb Code    38  f2d.o(.text)
    __aeabi_cdrcmple                         0x08002921   Thumb Code    48  cdrcmple.o(.text)
    __aeabi_d2f                              0x08002951   Thumb Code    56  d2f.o(.text)
    __aeabi_cfcmpeq                          0x08002989   Thumb Code     0  cfcmple.o(.text)
    __aeabi_cfcmple                          0x08002989   Thumb Code    20  cfcmple.o(.text)
    __aeabi_cfrcmple                         0x0800299d   Thumb Code    20  cfrcmple.o(.text)
    __aeabi_uldivmod                         0x080029b1   Thumb Code    98  uldiv.o(.text)
    __aeabi_llsl                             0x08002a13   Thumb Code    30  llshl.o(.text)
    _ll_shift_l                              0x08002a13   Thumb Code     0  llshl.o(.text)
    __aeabi_llsr                             0x08002a31   Thumb Code    32  llushr.o(.text)
    _ll_ushift_r                             0x08002a31   Thumb Code     0  llushr.o(.text)
    __aeabi_lasr                             0x08002a51   Thumb Code    36  llsshr.o(.text)
    _ll_sshift_r                             0x08002a51   Thumb Code     0  llsshr.o(.text)
    __I$use$fp                               0x08002a75   Thumb Code     0  iusefp.o(.text)
    _float_round                             0x08002a75   Thumb Code    18  fepilogue.o(.text)
    _float_epilogue                          0x08002a87   Thumb Code    92  fepilogue.o(.text)
    _double_round                            0x08002ae3   Thumb Code    30  depilogue.o(.text)
    _double_epilogue                         0x08002b01   Thumb Code   156  depilogue.o(.text)
    __scatterload                            0x08002b9d   Thumb Code    28  init.o(.text)
    __scatterload_rt2                        0x08002b9d   Thumb Code     0  init.o(.text)
    __decompress                             0x08002bc1   Thumb Code     0  __dczerorl2.o(.text)
    __decompress1                            0x08002bc1   Thumb Code    86  __dczerorl2.o(.text)
    BKP_DeInit                               0x08002c17   Thumb Code    16  stm32f10x_bkp.o(i.BKP_DeInit)
    BKP_ReadBackupRegister                   0x08002c29   Thumb Code    24  stm32f10x_bkp.o(i.BKP_ReadBackupRegister)
    BKP_WriteBackupRegister                  0x08002c45   Thumb Code    22  stm32f10x_bkp.o(i.BKP_WriteBackupRegister)
    Bolt_DiameterNumber                      0x08002c61   Thumb Code    44  data_process.o(i.Bolt_DiameterNumber)
    Bolt_GradeNumber                         0x08002c91   Thumb Code    44  data_process.o(i.Bolt_GradeNumber)
    Bolt_Grade_display                       0x08002cc1   Thumb Code    58  him_user_process.o(i.Bolt_Grade_display)
    Bolt_Standard_display                    0x08002d05   Thumb Code    58  him_user_process.o(i.Bolt_Standard_display)
    BusFault_Handler                         0x08002d49   Thumb Code     4  stm32f10x_it.o(i.BusFault_Handler)
    CH374LibInit                             0x08002d4d   Thumb Code    26  ch374drv.o(i.CH374LibInit)
    CH374_Init                               0x08002d71   Thumb Code    46  ch374drv.o(i.CH374_Init)
    CH374_READ_BLOCK                         0x08002db9   Thumb Code    44  ch374drv.o(i.CH374_READ_BLOCK)
    CH374_READ_BLOCK64                       0x08002de5   Thumb Code    44  ch374drv.o(i.CH374_READ_BLOCK64)
    CH374_READ_REGISTER                      0x08002e11   Thumb Code    28  ch374drv.o(i.CH374_READ_REGISTER)
    CH374_WRITE_BLOCK                        0x08002e2d   Thumb Code    42  ch374drv.o(i.CH374_WRITE_BLOCK)
    CH374_WRITE_BLOCK64                      0x08002e57   Thumb Code    42  ch374drv.o(i.CH374_WRITE_BLOCK64)
    CH374_WRITE_BLOCK_C                      0x08002e81   Thumb Code    38  ch374drv.o(i.CH374_WRITE_BLOCK_C)
    CH374_WRITE_REGISTER                     0x08002ea7   Thumb Code    26  ch374drv.o(i.CH374_WRITE_REGISTER)
    Data_Record_Storage                      0x08002ec1   Thumb Code  1484  mx25l6406.o(i.Data_Record_Storage)
    DebugMon_Handler                         0x080034ad   Thumb Code     2  stm32f10x_it.o(i.DebugMon_Handler)
    DisplayTime                              0x080034b1   Thumb Code   242  him_user_process.o(i.DisplayTime)
    Driver_Send32DataValue                   0x080035c1   Thumb Code    92  driver_user_driver.o(i.Driver_Send32DataValue)
    Driver_Send8DataValue                    0x0800361d   Thumb Code    74  driver_user_driver.o(i.Driver_Send8DataValue)
    Driver_SendChardata                      0x08003667   Thumb Code   126  driver_user_driver.o(i.Driver_SendChardata)
    Driver_UartInit                          0x080036e5   Thumb Code   166  driver_usart.o(i.Driver_UartInit)
    Driver_UartRead                          0x08003795   Thumb Code    46  driver_usart.o(i.Driver_UartRead)
    Driver_UartWrite                         0x080037cd   Thumb Code    48  driver_usart.o(i.Driver_UartWrite)
    EXTI9_5_IRQHandler                       0x08003801   Thumb Code   108  exti.o(i.EXTI9_5_IRQHandler)
    EXTIX_Init                               0x08003879   Thumb Code   190  exti.o(i.EXTIX_Init)
    EXTI_ClearITPendingBit                   0x08003941   Thumb Code     6  stm32f10x_exti.o(i.EXTI_ClearITPendingBit)
    EXTI_GetITStatus                         0x0800394d   Thumb Code    34  stm32f10x_exti.o(i.EXTI_GetITStatus)
    EXTI_Init                                0x08003975   Thumb Code   142  stm32f10x_exti.o(i.EXTI_Init)
    Flash_Model_parameters                   0x08003a09   Thumb Code  1034  mx25l6406.o(i.Flash_Model_parameters)
    Flash_task                               0x08003e9d   Thumb Code   346  task.o(i.Flash_task)
    GPIO_EXTILineConfig                      0x0800402d   Thumb Code    60  stm32f10x_gpio.o(i.GPIO_EXTILineConfig)
    GPIO_Init                                0x0800406d   Thumb Code   278  stm32f10x_gpio.o(i.GPIO_Init)
    GPIO_PinRemapConfig                      0x08004185   Thumb Code   138  stm32f10x_gpio.o(i.GPIO_PinRemapConfig)
    GPIO_ReadInputDataBit                    0x08004215   Thumb Code    18  stm32f10x_gpio.o(i.GPIO_ReadInputDataBit)
    GPIO_ResetBits                           0x08004227   Thumb Code     4  stm32f10x_gpio.o(i.GPIO_ResetBits)
    GPIO_SetBits                             0x0800422b   Thumb Code     4  stm32f10x_gpio.o(i.GPIO_SetBits)
    GetCRC16                                 0x08004231   Thumb Code    80  crc16.o(i.GetCRC16)
    Get_ActualTorque                         0x08004289   Thumb Code   392  data_process.o(i.Get_ActualTorque)
    Get_Bolttorque_parameter                 0x08004421   Thumb Code    42  data_process.o(i.Get_Bolttorque_parameter)
    Get_Flash_Parameters                     0x08004455   Thumb Code   872  mx25l6406.o(i.Get_Flash_Parameters)
    Get_GearTorque                           0x08004849   Thumb Code   216  data_process.o(i.Get_GearTorque)
    Get_GearTorqueValue                      0x0800492d   Thumb Code   198  him_user_process.o(i.Get_GearTorqueValue)
    Get_Pressure                             0x080049fd   Thumb Code    96  data_process.o(i.Get_Pressure)
    Get_TargetTorque                         0x08004a65   Thumb Code   216  data_process.o(i.Get_TargetTorque)
    HIM_ActualPressureuint_display           0x08004b49   Thumb Code    60  him_user_process.o(i.HIM_ActualPressureuint_display)
    HIM_ChartStandard_display                0x08004b91   Thumb Code    90  him_user_process.o(i.HIM_ChartStandard_display)
    HIM_Cursor                               0x08004c11   Thumb Code  2796  him_user_process.o(i.HIM_Cursor)
    HIM_GearTorqueValue                      0x080056fd   Thumb Code    26  him_user_process.o(i.HIM_GearTorqueValue)
    HIM_Home_Switcher                        0x08005717   Thumb Code    70  him_user_process.o(i.HIM_Home_Switcher)
    HIM_Language_display                     0x0800575d   Thumb Code    56  him_user_process.o(i.HIM_Language_display)
    HIM_MaxTorqueUnit_display                0x080057a5   Thumb Code    40  him_user_process.o(i.HIM_MaxTorqueUnit_display)
    HIM_MaxTorque_display                    0x080057d9   Thumb Code   238  him_user_process.o(i.HIM_MaxTorque_display)
    HIM_Pressure_display                     0x080058d9   Thumb Code   146  him_user_process.o(i.HIM_Pressure_display)
    HIM_Standard_display                     0x08005975   Thumb Code    28  him_user_process.o(i.HIM_Standard_display)
    HIM_TargetTorque_display                 0x08005995   Thumb Code    26  him_user_process.o(i.HIM_TargetTorque_display)
    HIM_TargetTorqueuint_display             0x080059b1   Thumb Code    44  him_user_process.o(i.HIM_TargetTorqueuint_display)
    HIM_task                                 0x080059e9   Thumb Code 19132  task.o(i.HIM_task)
    HardFault_Handler                        0x0800a4ad   Thumb Code     4  stm32f10x_it.o(i.HardFault_Handler)
    Hmi_UartInit                             0x0800a4b1   Thumb Code   164  hmi_user_uart.o(i.Hmi_UartInit)
    IWDG_Enable                              0x0800a55d   Thumb Code    10  stm32f10x_iwdg.o(i.IWDG_Enable)
    IWDG_Feed                                0x0800a56d   Thumb Code     8  iwdg.o(i.IWDG_Feed)
    IWDG_Init                                0x0800a575   Thumb Code    34  iwdg.o(i.IWDG_Init)
    IWDG_ReloadCounter                       0x0800a599   Thumb Code    10  stm32f10x_iwdg.o(i.IWDG_ReloadCounter)
    IWDG_SetPrescaler                        0x0800a5a9   Thumb Code     6  stm32f10x_iwdg.o(i.IWDG_SetPrescaler)
    IWDG_SetReload                           0x0800a5b5   Thumb Code     6  stm32f10x_iwdg.o(i.IWDG_SetReload)
    IWDG_WriteAccessCmd                      0x0800a5c1   Thumb Code     6  stm32f10x_iwdg.o(i.IWDG_WriteAccessCmd)
    Is_Leap_Year                             0x0800a5cd   Thumb Code    58  rtc.o(i.Is_Leap_Year)
    KEY_Scan                                 0x0800a609   Thumb Code   406  gpio.o(i.KEY_Scan)
    MX25L6406_Erase                          0x0800a7ad   Thumb Code    68  mx25l6406.o(i.MX25L6406_Erase)
    MX25L6406_Init                           0x0800a7f5   Thumb Code   152  mx25l6406.o(i.MX25L6406_Init)
    MX25L6406_Read                           0x0800a895   Thumb Code    78  mx25l6406.o(i.MX25L6406_Read)
    MX25L6406_ReadU16                        0x0800a8e9   Thumb Code    36  mx25l6406.o(i.MX25L6406_ReadU16)
    MX25L6406_ReadU32                        0x0800a90d   Thumb Code    52  mx25l6406.o(i.MX25L6406_ReadU32)
    MX25L6406_Read_status                    0x0800a941   Thumb Code    40  mx25l6406.o(i.MX25L6406_Read_status)
    MX25L6406_Write                          0x0800a96d   Thumb Code    84  mx25l6406.o(i.MX25L6406_Write)
    MX25L6406_WriteU16                       0x0800a9c5   Thumb Code    34  mx25l6406.o(i.MX25L6406_WriteU16)
    MX25L6406_WriteU32                       0x0800a9e7   Thumb Code    46  mx25l6406.o(i.MX25L6406_WriteU32)
    MX25L6406_Write_EN                       0x0800aa15   Thumb Code    26  mx25l6406.o(i.MX25L6406_Write_EN)
    MemManage_Handler                        0x0800aa35   Thumb Code     4  stm32f10x_it.o(i.MemManage_Handler)
    NMI_Handler                              0x0800aa39   Thumb Code     2  stm32f10x_it.o(i.NMI_Handler)
    NVIC_Configuration                       0x0800aa3b   Thumb Code    12  sys.o(i.NVIC_Configuration)
    NVIC_Init                                0x0800aa49   Thumb Code   100  misc.o(i.NVIC_Init)
    NVIC_PriorityGroupConfig                 0x0800aab9   Thumb Code    10  misc.o(i.NVIC_PriorityGroupConfig)
    OSInit                                   0x0800aacd   Thumb Code    44  os_core.o(i.OSInit)
    OSInitHookBegin                          0x0800aaf9   Thumb Code     2  os_cpu_c.o(i.OSInitHookBegin)
    OSInitHookEnd                            0x0800aafb   Thumb Code     2  os_cpu_c.o(i.OSInitHookEnd)
    OSIntEnter                               0x0800aafd   Thumb Code    28  os_core.o(i.OSIntEnter)
    OSIntExit                                0x0800ab21   Thumb Code   112  os_core.o(i.OSIntExit)
    OSStart                                  0x0800abb1   Thumb Code    48  os_core.o(i.OSStart)
    OSStatInit                               0x0800abf9   Thumb Code    62  os_core.o(i.OSStatInit)
    OSTCBInitHook                            0x0800ac45   Thumb Code     2  os_cpu_c.o(i.OSTCBInitHook)
    OSTaskCreate                             0x0800ac49   Thumb Code   148  os_task.o(i.OSTaskCreate)
    OSTaskCreateExt                          0x0800ace9   Thumb Code   170  os_task.o(i.OSTaskCreateExt)
    OSTaskCreateHook                         0x0800ada1   Thumb Code     2  os_cpu_c.o(i.OSTaskCreateHook)
    OSTaskIdleHook                           0x0800ada3   Thumb Code     2  os_cpu_c.o(i.OSTaskIdleHook)
    OSTaskNameSet                            0x0800ada5   Thumb Code    98  os_task.o(i.OSTaskNameSet)
    OSTaskStatHook                           0x0800ae15   Thumb Code     2  os_cpu_c.o(i.OSTaskStatHook)
    OSTaskStkChk                             0x0800ae19   Thumb Code   132  os_task.o(i.OSTaskStkChk)
    OSTaskStkInit                            0x0800aea5   Thumb Code   154  os_cpu_c.o(i.OSTaskStkInit)
    OSTaskSuspend                            0x0800af41   Thumb Code   152  os_task.o(i.OSTaskSuspend)
    OSTaskSwHook                             0x0800afe9   Thumb Code     2  os_cpu_c.o(i.OSTaskSwHook)
    OSTimeDly                                0x0800afed   Thumb Code   100  os_time.o(i.OSTimeDly)
    OSTimeTick                               0x0800b065   Thumb Code   210  os_core.o(i.OSTimeTick)
    OSTimeTickHook                           0x0800b151   Thumb Code     2  os_cpu_c.o(i.OSTimeTickHook)
    OS_FlagInit                              0x0800b155   Thumb Code    74  os_flag.o(i.OS_FlagInit)
    OS_MemClr                                0x0800b3b9   Thumb Code    18  os_core.o(i.OS_MemClr)
    OS_QInit                                 0x0800b3cd   Thumb Code    72  os_q.o(i.OS_QInit)
    OS_Sched                                 0x0800b41d   Thumb Code    88  os_core.o(i.OS_Sched)
    OS_TCBInit                               0x0800b4bd   Thumb Code   278  os_core.o(i.OS_TCBInit)
    OS_TaskIdle                              0x0800b5f1   Thumb Code    34  os_core.o(i.OS_TaskIdle)
    OS_TaskStat                              0x0800b619   Thumb Code   116  os_core.o(i.OS_TaskStat)
    OS_TaskStatStkChk                        0x0800b6a1   Thumb Code    54  os_core.o(i.OS_TaskStatStkChk)
    OS_TaskStkClr                            0x0800b6dd   Thumb Code    26  os_task.o(i.OS_TaskStkClr)
    PWR_BackupAccessCmd                      0x0800b6f9   Thumb Code     6  stm32f10x_pwr.o(i.PWR_BackupAccessCmd)
    RCC_APB1PeriphClockCmd                   0x0800b705   Thumb Code    26  stm32f10x_rcc.o(i.RCC_APB1PeriphClockCmd)
    RCC_APB1PeriphResetCmd                   0x0800b725   Thumb Code    26  stm32f10x_rcc.o(i.RCC_APB1PeriphResetCmd)
    RCC_APB2PeriphClockCmd                   0x0800b745   Thumb Code    26  stm32f10x_rcc.o(i.RCC_APB2PeriphClockCmd)
    RCC_APB2PeriphResetCmd                   0x0800b765   Thumb Code    26  stm32f10x_rcc.o(i.RCC_APB2PeriphResetCmd)
    RCC_BackupResetCmd                       0x0800b785   Thumb Code     6  stm32f10x_rcc.o(i.RCC_BackupResetCmd)
    RCC_GetClocksFreq                        0x0800b791   Thumb Code   192  stm32f10x_rcc.o(i.RCC_GetClocksFreq)
    RCC_GetFlagStatus                        0x0800b865   Thumb Code    56  stm32f10x_rcc.o(i.RCC_GetFlagStatus)
    RCC_LSEConfig                            0x0800b8a1   Thumb Code    46  stm32f10x_rcc.o(i.RCC_LSEConfig)
    RCC_RTCCLKCmd                            0x0800b8d5   Thumb Code     6  stm32f10x_rcc.o(i.RCC_RTCCLKCmd)
    RCC_RTCCLKConfig                         0x0800b8e1   Thumb Code    12  stm32f10x_rcc.o(i.RCC_RTCCLKConfig)
    RTC_ClearITPendingBit                    0x0800b8f1   Thumb Code    12  stm32f10x_rtc.o(i.RTC_ClearITPendingBit)
    RTC_EnterConfigMode                      0x0800b901   Thumb Code    14  stm32f10x_rtc.o(i.RTC_EnterConfigMode)
    RTC_ExitConfigMode                       0x0800b915   Thumb Code    16  stm32f10x_rtc.o(i.RTC_ExitConfigMode)
    RTC_Get                                  0x0800b929   Thumb Code   242  rtc.o(i.RTC_Get)
    RTC_GetCounter                           0x0800ba2d   Thumb Code    16  stm32f10x_rtc.o(i.RTC_GetCounter)
    RTC_GetITStatus                          0x0800ba41   Thumb Code    32  stm32f10x_rtc.o(i.RTC_GetITStatus)
    RTC_Get_Week                             0x0800ba65   Thumb Code   116  rtc.o(i.RTC_Get_Week)
    RTC_IRQHandler                           0x0800badd   Thumb Code    40  rtc.o(i.RTC_IRQHandler)
    RTC_ITConfig                             0x0800bb05   Thumb Code    26  stm32f10x_rtc.o(i.RTC_ITConfig)
    RTC_Init                                 0x0800bb25   Thumb Code   190  rtc.o(i.RTC_Init)
    RTC_Set                                  0x0800bc05   Thumb Code   188  rtc.o(i.RTC_Set)
    RTC_SetCounter                           0x0800bcd1   Thumb Code    24  stm32f10x_rtc.o(i.RTC_SetCounter)
    RTC_SetPrescaler                         0x0800bced   Thumb Code    26  stm32f10x_rtc.o(i.RTC_SetPrescaler)
    RTC_WaitForLastTask                      0x0800bd0d   Thumb Code    16  stm32f10x_rtc.o(i.RTC_WaitForLastTask)
    RTC_WaitForSynchro                       0x0800bd21   Thumb Code    30  stm32f10x_rtc.o(i.RTC_WaitForSynchro)
    SPI1_ReadWriteByte                       0x0800bd45   Thumb Code    50  mx25l6406.o(i.SPI1_ReadWriteByte)
    SPI2_Init                                0x0800bd7d   Thumb Code   188  ch374drv.o(i.SPI2_Init)
    SPI3_TransByte                           0x0800be45   Thumb Code    50  ch374drv.o(i.SPI3_TransByte)
    SPI_Cmd                                  0x0800be7d   Thumb Code    24  stm32f10x_spi.o(i.SPI_Cmd)
    SPI_Flash_Write                          0x0800be95   Thumb Code   180  mx25l6406.o(i.SPI_Flash_Write)
    SPI_Flash_Write_NoCheck                  0x0800bf4d   Thumb Code    70  mx25l6406.o(i.SPI_Flash_Write_NoCheck)
    SPI_I2S_GetFlagStatus                    0x0800bf93   Thumb Code    18  stm32f10x_spi.o(i.SPI_I2S_GetFlagStatus)
    SPI_I2S_ReceiveData                      0x0800bfa5   Thumb Code     6  stm32f10x_spi.o(i.SPI_I2S_ReceiveData)
    SPI_I2S_SendData                         0x0800bfab   Thumb Code     4  stm32f10x_spi.o(i.SPI_I2S_SendData)
    SPI_Init                                 0x0800bfaf   Thumb Code    60  stm32f10x_spi.o(i.SPI_Init)
    SVC_Handler                              0x0800bfeb   Thumb Code     2  stm32f10x_it.o(i.SVC_Handler)
    SYS_task                                 0x0800bfed   Thumb Code   210  task.o(i.SYS_task)
    Select_Bolttorque_parameter              0x0800c109   Thumb Code    48  data_process.o(i.Select_Bolttorque_parameter)
    SendChar                                 0x0800c141   Thumb Code    42  hmi_user_uart.o(i.SendChar)
    SendStrings                              0x0800c171   Thumb Code    22  him_user_driver.o(i.SendStrings)
    Send_DriverParameter                     0x0800c189   Thumb Code   620  driver_user_driver.o(i.Send_DriverParameter)
    SetControlForeColor                      0x0800c47d   Thumb Code    88  him_user_driver.o(i.SetControlForeColor)
    SetLanguage                              0x0800c4d5   Thumb Code    68  him_user_driver.o(i.SetLanguage)
    SetScreen                                0x0800c519   Thumb Code    60  him_user_driver.o(i.SetScreen)
    SetTextFlickerCycle                      0x0800c63d   Thumb Code    88  him_user_driver.o(i.SetTextFlickerCycle)
    SetTextFloat                             0x0800c695   Thumb Code   140  him_user_driver.o(i.SetTextFloat)
    SetTextInt32                             0x0800c721   Thumb Code   140  him_user_driver.o(i.SetTextInt32)
    SetTextValues                            0x0800c7ad   Thumb Code    82  him_user_driver.o(i.SetTextValues)
    Set_ArrayCount                           0x0800c7ff   Thumb Code    24  hydraulic_process.o(i.Set_ArrayCount)
    Spanner_Sensor_parameter                 0x0800c819   Thumb Code    16  data_process.o(i.Spanner_Sensor_parameter)
    Spanner_type_OilReturnTime               0x0800c82d   Thumb Code    16  data_process.o(i.Spanner_type_OilReturnTime)
    Spanner_type_parameter                   0x0800c841   Thumb Code    16  data_process.o(i.Spanner_type_parameter)
    Spi374Start                              0x0800c855   Thumb Code    30  ch374drv.o(i.Spi374Start)
    Spi374Stop                               0x0800c879   Thumb Code    14  ch374drv.o(i.Spi374Stop)
    StructToStr                              0x0800c88d   Thumb Code  2126  ch374drv.o(i.StructToStr)
    SysTick_CLKSourceConfig                  0x0800d0db   Thumb Code    40  misc.o(i.SysTick_CLKSourceConfig)
    SysTick_Handler                          0x0800d103   Thumb Code    16  delay.o(i.SysTick_Handler)
    SystemInit                               0x0800d115   Thumb Code    78  system_stm32f10x.o(i.SystemInit)
    TIM3_IRQHandler                          0x0800d175   Thumb Code    64  timer.o(i.TIM3_IRQHandler)
    TIM3_Int_Init                            0x0800d1c5   Thumb Code    90  timer.o(i.TIM3_Int_Init)
    TIM_ClearITPendingBit                    0x0800d225   Thumb Code     6  stm32f10x_tim.o(i.TIM_ClearITPendingBit)
    TIM_Cmd                                  0x0800d22b   Thumb Code    24  stm32f10x_tim.o(i.TIM_Cmd)
    TIM_GetITStatus                          0x0800d243   Thumb Code    34  stm32f10x_tim.o(i.TIM_GetITStatus)
    TIM_ITConfig                             0x0800d265   Thumb Code    18  stm32f10x_tim.o(i.TIM_ITConfig)
    TIM_TimeBaseInit                         0x0800d279   Thumb Code   122  stm32f10x_tim.o(i.TIM_TimeBaseInit)
    Time_task                                0x0800d31d   Thumb Code    22  task.o(i.Time_task)
    TypeC_UartDriver                         0x0800d339   Thumb Code  3070  usbtype-c.o(i.TypeC_UartDriver)
    TypeC_UartInit                           0x0800df59   Thumb Code   160  usbtype-c.o(i.TypeC_UartInit)
    TypeC_UartRead                           0x0800e001   Thumb Code    46  usbtype-c.o(i.TypeC_UartRead)
    TypeC_UartWrite                          0x0800e039   Thumb Code    48  usbtype-c.o(i.TypeC_UartWrite)
    UART4_IRQHandler                         0x0800e06d   Thumb Code    50  driver_usart.o(i.UART4_IRQHandler)
    USART1_IRQHandler                        0x0800e0ad   Thumb Code   122  usart.o(i.USART1_IRQHandler)
    USART2_IRQHandler                        0x0800e135   Thumb Code    52  usbtype-c.o(i.USART2_IRQHandler)
    USART3_IRQHandler                        0x0800e175   Thumb Code    36  hmi_user_uart.o(i.USART3_IRQHandler)
    USART_ClearITPendingBit                  0x0800e19d   Thumb Code    30  stm32f10x_usart.o(i.USART_ClearITPendingBit)
    USART_Cmd                                0x0800e1bb   Thumb Code    24  stm32f10x_usart.o(i.USART_Cmd)
    USART_DeInit                             0x0800e1d5   Thumb Code   134  stm32f10x_usart.o(i.USART_DeInit)
    USART_GetFlagStatus                      0x0800e271   Thumb Code    26  stm32f10x_usart.o(i.USART_GetFlagStatus)
    USART_GetITStatus                        0x0800e28b   Thumb Code    84  stm32f10x_usart.o(i.USART_GetITStatus)
    USART_ITConfig                           0x0800e2df   Thumb Code    74  stm32f10x_usart.o(i.USART_ITConfig)
    USART_Init                               0x0800e329   Thumb Code   210  stm32f10x_usart.o(i.USART_Init)
    USART_ReceiveData                        0x0800e401   Thumb Code    10  stm32f10x_usart.o(i.USART_ReceiveData)
    USART_SendData                           0x0800e40b   Thumb Code     8  stm32f10x_usart.o(i.USART_SendData)
    Uart1_Init                               0x0800e415   Thumb Code   154  usart.o(i.Uart1_Init)
    Uart2RxMonitor                           0x0800e4b9   Thumb Code    78  usbtype-c.o(i.Uart2RxMonitor)
    UartDriver                               0x0800e519   Thumb Code   606  driver_usart.o(i.UartDriver)
    UartRxMonitor                            0x0800e7ad   Thumb Code    78  driver_usart.o(i.UartRxMonitor)
    Udisk_task                               0x0800e80d   Thumb Code   202  task.o(i.Udisk_task)
    UsageFault_Handler                       0x0800e8e9   Thumb Code     4  stm32f10x_it.o(i.UsageFault_Handler)
    UsartDriverRev_task                      0x0800e8ed   Thumb Code    22  task.o(i.UsartDriverRev_task)
    WriteTail                                0x0800e909   Thumb Code   146  ch374drv.o(i.WriteTail)
    __0printf$8                              0x0800e9ad   Thumb Code    22  printf8.o(i.__0printf$8)
    __1printf$8                              0x0800e9ad   Thumb Code     0  printf8.o(i.__0printf$8)
    __2printf                                0x0800e9ad   Thumb Code     0  printf8.o(i.__0printf$8)
    __0sprintf$8                             0x0800e9cd   Thumb Code    34  printf8.o(i.__0sprintf$8)
    __1sprintf$8                             0x0800e9cd   Thumb Code     0  printf8.o(i.__0sprintf$8)
    __2sprintf                               0x0800e9cd   Thumb Code     0  printf8.o(i.__0sprintf$8)
    __scatterload_copy                       0x0800e9f5   Thumb Code    14  handlers.o(i.__scatterload_copy)
    __scatterload_null                       0x0800ea03   Thumb Code     2  handlers.o(i.__scatterload_null)
    __scatterload_zeroinit                   0x0800ea05   Thumb Code    14  handlers.o(i.__scatterload_zeroinit)
    delay_init                               0x0800ee81   Thumb Code    76  delay.o(i.delay_init)
    delay_ms                                 0x0800eedd   Thumb Code    62  delay.o(i.delay_ms)
    delay_us                                 0x0800ef25   Thumb Code    70  delay.o(i.delay_us)
    formationStr                             0x0800ef71   Thumb Code   160  ch374drv.o(i.formationStr)
    fputc                                    0x0800f019   Thumb Code    24  usart.o(i.fputc)
    gpio_Init                                0x0800f035   Thumb Code   122  gpio.o(i.gpio_Init)
    mStopIfError                             0x0800f0bd   Thumb Code    20  ch374drv.o(i.mStopIfError)
    main                                     0x0800f0e1   Thumb Code   130  main.o(i.main)
    start_task                               0x0800f179   Thumb Code   104  main.o(i.start_task)
    xDelayAfterWrite                         0x0800f211   Thumb Code    14  ch374drv.o(i.xDelayAfterWrite)
    xFileNameEnumer                          0x0800f21f   Thumb Code     2  ch374drv.o(i.xFileNameEnumer)
    xQueryInterrupt                          0x0800f221   Thumb Code    20  ch374drv.o(i.xQueryInterrupt)
    table_week                               0x0800f4c0   Data          12  rtc.o(.constdata)
    mon_table                                0x0800f4cc   Data          12  rtc.o(.constdata)
    OSUnMapTbl                               0x0800f4d8   Data         256  os_core.o(.constdata)
    Region$$Table$$Base                      0x0800f5d8   Number         0  anon$$obj.o(Region$$Table)
    Region$$Table$$Limit                     0x0800f5f8   Number         0  anon$$obj.o(Region$$Table)
    SystemCoreClock                          0x20000000   Data           4  system_stm32f10x.o(.data)
    AHBPrescTable                            0x20000004   Data          16  system_stm32f10x.o(.data)
    FreeDogStructVar                         0x20000014   Data           5  task.o(.data)
    Cursor_id                                0x20000019   Data           1  task.o(.data)
    Set_Language_Type                        0x2000001a   Data           1  task.o(.data)
    Set_Chart_Standard_Type                  0x2000001b   Data           1  task.o(.data)
    Set_ProductStandard_Type                 0x2000001c   Data           1  task.o(.data)
    Set_Bolt_Diameter                        0x2000001d   Data           1  task.o(.data)
    Set_Bolt_Garder                          0x2000001e   Data           1  task.o(.data)
    Set_Torque_Unit                          0x2000001f   Data           1  task.o(.data)
    Set_Pressure_Unit_Type                   0x20000020   Data           1  task.o(.data)
    TargetTorque_value                       0x20000024   Data           4  task.o(.data)
    Set_Target_Angle                         0x20000028   Data           2  task.o(.data)
    Set_Target_Gear                          0x2000002a   Data           1  task.o(.data)
    GearTorque_value                         0x2000002c   Data           4  task.o(.data)
    Spanner_Coefficien                       0x20000030   Data           4  task.o(.data)
    BoltCoefficient_value                    0x20000034   Data           4  task.o(.data)
    Set_SensorTorque                         0x20000038   Data           4  task.o(.data)
    Set_Target_Usage                         0x2000003c   Data           4  task.o(.data)
    Set_Control_Mode                         0x20000040   Data           1  task.o(.data)
    UsageCounter                             0x20000044   Data           4  task.o(.data)
    Pressure_Value                           0x20000048   Data           4  task.o(.data)
    Angle_Value                              0x2000004c   Data           2  task.o(.data)
    Max_Angle                                0x2000004e   Data           2  task.o(.data)
    AutoNumber                               0x20000050   Data           1  task.o(.data)
    Spanner_type_Flag                        0x2000005c   Data           1  data_process.o(.data)
    Targettorque_parameter_Flag              0x2000005d   Data           1  data_process.o(.data)
    Last_Spanner_type                        0x2000005e   Data           1  data_process.o(.data)
    KEY_Type                                 0x2000005f   Data           1  gpio.o(.data)
    current_screen_id                        0x20000062   Data           2  him_user_process.o(.data)
    previous_screen_id                       0x20000064   Data           2  him_user_process.o(.data)
    USART2_RX_CNT                            0x2000006e   Data           2  usbtype-c.o(.data)
    TypeC_flagFrame                          0x20000070   Data           1  usbtype-c.o(.data)
    Spanner_Number                           0x20000072   Data           2  usbtype-c.o(.data)
    Password                                 0x20000074   Data           6  usbtype-c.o(.data)
    Unlock_Password                          0x2000007a   Data           6  usbtype-c.o(.data)
    Data_Storage                             0x20000080   Data           1  usbtype-c.o(.data)
    Factory_Number_length                    0x20000081   Data           1  usbtype-c.o(.data)
    Device_name_length                       0x20000082   Data           1  usbtype-c.o(.data)
    Equipment_Number_length                  0x20000083   Data           1  usbtype-c.o(.data)
    Operator_name_length                     0x20000084   Data           1  usbtype-c.o(.data)
    Gear_length                              0x20000085   Data           1  usbtype-c.o(.data)
    Blot_addressNumber                       0x20000086   Data           1  usbtype-c.o(.data)
    Parameter_Storage_Status                 0x20000090   Data           1  mx25l6406.o(.data)
    RecorddataCount                          0x20000094   Data           4  mx25l6406.o(.data)
    Automatic_Recording_times                0x20000098   Data           1  mx25l6406.o(.data)
    DriveControl_status                      0x20000099   Data           1  mx25l6406.o(.data)
    arrChina                                 0x2000009a   Data         170  ch374drv.o(.data)
    arrEnglish                               0x20000144   Data         230  ch374drv.o(.data)
    USART3_RX_CNT                            0x2000022c   Data           1  driver_usart.o(.data)
    Driver_flagFrame                         0x2000022d   Data           1  driver_usart.o(.data)
    RecordCount                              0x2000022e   Data           1  driver_usart.o(.data)
    Collect_Pressure                         0x20000230   Data           4  driver_usart.o(.data)
    Collect_Angle                            0x20000234   Data           2  driver_usart.o(.data)
    Data_send_Status                         0x20000238   Data           1  driver_user_driver.o(.data)
    Spanner_OilReturnTime                    0x20000239   Data           1  driver_user_driver.o(.data)
    Last_TargetTorque_value                  0x2000023c   Data           4  driver_user_driver.o(.data)
    Last_BoltCoefficient_value               0x20000240   Data           4  driver_user_driver.o(.data)
    Last_GearTorque_value                    0x20000244   Data           4  driver_user_driver.o(.data)
    Last_Set_Target_Angle                    0x20000248   Data           2  driver_user_driver.o(.data)
    Last_Set_SensorTorque                    0x2000024c   Data           4  driver_user_driver.o(.data)
    Last_Set_Target_Usage                    0x20000250   Data           4  driver_user_driver.o(.data)
    Last_Set_Control_Mode                    0x20000254   Data           1  driver_user_driver.o(.data)
    Last_Language_Type                       0x20000255   Data           1  driver_user_driver.o(.data)
    Last_Chart_Standard_Type                 0x20000256   Data           1  driver_user_driver.o(.data)
    Last_ProductStandard_Type                0x20000257   Data           1  driver_user_driver.o(.data)
    Last_TargetTorque_unit                   0x20000258   Data           1  driver_user_driver.o(.data)
    Last_SensorTorque_unit                   0x20000259   Data           1  driver_user_driver.o(.data)
    Last_MaxTorque_unit                      0x2000025a   Data           1  driver_user_driver.o(.data)
    Last_Pressure_Unit_Type                  0x2000025b   Data           1  driver_user_driver.o(.data)
    Last_Bolt_Diameter                       0x2000025c   Data           1  driver_user_driver.o(.data)
    Last_Bolt_Garder                         0x2000025d   Data           1  driver_user_driver.o(.data)
    Last_BoltTargetTorque_unit               0x2000025e   Data           1  driver_user_driver.o(.data)
    Last_Set_Target_Gear                     0x2000025f   Data           1  driver_user_driver.o(.data)
    __stdout                                 0x20000264   Data           4  usart.o(.data)
    USART_RX_STA                             0x20000268   Data           2  usart.o(.data)
    KEY1_ucTimer                             0x2000026a   Data           2  timer.o(.data)
    KEY2_ucTimer                             0x2000026c   Data           2  timer.o(.data)
    KEY4_ucTimer                             0x2000026e   Data           2  timer.o(.data)
    tempvalue                                0x20000270   Data           2  exti.o(.data)
    EC11_status                              0x20000272   Data           1  exti.o(.data)
    OSCtxSwCtr                               0x2000028c   Data           4  os_core.o(.data)
    OSEventFreeList                          0x20000290   Data           4  os_core.o(.data)
    OSFlagFreeList                           0x20000294   Data           4  os_core.o(.data)
    OSCPUUsage                               0x20000298   Data           1  os_core.o(.data)
    OSIdleCtrMax                             0x2000029c   Data           4  os_core.o(.data)
    OSIdleCtrRun                             0x200002a0   Data           4  os_core.o(.data)
    OSStatRdy                                0x200002a4   Data           1  os_core.o(.data)
    OSIntNesting                             0x200002a5   Data           1  os_core.o(.data)
    OSLockNesting                            0x200002a6   Data           1  os_core.o(.data)
    OSPrioCur                                0x200002a7   Data           1  os_core.o(.data)
    OSPrioHighRdy                            0x200002a8   Data           1  os_core.o(.data)
    OSRdyGrp                                 0x200002a9   Data           1  os_core.o(.data)
    OSRdyTbl                                 0x200002aa   Data           8  os_core.o(.data)
    OSRunning                                0x200002b2   Data           1  os_core.o(.data)
    OSTaskCtr                                0x200002b3   Data           1  os_core.o(.data)
    OSIdleCtr                                0x200002b4   Data           4  os_core.o(.data)
    OSTCBCur                                 0x200002b8   Data           4  os_core.o(.data)
    OSTCBFreeList                            0x200002bc   Data           4  os_core.o(.data)
    OSTCBHighRdy                             0x200002c0   Data           4  os_core.o(.data)
    OSTCBList                                0x200002c4   Data           4  os_core.o(.data)
    OSTickStepState                          0x200002c8   Data           1  os_core.o(.data)
    OSQFreeList                              0x200002cc   Data           4  os_core.o(.data)
    OSTime                                   0x200002d0   Data           4  os_core.o(.data)
    CH374IntStatus                           0x200002d4   Data           1  CH374MAI.O(.data)
    CH374DiskStatus                          0x200002d5   Data           1  CH374MAI.O(.data)
    CH374vDiskFat                            0x200002d6   Data           1  CH374MAI.O(.data)
    CH374vSecPerClus                         0x200002d7   Data           1  CH374MAI.O(.data)
    CH374vRetryCount                         0x200002d8   Data           1  CH374MAI.O(.data)
    CH374vUsbPidIn                           0x200002d9   Data           1  CH374MAI.O(.data)
    CH374vDevEndpTog                         0x200002da   Data           1  CH374MAI.O(.data)
    CH374vCurrentLun                         0x200002db   Data           1  CH374MAI.O(.data)
    CH374vDiskRetry                          0x200002dc   Data           1  CH374MAI.O(.data)
    CH374vEmbHubIndex                        0x200002dd   Data           1  CH374MAI.O(.data)
    CH374vHubPortCount                       0x200002de   Data           1  CH374MAI.O(.data)
    CH374vHubPortIndex                       0x200002df   Data           1  CH374MAI.O(.data)
    CH374v07                                 0x200002e0   Data           1  CH374MAI.O(.data)
    CH374v12                                 0x200002e1   Data           1  CH374MAI.O(.data)
    CH374v13                                 0x200002e2   Data           1  CH374MAI.O(.data)
    CH374v18                                 0x200002e3   Data           1  CH374MAI.O(.data)
    CH374v21                                 0x200002e4   Data           1  CH374MAI.O(.data)
    CH374v22                                 0x200002e5   Data           1  CH374MAI.O(.data)
    CH374v23                                 0x200002e6   Data           1  CH374MAI.O(.data)
    CH374v26                                 0x200002e7   Data           1  CH374MAI.O(.data)
    CH374vFdtOffset                          0x200002e8   Data           2  CH374MAI.O(.data)
    CH374vSectorSize                         0x200002ea   Data           2  CH374MAI.O(.data)
    CH374v04                                 0x200002ec   Data           2  CH374MAI.O(.data)
    CH374v06                                 0x200002ee   Data           2  CH374MAI.O(.data)
    CH374vStartCluster                       0x200002f0   Data           4  CH374MAI.O(.data)
    CH374vFileSize                           0x200002f4   Data           4  CH374MAI.O(.data)
    CH374vCurrentOffset                      0x200002f8   Data           4  CH374MAI.O(.data)
    CH374vDiskRoot                           0x200002fc   Data           4  CH374MAI.O(.data)
    CH374vDataStart                          0x20000300   Data           4  CH374MAI.O(.data)
    CH374vFdtLba                             0x20000304   Data           4  CH374MAI.O(.data)
    pDISK_BASE_BUF                           0x20000308   Data           4  CH374MAI.O(.data)
    CH374v01                                 0x2000030c   Data           4  CH374MAI.O(.data)
    CH374v02                                 0x20000310   Data           4  CH374MAI.O(.data)
    CH374v03                                 0x20000314   Data           4  CH374MAI.O(.data)
    CH374v08                                 0x20000318   Data           4  CH374MAI.O(.data)
    CH374v09                                 0x2000031c   Data           4  CH374MAI.O(.data)
    CH374v14                                 0x20000320   Data           4  CH374MAI.O(.data)
    CH374v17                                 0x20000324   Data           4  CH374MAI.O(.data)
    CH374v19                                 0x20000328   Data           4  CH374MAI.O(.data)
    CH374v25                                 0x2000032c   Data           4  CH374MAI.O(.data)
    START_TASK_STK                           0x20000330   Data         400  main.o(.bss)
    SYS_TASK_STK                             0x200004c0   Data         400  main.o(.bss)
    Udisk_TASK_STK                           0x20000650   Data        1200  main.o(.bss)
    Flash_TASK_STK                           0x20000b00   Data        9200  main.o(.bss)
    Time_TASK_STK                            0x20002ef0   Data        8000  main.o(.bss)
    UsartDriverRev_TASK_STK                  0x20004e30   Data        1200  main.o(.bss)
    HIM_TASK_STK                             0x200052e0   Data        1200  main.o(.bss)
    SpannerType                              0x20005790   Data        1036  task.o(.bss)
    BoltType                                 0x20005b9c   Data        2200  task.o(.bss)
    AutoDatabuff                             0x20006434   Data         480  task.o(.bss)
    Gears_data                               0x20006614   Data        2040  usbtype-c.o(.bss)
    USART2_RX_BUF                            0x20006e0c   Data        2048  usbtype-c.o(.bss)
    Set_Factory_Number                       0x2000760c   Data          20  usbtype-c.o(.bss)
    Device_name                              0x20007620   Data          20  usbtype-c.o(.bss)
    Set_Equipment_Number                     0x20007634   Data          20  usbtype-c.o(.bss)
    Operator_name                            0x20007648   Data          20  usbtype-c.o(.bss)
    SPI_FLASH_BUF                            0x2000765c   Data        4096  mx25l6406.o(.bss)
    Databuff                                 0x2000865c   Data         120  mx25l6406.o(.bss)
    mCmdParam                                0x200086d8   Data          32  ch374drv.o(.bss)
    mBOC                                     0x200086f8   Data          20  ch374drv.o(.bss)
    DISK_BASE_BUF                            0x20008710   Data         512  ch374drv.o(.bss)
    USART3_RX_BUF                            0x20008910   Data          64  driver_usart.o(.bss)
    USART_RX_BUF                             0x20008950   Data         200  usart.o(.bss)
    calendar                                 0x20008a18   Data          10  rtc.o(.bss)
    OSEventTbl                               0x20008a24   Data         200  os_core.o(.bss)
    OSFlagTbl                                0x20008aec   Data          80  os_core.o(.bss)
    OSTaskStatStk                            0x20008b3c   Data         512  os_core.o(.bss)
    OSTaskIdleStk                            0x20008d3c   Data         512  os_core.o(.bss)
    OSTCBPrioTbl                             0x20008f3c   Data         256  os_core.o(.bss)
    OSTCBTbl                                 0x2000903c   Data        1008  os_core.o(.bss)
    OSQTbl                                   0x2000942c   Data         120  os_core.o(.bss)
    __initial_sp                             0x200098a8   Data           0  startup_stm32f10x_hd.o(STACK)



==============================================================================

Memory Map of the image

  Image Entry point : 0x08000131

  Load Region LR_IROM1 (Base: 0x08000000, Size: 0x0000f928, Max: 0x00040000, ABSOLUTE, COMPRESSED[0x0000f770])

    Execution Region ER_IROM1 (Exec base: 0x08000000, Load base: 0x08000000, Size: 0x0000f5f8, Max: 0x00040000, ABSOLUTE)

    Exec Addr    Load Addr    Size         Type   Attr      Idx    E Section Name        Object

    0x08000000   0x08000000   0x00000130   Data   RO         1463    RESET               startup_stm32f10x_hd.o
    0x08000130   0x08000130   0x00000000   Code   RO         4166  * .ARM.Collect$$$$00000000  mc_w.l(entry.o)
    0x08000130   0x08000130   0x00000004   Code   RO         4478    .ARM.Collect$$$$00000001  mc_w.l(entry2.o)
    0x08000134   0x08000134   0x00000004   Code   RO         4481    .ARM.Collect$$$$00000004  mc_w.l(entry5.o)
    0x08000138   0x08000138   0x00000000   Code   RO         4483    .ARM.Collect$$$$00000008  mc_w.l(entry7b.o)
    0x08000138   0x08000138   0x00000000   Code   RO         4485    .ARM.Collect$$$$0000000A  mc_w.l(entry8b.o)
    0x08000138   0x08000138   0x00000008   Code   RO         4486    .ARM.Collect$$$$0000000B  mc_w.l(entry9a.o)
    0x08000140   0x08000140   0x00000000   Code   RO         4488    .ARM.Collect$$$$0000000D  mc_w.l(entry10a.o)
    0x08000140   0x08000140   0x00000000   Code   RO         4490    .ARM.Collect$$$$0000000F  mc_w.l(entry11a.o)
    0x08000140   0x08000140   0x00000004   Code   RO         4479    .ARM.Collect$$$$00002712  mc_w.l(entry2.o)
    0x08000144   0x08000144   0x00000024   Code   RO         1464    .text               startup_stm32f10x_hd.o
    0x08000168   0x08000168   0x000000b4   Code   RO         4065    .text               os_cpu_a.o
    0x0800021c   0x0800021c   0x00001c98   Code   RO         4159    .text               CH374HFM.LIB(CH374MAI.O)
    0x08001eb4   0x08001eb4   0x00000314   Code   RO         4162    .text               CH374HFM.LIB(CH374BYT.O)
    0x080021c8   0x080021c8   0x00000140   Code   RO         4164    .text               CH374HFM.LIB(CH374DSZ.O)
    0x08002308   0x08002308   0x00000024   Code   RO         4169    .text               mc_w.l(memcpya.o)
    0x0800232c   0x0800232c   0x00000024   Code   RO         4171    .text               mc_w.l(memseta.o)
    0x08002350   0x08002350   0x00000018   Code   RO         4173    .text               mc_w.l(strncpy.o)
    0x08002368   0x08002368   0x0000000e   Code   RO         4175    .text               mc_w.l(strlen.o)
    0x08002376   0x08002376   0x0000001c   Code   RO         4177    .text               mc_w.l(strcmp.o)
    0x08002392   0x08002392   0x00000014   Code   RO         4442    .text               mc_w.l(uread4.o)
    0x080023a6   0x080023a6   0x000000b0   Code   RO         4444    .text               mf_w.l(fadd.o)
    0x08002456   0x08002456   0x00000064   Code   RO         4446    .text               mf_w.l(fmul.o)
    0x080024ba   0x080024ba   0x0000007c   Code   RO         4448    .text               mf_w.l(fdiv.o)
    0x08002536   0x08002536   0x0000014e   Code   RO         4450    .text               mf_w.l(dadd.o)
    0x08002684   0x08002684   0x000000e4   Code   RO         4452    .text               mf_w.l(dmul.o)
    0x08002768   0x08002768   0x000000de   Code   RO         4454    .text               mf_w.l(ddiv.o)
    0x08002846   0x08002846   0x00000012   Code   RO         4456    .text               mf_w.l(fflti.o)
    0x08002858   0x08002858   0x0000000a   Code   RO         4458    .text               mf_w.l(ffltui.o)
    0x08002862   0x08002862   0x00000022   Code   RO         4460    .text               mf_w.l(dflti.o)
    0x08002884   0x08002884   0x0000001a   Code   RO         4462    .text               mf_w.l(dfltui.o)
    0x0800289e   0x0800289e   0x00000028   Code   RO         4464    .text               mf_w.l(ffixui.o)
    0x080028c6   0x080028c6   0x00000032   Code   RO         4466    .text               mf_w.l(dfixui.o)
    0x080028f8   0x080028f8   0x00000026   Code   RO         4468    .text               mf_w.l(f2d.o)
    0x0800291e   0x0800291e   0x00000002   PAD
    0x08002920   0x08002920   0x00000030   Code   RO         4470    .text               mf_w.l(cdrcmple.o)
    0x08002950   0x08002950   0x00000038   Code   RO         4472    .text               mf_w.l(d2f.o)
    0x08002988   0x08002988   0x00000014   Code   RO         4474    .text               mf_w.l(cfcmple.o)
    0x0800299c   0x0800299c   0x00000014   Code   RO         4476    .text               mf_w.l(cfrcmple.o)
    0x080029b0   0x080029b0   0x00000062   Code   RO         4494    .text               mc_w.l(uldiv.o)
    0x08002a12   0x08002a12   0x0000001e   Code   RO         4496    .text               mc_w.l(llshl.o)
    0x08002a30   0x08002a30   0x00000020   Code   RO         4498    .text               mc_w.l(llushr.o)
    0x08002a50   0x08002a50   0x00000024   Code   RO         4500    .text               mc_w.l(llsshr.o)
    0x08002a74   0x08002a74   0x00000000   Code   RO         4502    .text               mc_w.l(iusefp.o)
    0x08002a74   0x08002a74   0x0000006e   Code   RO         4503    .text               mf_w.l(fepilogue.o)
    0x08002ae2   0x08002ae2   0x000000ba   Code   RO         4505    .text               mf_w.l(depilogue.o)
    0x08002b9c   0x08002b9c   0x00000024   Code   RO         4509    .text               mc_w.l(init.o)
    0x08002bc0   0x08002bc0   0x00000056   Code   RO         4519    .text               mc_w.l(__dczerorl2.o)
    0x08002c16   0x08002c16   0x00000010   Code   RO         3295    i.BKP_DeInit        stm32f10x_bkp.o
    0x08002c26   0x08002c26   0x00000002   PAD
    0x08002c28   0x08002c28   0x0000001c   Code   RO         3300    i.BKP_ReadBackupRegister  stm32f10x_bkp.o
    0x08002c44   0x08002c44   0x0000001c   Code   RO         3304    i.BKP_WriteBackupRegister  stm32f10x_bkp.o
    0x08002c60   0x08002c60   0x00000030   Code   RO          397    i.Bolt_DiameterNumber  data_process.o
    0x08002c90   0x08002c90   0x00000030   Code   RO          398    i.Bolt_GradeNumber  data_process.o
    0x08002cc0   0x08002cc0   0x00000044   Code   RO          594    i.Bolt_Grade_display  him_user_process.o
    0x08002d04   0x08002d04   0x00000044   Code   RO          595    i.Bolt_Standard_display  him_user_process.o
    0x08002d48   0x08002d48   0x00000004   Code   RO          239    i.BusFault_Handler  stm32f10x_it.o
    0x08002d4c   0x08002d4c   0x00000024   Code   RO          944    i.CH374LibInit      ch374drv.o
    0x08002d70   0x08002d70   0x00000048   Code   RO          946    i.CH374_Init        ch374drv.o
    0x08002db8   0x08002db8   0x0000002c   Code   RO          947    i.CH374_READ_BLOCK  ch374drv.o
    0x08002de4   0x08002de4   0x0000002c   Code   RO          948    i.CH374_READ_BLOCK64  ch374drv.o
    0x08002e10   0x08002e10   0x0000001c   Code   RO          949    i.CH374_READ_REGISTER  ch374drv.o
    0x08002e2c   0x08002e2c   0x0000002a   Code   RO          950    i.CH374_WRITE_BLOCK  ch374drv.o
    0x08002e56   0x08002e56   0x0000002a   Code   RO          951    i.CH374_WRITE_BLOCK64  ch374drv.o
    0x08002e80   0x08002e80   0x00000026   Code   RO          952    i.CH374_WRITE_BLOCK_C  ch374drv.o
    0x08002ea6   0x08002ea6   0x0000001a   Code   RO          953    i.CH374_WRITE_REGISTER  ch374drv.o
    0x08002ec0   0x08002ec0   0x000005ec   Code   RO          800    i.Data_Record_Storage  mx25l6406.o
    0x080034ac   0x080034ac   0x00000002   Code   RO          240    i.DebugMon_Handler  stm32f10x_it.o
    0x080034ae   0x080034ae   0x00000002   PAD
    0x080034b0   0x080034b0   0x00000110   Code   RO          596    i.DisplayTime       him_user_process.o
    0x080035c0   0x080035c0   0x0000005c   Code   RO         1204    i.Driver_Send32DataValue  driver_user_driver.o
    0x0800361c   0x0800361c   0x0000004a   Code   RO         1205    i.Driver_Send8DataValue  driver_user_driver.o
    0x08003666   0x08003666   0x0000007e   Code   RO         1206    i.Driver_SendChardata  driver_user_driver.o
    0x080036e4   0x080036e4   0x000000b0   Code   RO         1101    i.Driver_UartInit   driver_usart.o
    0x08003794   0x08003794   0x00000038   Code   RO         1102    i.Driver_UartRead   driver_usart.o
    0x080037cc   0x080037cc   0x00000034   Code   RO         1103    i.Driver_UartWrite  driver_usart.o
    0x08003800   0x08003800   0x00000078   Code   RO         1367    i.EXTI9_5_IRQHandler  exti.o
    0x08003878   0x08003878   0x000000c8   Code   RO         1368    i.EXTIX_Init        exti.o
    0x08003940   0x08003940   0x0000000c   Code   RO         3150    i.EXTI_ClearITPendingBit  stm32f10x_exti.o
    0x0800394c   0x0800394c   0x00000028   Code   RO         3154    i.EXTI_GetITStatus  stm32f10x_exti.o
    0x08003974   0x08003974   0x00000094   Code   RO         3155    i.EXTI_Init         stm32f10x_exti.o
    0x08003a08   0x08003a08   0x00000494   Code   RO          801    i.Flash_Model_parameters  mx25l6406.o
    0x08003e9c   0x08003e9c   0x00000190   Code   RO          294    i.Flash_task        task.o
    0x0800402c   0x0800402c   0x00000040   Code   RO         1630    i.GPIO_EXTILineConfig  stm32f10x_gpio.o
    0x0800406c   0x0800406c   0x00000116   Code   RO         1633    i.GPIO_Init         stm32f10x_gpio.o
    0x08004182   0x08004182   0x00000002   PAD
    0x08004184   0x08004184   0x00000090   Code   RO         1635    i.GPIO_PinRemapConfig  stm32f10x_gpio.o
    0x08004214   0x08004214   0x00000012   Code   RO         1637    i.GPIO_ReadInputDataBit  stm32f10x_gpio.o
    0x08004226   0x08004226   0x00000004   Code   RO         1640    i.GPIO_ResetBits    stm32f10x_gpio.o
    0x0800422a   0x0800422a   0x00000004   Code   RO         1641    i.GPIO_SetBits      stm32f10x_gpio.o
    0x0800422e   0x0800422e   0x00000002   PAD
    0x08004230   0x08004230   0x00000058   Code   RO         1191    i.GetCRC16          crc16.o
    0x08004288   0x08004288   0x00000198   Code   RO          400    i.Get_ActualTorque  data_process.o
    0x08004420   0x08004420   0x00000034   Code   RO          401    i.Get_Bolttorque_parameter  data_process.o
    0x08004454   0x08004454   0x000003f4   Code   RO          802    i.Get_Flash_Parameters  mx25l6406.o
    0x08004848   0x08004848   0x000000e4   Code   RO          402    i.Get_GearTorque    data_process.o
    0x0800492c   0x0800492c   0x000000d0   Code   RO          597    i.Get_GearTorqueValue  him_user_process.o
    0x080049fc   0x080049fc   0x00000068   Code   RO          403    i.Get_Pressure      data_process.o
    0x08004a64   0x08004a64   0x000000e4   Code   RO          405    i.Get_TargetTorque  data_process.o
    0x08004b48   0x08004b48   0x00000048   Code   RO          598    i.HIM_ActualPressureuint_display  him_user_process.o
    0x08004b90   0x08004b90   0x00000080   Code   RO          599    i.HIM_ChartStandard_display  him_user_process.o
    0x08004c10   0x08004c10   0x00000aec   Code   RO          600    i.HIM_Cursor        him_user_process.o
    0x080056fc   0x080056fc   0x0000001a   Code   RO          601    i.HIM_GearTorqueValue  him_user_process.o
    0x08005716   0x08005716   0x00000046   Code   RO          602    i.HIM_Home_Switcher  him_user_process.o
    0x0800575c   0x0800575c   0x00000048   Code   RO          603    i.HIM_Language_display  him_user_process.o
    0x080057a4   0x080057a4   0x00000034   Code   RO          604    i.HIM_MaxTorqueUnit_display  him_user_process.o
    0x080057d8   0x080057d8   0x00000100   Code   RO          605    i.HIM_MaxTorque_display  him_user_process.o
    0x080058d8   0x080058d8   0x0000009c   Code   RO          606    i.HIM_Pressure_display  him_user_process.o
    0x08005974   0x08005974   0x00000020   Code   RO          607    i.HIM_Standard_display  him_user_process.o
    0x08005994   0x08005994   0x0000001a   Code   RO          608    i.HIM_TargetTorque_display  him_user_process.o
    0x080059ae   0x080059ae   0x00000002   PAD
    0x080059b0   0x080059b0   0x00000038   Code   RO          609    i.HIM_TargetTorqueuint_display  him_user_process.o
    0x080059e8   0x080059e8   0x00004ac4   Code   RO          295    i.HIM_task          task.o
    0x0800a4ac   0x0800a4ac   0x00000004   Code   RO          241    i.HardFault_Handler  stm32f10x_it.o
    0x0800a4b0   0x0800a4b0   0x000000ac   Code   RO          717    i.Hmi_UartInit      hmi_user_uart.o
    0x0800a55c   0x0800a55c   0x00000010   Code   RO         3107    i.IWDG_Enable       stm32f10x_iwdg.o
    0x0800a56c   0x0800a56c   0x00000008   Code   RO         1349    i.IWDG_Feed         iwdg.o
    0x0800a574   0x0800a574   0x00000022   Code   RO         1350    i.IWDG_Init         iwdg.o
    0x0800a596   0x0800a596   0x00000002   PAD
    0x0800a598   0x0800a598   0x00000010   Code   RO         3109    i.IWDG_ReloadCounter  stm32f10x_iwdg.o
    0x0800a5a8   0x0800a5a8   0x0000000c   Code   RO         3110    i.IWDG_SetPrescaler  stm32f10x_iwdg.o
    0x0800a5b4   0x0800a5b4   0x0000000c   Code   RO         3111    i.IWDG_SetReload    stm32f10x_iwdg.o
    0x0800a5c0   0x0800a5c0   0x0000000c   Code   RO         3112    i.IWDG_WriteAccessCmd  stm32f10x_iwdg.o
    0x0800a5cc   0x0800a5cc   0x0000003a   Code   RO         1391    i.Is_Leap_Year      rtc.o
    0x0800a606   0x0800a606   0x00000002   PAD
    0x0800a608   0x0800a608   0x000001a4   Code   RO          498    i.KEY_Scan          gpio.o
    0x0800a7ac   0x0800a7ac   0x00000048   Code   RO          803    i.MX25L6406_Erase   mx25l6406.o
    0x0800a7f4   0x0800a7f4   0x000000a0   Code   RO          804    i.MX25L6406_Init    mx25l6406.o
    0x0800a894   0x0800a894   0x00000054   Code   RO          805    i.MX25L6406_Read    mx25l6406.o
    0x0800a8e8   0x0800a8e8   0x00000024   Code   RO          806    i.MX25L6406_ReadU16  mx25l6406.o
    0x0800a90c   0x0800a90c   0x00000034   Code   RO          807    i.MX25L6406_ReadU32  mx25l6406.o
    0x0800a940   0x0800a940   0x0000002c   Code   RO          808    i.MX25L6406_Read_status  mx25l6406.o
    0x0800a96c   0x0800a96c   0x00000058   Code   RO          809    i.MX25L6406_Write   mx25l6406.o
    0x0800a9c4   0x0800a9c4   0x00000022   Code   RO          810    i.MX25L6406_WriteU16  mx25l6406.o
    0x0800a9e6   0x0800a9e6   0x0000002e   Code   RO          811    i.MX25L6406_WriteU32  mx25l6406.o
    0x0800aa14   0x0800aa14   0x00000020   Code   RO          812    i.MX25L6406_Write_EN  mx25l6406.o
    0x0800aa34   0x0800aa34   0x00000004   Code   RO          242    i.MemManage_Handler  stm32f10x_it.o
    0x0800aa38   0x0800aa38   0x00000002   Code   RO          243    i.NMI_Handler       stm32f10x_it.o
    0x0800aa3a   0x0800aa3a   0x0000000c   Code   RO         1272    i.NVIC_Configuration  sys.o
    0x0800aa46   0x0800aa46   0x00000002   PAD
    0x0800aa48   0x0800aa48   0x00000070   Code   RO         1468    i.NVIC_Init         misc.o
    0x0800aab8   0x0800aab8   0x00000014   Code   RO         1469    i.NVIC_PriorityGroupConfig  misc.o
    0x0800aacc   0x0800aacc   0x0000002c   Code   RO         3431    i.OSInit            os_core.o
    0x0800aaf8   0x0800aaf8   0x00000002   Code   RO         4068    i.OSInitHookBegin   os_cpu_c.o
    0x0800aafa   0x0800aafa   0x00000002   Code   RO         4069    i.OSInitHookEnd     os_cpu_c.o
    0x0800aafc   0x0800aafc   0x00000024   Code   RO         3432    i.OSIntEnter        os_core.o
    0x0800ab20   0x0800ab20   0x00000090   Code   RO         3433    i.OSIntExit         os_core.o
    0x0800abb0   0x0800abb0   0x00000048   Code   RO         3436    i.OSStart           os_core.o
    0x0800abf8   0x0800abf8   0x0000004c   Code   RO         3437    i.OSStatInit        os_core.o
    0x0800ac44   0x0800ac44   0x00000002   Code   RO         4070    i.OSTCBInitHook     os_cpu_c.o
    0x0800ac46   0x0800ac46   0x00000002   PAD
    0x0800ac48   0x0800ac48   0x000000a0   Code   RO         3928    i.OSTaskCreate      os_task.o
    0x0800ace8   0x0800ace8   0x000000b8   Code   RO         3929    i.OSTaskCreateExt   os_task.o
    0x0800ada0   0x0800ada0   0x00000002   Code   RO         4071    i.OSTaskCreateHook  os_cpu_c.o
    0x0800ada2   0x0800ada2   0x00000002   Code   RO         4073    i.OSTaskIdleHook    os_cpu_c.o
    0x0800ada4   0x0800ada4   0x00000070   Code   RO         3933    i.OSTaskNameSet     os_task.o
    0x0800ae14   0x0800ae14   0x00000002   Code   RO         4075    i.OSTaskStatHook    os_cpu_c.o
    0x0800ae16   0x0800ae16   0x00000002   PAD
    0x0800ae18   0x0800ae18   0x0000008c   Code   RO         3938    i.OSTaskStkChk      os_task.o
    0x0800aea4   0x0800aea4   0x0000009a   Code   RO         4076    i.OSTaskStkInit     os_cpu_c.o
    0x0800af3e   0x0800af3e   0x00000002   PAD
    0x0800af40   0x0800af40   0x000000a8   Code   RO         3939    i.OSTaskSuspend     os_task.o
    0x0800afe8   0x0800afe8   0x00000002   Code   RO         4077    i.OSTaskSwHook      os_cpu_c.o
    0x0800afea   0x0800afea   0x00000002   PAD
    0x0800afec   0x0800afec   0x00000078   Code   RO         4023    i.OSTimeDly         os_time.o
    0x0800b064   0x0800b064   0x000000ec   Code   RO         3438    i.OSTimeTick        os_core.o
    0x0800b150   0x0800b150   0x00000002   Code   RO         4078    i.OSTimeTickHook    os_cpu_c.o
    0x0800b152   0x0800b152   0x00000002   PAD
    0x0800b154   0x0800b154   0x00000058   Code   RO         3622    i.OS_FlagInit       os_flag.o
    0x0800b1ac   0x0800b1ac   0x00000054   Code   RO         3445    i.OS_InitEventList  os_core.o
    0x0800b200   0x0800b200   0x00000054   Code   RO         3446    i.OS_InitMisc       os_core.o
    0x0800b254   0x0800b254   0x00000044   Code   RO         3447    i.OS_InitRdyList    os_core.o
    0x0800b298   0x0800b298   0x00000080   Code   RO         3448    i.OS_InitTCBList    os_core.o
    0x0800b318   0x0800b318   0x00000050   Code   RO         3449    i.OS_InitTaskIdle   os_core.o
    0x0800b368   0x0800b368   0x00000050   Code   RO         3450    i.OS_InitTaskStat   os_core.o
    0x0800b3b8   0x0800b3b8   0x00000012   Code   RO         3451    i.OS_MemClr         os_core.o
    0x0800b3ca   0x0800b3ca   0x00000002   PAD
    0x0800b3cc   0x0800b3cc   0x00000050   Code   RO         3811    i.OS_QInit          os_q.o
    0x0800b41c   0x0800b41c   0x00000074   Code   RO         3453    i.OS_Sched          os_core.o
    0x0800b490   0x0800b490   0x0000002c   Code   RO         3454    i.OS_SchedNew       os_core.o
    0x0800b4bc   0x0800b4bc   0x00000134   Code   RO         3456    i.OS_TCBInit        os_core.o
    0x0800b5f0   0x0800b5f0   0x00000028   Code   RO         3457    i.OS_TaskIdle       os_core.o
    0x0800b618   0x0800b618   0x00000088   Code   RO         3458    i.OS_TaskStat       os_core.o
    0x0800b6a0   0x0800b6a0   0x0000003c   Code   RO         3459    i.OS_TaskStatStkChk  os_core.o
    0x0800b6dc   0x0800b6dc   0x0000001a   Code   RO         3941    i.OS_TaskStkClr     os_task.o
    0x0800b6f6   0x0800b6f6   0x00000002   PAD
    0x0800b6f8   0x0800b6f8   0x0000000c   Code   RO         3371    i.PWR_BackupAccessCmd  stm32f10x_pwr.o
    0x0800b704   0x0800b704   0x00000020   Code   RO         1743    i.RCC_APB1PeriphClockCmd  stm32f10x_rcc.o
    0x0800b724   0x0800b724   0x00000020   Code   RO         1744    i.RCC_APB1PeriphResetCmd  stm32f10x_rcc.o
    0x0800b744   0x0800b744   0x00000020   Code   RO         1745    i.RCC_APB2PeriphClockCmd  stm32f10x_rcc.o
    0x0800b764   0x0800b764   0x00000020   Code   RO         1746    i.RCC_APB2PeriphResetCmd  stm32f10x_rcc.o
    0x0800b784   0x0800b784   0x0000000c   Code   RO         1748    i.RCC_BackupResetCmd  stm32f10x_rcc.o
    0x0800b790   0x0800b790   0x000000d4   Code   RO         1753    i.RCC_GetClocksFreq  stm32f10x_rcc.o
    0x0800b864   0x0800b864   0x0000003c   Code   RO         1754    i.RCC_GetFlagStatus  stm32f10x_rcc.o
    0x0800b8a0   0x0800b8a0   0x00000034   Code   RO         1761    i.RCC_LSEConfig     stm32f10x_rcc.o
    0x0800b8d4   0x0800b8d4   0x0000000c   Code   RO         1768    i.RCC_RTCCLKCmd     stm32f10x_rcc.o
    0x0800b8e0   0x0800b8e0   0x00000010   Code   RO         1769    i.RCC_RTCCLKConfig  stm32f10x_rcc.o
    0x0800b8f0   0x0800b8f0   0x00000010   Code   RO         3204    i.RTC_ClearITPendingBit  stm32f10x_rtc.o
    0x0800b900   0x0800b900   0x00000014   Code   RO         3205    i.RTC_EnterConfigMode  stm32f10x_rtc.o
    0x0800b914   0x0800b914   0x00000014   Code   RO         3206    i.RTC_ExitConfigMode  stm32f10x_rtc.o
    0x0800b928   0x0800b928   0x00000104   Code   RO         1392    i.RTC_Get           rtc.o
    0x0800ba2c   0x0800ba2c   0x00000014   Code   RO         3207    i.RTC_GetCounter    stm32f10x_rtc.o
    0x0800ba40   0x0800ba40   0x00000024   Code   RO         3210    i.RTC_GetITStatus   stm32f10x_rtc.o
    0x0800ba64   0x0800ba64   0x00000078   Code   RO         1393    i.RTC_Get_Week      rtc.o
    0x0800badc   0x0800badc   0x00000028   Code   RO         1394    i.RTC_IRQHandler    rtc.o
    0x0800bb04   0x0800bb04   0x00000020   Code   RO         3211    i.RTC_ITConfig      stm32f10x_rtc.o
    0x0800bb24   0x0800bb24   0x000000be   Code   RO         1395    i.RTC_Init          rtc.o
    0x0800bbe2   0x0800bbe2   0x00000020   Code   RO         1396    i.RTC_NVIC_Config   rtc.o
    0x0800bc02   0x0800bc02   0x00000002   PAD
    0x0800bc04   0x0800bc04   0x000000cc   Code   RO         1397    i.RTC_Set           rtc.o
    0x0800bcd0   0x0800bcd0   0x0000001c   Code   RO         3213    i.RTC_SetCounter    stm32f10x_rtc.o
    0x0800bcec   0x0800bcec   0x00000020   Code   RO         3214    i.RTC_SetPrescaler  stm32f10x_rtc.o
    0x0800bd0c   0x0800bd0c   0x00000014   Code   RO         3215    i.RTC_WaitForLastTask  stm32f10x_rtc.o
    0x0800bd20   0x0800bd20   0x00000024   Code   RO         3216    i.RTC_WaitForSynchro  stm32f10x_rtc.o
    0x0800bd44   0x0800bd44   0x00000038   Code   RO          814    i.SPI1_ReadWriteByte  mx25l6406.o
    0x0800bd7c   0x0800bd7c   0x000000c8   Code   RO          954    i.SPI2_Init         ch374drv.o
    0x0800be44   0x0800be44   0x00000038   Code   RO          955    i.SPI3_TransByte    ch374drv.o
    0x0800be7c   0x0800be7c   0x00000018   Code   RO         2674    i.SPI_Cmd           stm32f10x_spi.o
    0x0800be94   0x0800be94   0x000000b8   Code   RO          815    i.SPI_Flash_Write   mx25l6406.o
    0x0800bf4c   0x0800bf4c   0x00000046   Code   RO          816    i.SPI_Flash_Write_NoCheck  mx25l6406.o
    0x0800bf92   0x0800bf92   0x00000012   Code   RO         2682    i.SPI_I2S_GetFlagStatus  stm32f10x_spi.o
    0x0800bfa4   0x0800bfa4   0x00000006   Code   RO         2685    i.SPI_I2S_ReceiveData  stm32f10x_spi.o
    0x0800bfaa   0x0800bfaa   0x00000004   Code   RO         2686    i.SPI_I2S_SendData  stm32f10x_spi.o
    0x0800bfae   0x0800bfae   0x0000003c   Code   RO         2687    i.SPI_Init          stm32f10x_spi.o
    0x0800bfea   0x0800bfea   0x00000002   Code   RO          244    i.SVC_Handler       stm32f10x_it.o
    0x0800bfec   0x0800bfec   0x0000011c   Code   RO          296    i.SYS_task          task.o
    0x0800c108   0x0800c108   0x00000038   Code   RO          406    i.Select_Bolttorque_parameter  data_process.o
    0x0800c140   0x0800c140   0x00000030   Code   RO          718    i.SendChar          hmi_user_uart.o
    0x0800c170   0x0800c170   0x00000016   Code   RO          525    i.SendStrings       him_user_driver.o
    0x0800c186   0x0800c186   0x00000002   PAD
    0x0800c188   0x0800c188   0x000002f4   Code   RO         1207    i.Send_DriverParameter  driver_user_driver.o
    0x0800c47c   0x0800c47c   0x00000058   Code   RO          526    i.SetControlForeColor  him_user_driver.o
    0x0800c4d4   0x0800c4d4   0x00000044   Code   RO          527    i.SetLanguage       him_user_driver.o
    0x0800c518   0x0800c518   0x0000003c   Code   RO          528    i.SetScreen         him_user_driver.o
    0x0800c554   0x0800c554   0x00000008   Code   RO          186    i.SetSysClock       system_stm32f10x.o
    0x0800c55c   0x0800c55c   0x000000e0   Code   RO          187    i.SetSysClockTo72   system_stm32f10x.o
    0x0800c63c   0x0800c63c   0x00000058   Code   RO          529    i.SetTextFlickerCycle  him_user_driver.o
    0x0800c694   0x0800c694   0x0000008c   Code   RO          530    i.SetTextFloat      him_user_driver.o
    0x0800c720   0x0800c720   0x0000008c   Code   RO          531    i.SetTextInt32      him_user_driver.o
    0x0800c7ac   0x0800c7ac   0x00000052   Code   RO          532    i.SetTextValues     him_user_driver.o
    0x0800c7fe   0x0800c7fe   0x00000018   Code   RO          380    i.Set_ArrayCount    hydraulic_process.o
    0x0800c816   0x0800c816   0x00000002   PAD
    0x0800c818   0x0800c818   0x00000014   Code   RO          407    i.Spanner_Sensor_parameter  data_process.o
    0x0800c82c   0x0800c82c   0x00000014   Code   RO          408    i.Spanner_type_OilReturnTime  data_process.o
    0x0800c840   0x0800c840   0x00000014   Code   RO          409    i.Spanner_type_parameter  data_process.o
    0x0800c854   0x0800c854   0x00000024   Code   RO          956    i.Spi374Start       ch374drv.o
    0x0800c878   0x0800c878   0x00000014   Code   RO          957    i.Spi374Stop        ch374drv.o
    0x0800c88c   0x0800c88c   0x0000084e   Code   RO          958    i.StructToStr       ch374drv.o
    0x0800d0da   0x0800d0da   0x00000028   Code   RO         1472    i.SysTick_CLKSourceConfig  misc.o
    0x0800d102   0x0800d102   0x00000010   Code   RO         1240    i.SysTick_Handler   delay.o
    0x0800d112   0x0800d112   0x00000002   PAD
    0x0800d114   0x0800d114   0x00000060   Code   RO          189    i.SystemInit        system_stm32f10x.o
    0x0800d174   0x0800d174   0x00000050   Code   RO         1325    i.TIM3_IRQHandler   timer.o
    0x0800d1c4   0x0800d1c4   0x00000060   Code   RO         1326    i.TIM3_Int_Init     timer.o
    0x0800d224   0x0800d224   0x00000006   Code   RO         2132    i.TIM_ClearITPendingBit  stm32f10x_tim.o
    0x0800d22a   0x0800d22a   0x00000018   Code   RO         2137    i.TIM_Cmd           stm32f10x_tim.o
    0x0800d242   0x0800d242   0x00000022   Code   RO         2158    i.TIM_GetITStatus   stm32f10x_tim.o
    0x0800d264   0x0800d264   0x00000012   Code   RO         2162    i.TIM_ITConfig      stm32f10x_tim.o
    0x0800d276   0x0800d276   0x00000002   PAD
    0x0800d278   0x0800d278   0x000000a4   Code   RO         2208    i.TIM_TimeBaseInit  stm32f10x_tim.o
    0x0800d31c   0x0800d31c   0x0000001c   Code   RO          297    i.Time_task         task.o
    0x0800d338   0x0800d338   0x00000c20   Code   RO          742    i.TypeC_UartDriver  usbtype-c.o
    0x0800df58   0x0800df58   0x000000a8   Code   RO          743    i.TypeC_UartInit    usbtype-c.o
    0x0800e000   0x0800e000   0x00000038   Code   RO          744    i.TypeC_UartRead    usbtype-c.o
    0x0800e038   0x0800e038   0x00000034   Code   RO          745    i.TypeC_UartWrite   usbtype-c.o
    0x0800e06c   0x0800e06c   0x00000040   Code   RO         1104    i.UART4_IRQHandler  driver_usart.o
    0x0800e0ac   0x0800e0ac   0x00000088   Code   RO         1284    i.USART1_IRQHandler  usart.o
    0x0800e134   0x0800e134   0x00000040   Code   RO          746    i.USART2_IRQHandler  usbtype-c.o
    0x0800e174   0x0800e174   0x00000028   Code   RO          719    i.USART3_IRQHandler  hmi_user_uart.o
    0x0800e19c   0x0800e19c   0x0000001e   Code   RO         1942    i.USART_ClearITPendingBit  stm32f10x_usart.o
    0x0800e1ba   0x0800e1ba   0x00000018   Code   RO         1945    i.USART_Cmd         stm32f10x_usart.o
    0x0800e1d2   0x0800e1d2   0x00000002   PAD
    0x0800e1d4   0x0800e1d4   0x0000009c   Code   RO         1947    i.USART_DeInit      stm32f10x_usart.o
    0x0800e270   0x0800e270   0x0000001a   Code   RO         1948    i.USART_GetFlagStatus  stm32f10x_usart.o
    0x0800e28a   0x0800e28a   0x00000054   Code   RO         1949    i.USART_GetITStatus  stm32f10x_usart.o
    0x0800e2de   0x0800e2de   0x0000004a   Code   RO         1951    i.USART_ITConfig    stm32f10x_usart.o
    0x0800e328   0x0800e328   0x000000d8   Code   RO         1952    i.USART_Init        stm32f10x_usart.o
    0x0800e400   0x0800e400   0x0000000a   Code   RO         1959    i.USART_ReceiveData  stm32f10x_usart.o
    0x0800e40a   0x0800e40a   0x00000008   Code   RO         1962    i.USART_SendData    stm32f10x_usart.o
    0x0800e412   0x0800e412   0x00000002   PAD
    0x0800e414   0x0800e414   0x000000a4   Code   RO         1285    i.Uart1_Init        usart.o
    0x0800e4b8   0x0800e4b8   0x00000060   Code   RO          747    i.Uart2RxMonitor    usbtype-c.o
    0x0800e518   0x0800e518   0x00000294   Code   RO         1105    i.UartDriver        driver_usart.o
    0x0800e7ac   0x0800e7ac   0x00000060   Code   RO         1106    i.UartRxMonitor     driver_usart.o
    0x0800e80c   0x0800e80c   0x000000dc   Code   RO          298    i.Udisk_task        task.o
    0x0800e8e8   0x0800e8e8   0x00000004   Code   RO          245    i.UsageFault_Handler  stm32f10x_it.o
    0x0800e8ec   0x0800e8ec   0x0000001c   Code   RO          299    i.UsartDriverRev_task  task.o
    0x0800e908   0x0800e908   0x000000a4   Code   RO          959    i.WriteTail         ch374drv.o
    0x0800e9ac   0x0800e9ac   0x00000020   Code   RO         4388    i.__0printf$8       mc_w.l(printf8.o)
    0x0800e9cc   0x0800e9cc   0x00000028   Code   RO         4390    i.__0sprintf$8      mc_w.l(printf8.o)
    0x0800e9f4   0x0800e9f4   0x0000000e   Code   RO         4513    i.__scatterload_copy  mc_w.l(handlers.o)
    0x0800ea02   0x0800ea02   0x00000002   Code   RO         4514    i.__scatterload_null  mc_w.l(handlers.o)
    0x0800ea04   0x0800ea04   0x0000000e   Code   RO         4515    i.__scatterload_zeroinit  mc_w.l(handlers.o)
    0x0800ea12   0x0800ea12   0x00000002   PAD
    0x0800ea14   0x0800ea14   0x00000410   Code   RO         4395    i._printf_core      mc_w.l(printf8.o)
    0x0800ee24   0x0800ee24   0x00000024   Code   RO         4396    i._printf_post_padding  mc_w.l(printf8.o)
    0x0800ee48   0x0800ee48   0x0000002e   Code   RO         4397    i._printf_pre_padding  mc_w.l(printf8.o)
    0x0800ee76   0x0800ee76   0x0000000a   Code   RO         4399    i._sputc            mc_w.l(printf8.o)
    0x0800ee80   0x0800ee80   0x0000005c   Code   RO         1241    i.delay_init        delay.o
    0x0800eedc   0x0800eedc   0x00000048   Code   RO         1242    i.delay_ms          delay.o
    0x0800ef24   0x0800ef24   0x0000004c   Code   RO         1243    i.delay_us          delay.o
    0x0800ef70   0x0800ef70   0x000000a8   Code   RO          960    i.formationStr      ch374drv.o
    0x0800f018   0x0800f018   0x0000001c   Code   RO         1287    i.fputc             usart.o
    0x0800f034   0x0800f034   0x00000088   Code   RO          499    i.gpio_Init         gpio.o
    0x0800f0bc   0x0800f0bc   0x00000024   Code   RO          961    i.mStopIfError      ch374drv.o
    0x0800f0e0   0x0800f0e0   0x00000098   Code   RO            1    i.main              main.o
    0x0800f178   0x0800f178   0x00000098   Code   RO            2    i.start_task        main.o
    0x0800f210   0x0800f210   0x0000000e   Code   RO          962    i.xDelayAfterWrite  ch374drv.o
    0x0800f21e   0x0800f21e   0x00000002   Code   RO          963    i.xFileNameEnumer   ch374drv.o
    0x0800f220   0x0800f220   0x00000014   Code   RO          964    i.xQueryInterrupt   ch374drv.o
    0x0800f234   0x0800f234   0x0000001c   Data   RO          818    .constdata          mx25l6406.o
    0x0800f250   0x0800f250   0x0000006f   Data   RO          966    .constdata          ch374drv.o
    0x0800f2bf   0x0800f2bf   0x00000001   PAD
    0x0800f2c0   0x0800f2c0   0x00000200   Data   RO         1192    .constdata          crc16.o
    0x0800f4c0   0x0800f4c0   0x00000018   Data   RO         1399    .constdata          rtc.o
    0x0800f4d8   0x0800f4d8   0x00000100   Data   RO         3461    .constdata          os_core.o
    0x0800f5d8   0x0800f5d8   0x00000020   Data   RO         4511    Region$$Table       anon$$obj.o


    Execution Region RW_IRAM1 (Exec base: 0x20000000, Load base: 0x0800f5f8, Size: 0x000098a8, Max: 0x0000c000, ABSOLUTE, COMPRESSED[0x00000178])

    Exec Addr    Load Addr    Size         Type   Attr      Idx    E Section Name        Object

    0x20000000   COMPRESSED   0x00000014   Data   RW          190    .data               system_stm32f10x.o
    0x20000014   COMPRESSED   0x00000048   Data   RW          301    .data               task.o
    0x2000005c   COMPRESSED   0x00000003   Data   RW          410    .data               data_process.o
    0x2000005f   COMPRESSED   0x00000002   Data   RW          500    .data               gpio.o
    0x20000061   COMPRESSED   0x00000001   PAD
    0x20000062   COMPRESSED   0x0000000c   Data   RW          612    .data               him_user_process.o
    0x2000006e   COMPRESSED   0x0000001f   Data   RW          749    .data               usbtype-c.o
    0x2000008d   COMPRESSED   0x00000003   PAD
    0x20000090   COMPRESSED   0x0000000a   Data   RW          819    .data               mx25l6406.o
    0x2000009a   COMPRESSED   0x00000190   Data   RW          967    .data               ch374drv.o
    0x2000022a   COMPRESSED   0x00000002   PAD
    0x2000022c   COMPRESSED   0x0000000c   Data   RW         1108    .data               driver_usart.o
    0x20000238   COMPRESSED   0x00000028   Data   RW         1208    .data               driver_user_driver.o
    0x20000260   COMPRESSED   0x00000004   Data   RW         1244    .data               delay.o
    0x20000264   COMPRESSED   0x00000006   Data   RW         1289    .data               usart.o
    0x2000026a   COMPRESSED   0x00000006   Data   RW         1327    .data               timer.o
    0x20000270   COMPRESSED   0x00000003   Data   RW         1369    .data               exti.o
    0x20000273   COMPRESSED   0x00000001   PAD
    0x20000274   COMPRESSED   0x00000002   Data   RW         1400    .data               rtc.o
    0x20000276   COMPRESSED   0x00000014   Data   RW         1773    .data               stm32f10x_rcc.o
    0x2000028a   COMPRESSED   0x00000002   PAD
    0x2000028c   COMPRESSED   0x00000048   Data   RW         3462    .data               os_core.o
    0x200002d4   COMPRESSED   0x0000005c   Data   RW         4160    .data               CH374HFM.LIB(CH374MAI.O)
    0x20000330        -       0x00005460   Zero   RW            3    .bss                main.o
    0x20005790        -       0x00000e84   Zero   RW          300    .bss                task.o
    0x20006614        -       0x00001048   Zero   RW          748    .bss                usbtype-c.o
    0x2000765c        -       0x00001078   Zero   RW          817    .bss                mx25l6406.o
    0x200086d4   COMPRESSED   0x00000004   PAD
    0x200086d8        -       0x00000238   Zero   RW          965    .bss                ch374drv.o
    0x20008910        -       0x00000040   Zero   RW         1107    .bss                driver_usart.o
    0x20008950        -       0x000000c8   Zero   RW         1288    .bss                usart.o
    0x20008a18        -       0x0000000a   Zero   RW         1398    .bss                rtc.o
    0x20008a22   COMPRESSED   0x00000002   PAD
    0x20008a24        -       0x00000a80   Zero   RW         3460    .bss                os_core.o
    0x200094a4   COMPRESSED   0x00000004   PAD
    0x200094a8        -       0x00000400   Zero   RW         1461    STACK               startup_stm32f10x_hd.o


==============================================================================

Image component sizes


      Code (inc. data)   RO Data    RW Data    ZI Data      Debug   Object Name

      3214        154        111        400        568      27244   ch374drv.o
         0          0          0          0          0         32   core_cm3.o
        88          8        512          0          0        831   crc16.o
      1232         86          0          3          0       7927   data_process.o
       256         32          0          4          0       2597   delay.o
      1104        118          0         12         64       5245   driver_usart.o
      1048        136          0         40          0       4704   driver_user_driver.o
       320         22          0          3          0       1594   exti.o
       556         28          0          2          0       1742   gpio.o
       688          0          0          0          0       5910   him_user_driver.o
      4358        230          0         12          0      12987   him_user_process.o
       260         18          0          0          0       1982   hmi_user_uart.o
        24          0          0          0          0        913   hydraulic_process.o
        42          0          0          0          0       1008   iwdg.o
       304         70          0          0      21600     273868   main.o
       172         22          0          0          0       2269   misc.o
      4658        494         28         10       4216      13796   mx25l6406.o
      1854        368        256         72       2688      19758   os_core.o
       180         36          0          0          0        356   os_cpu_a.o
       170          0          0          0          0      13403   os_cpu_c.o
        88         14          0          0          0        642   os_flag.o
        80          8          0          0          0        615   os_q.o
       790         64          0          0          0       5780   os_task.o
       120         20          0          0          0        680   os_time.o
       904         38         24          2         10       6158   rtc.o
        36          8        304          0       1024        816   startup_stm32f10x_hd.o
        72         10          0          0          0       2896   stm32f10x_bkp.o
       200         18          0          0          0       2320   stm32f10x_exti.o
       512         10          0          0          0       5484   stm32f10x_gpio.o
        22          0          0          0          0       3255   stm32f10x_it.o
        68         30          0          0          0       2750   stm32f10x_iwdg.o
        12          6          0          0          0        562   stm32f10x_pwr.o
       492         70          0         20          0       8940   stm32f10x_rcc.o
       260         48          0          0          0       5688   stm32f10x_rtc.o
       112          0          0          0          0       4154   stm32f10x_spi.o
       246         42          0          0          0       3866   stm32f10x_tim.o
       628         28          0          0          0       7950   stm32f10x_usart.o
        12          0          0          0          0        509   sys.o
       328         28          0         20          0     207221   system_stm32f10x.o
     20100       1366          0         72       3716      17486   task.o
       176         22          0          6          0       1623   timer.o
       328         28          0          6        200       3901   usart.o
      3540        292          0         31       4168       8170   usbtype-c.o

    ----------------------------------------------------------------------
     49698       3972       1268        724      38264     699632   Object Totals
         0          0         32          0          0          0   (incl. Generated)
        44          0          1          9         10          0   (incl. Padding)

    ----------------------------------------------------------------------

      Code (inc. data)   RO Data    RW Data    ZI Data      Debug   Library Member Name

       788         64          0          0          0        156   CH374BYT.O
       320         54          0          0          0        100   CH374DSZ.O
      7320        170          0         92          0       1336   CH374MAI.O
        86          0          0          0          0          0   __dczerorl2.o
         0          0          0          0          0          0   entry.o
         0          0          0          0          0          0   entry10a.o
         0          0          0          0          0          0   entry11a.o
         8          4          0          0          0          0   entry2.o
         4          0          0          0          0          0   entry5.o
         0          0          0          0          0          0   entry7b.o
         0          0          0          0          0          0   entry8b.o
         8          4          0          0          0          0   entry9a.o
        30          0          0          0          0          0   handlers.o
        36          8          0          0          0         68   init.o
         0          0          0          0          0          0   iusefp.o
        30          0          0          0          0         68   llshl.o
        36          0          0          0          0         68   llsshr.o
        32          0          0          0          0         68   llushr.o
        36          0          0          0          0         68   memcpya.o
        36          0          0          0          0        108   memseta.o
      1204         60          0          0          0        504   printf8.o
        28          0          0          0          0         76   strcmp.o
        14          0          0          0          0         68   strlen.o
        24          0          0          0          0         76   strncpy.o
        98          0          0          0          0         92   uldiv.o
        20          0          0          0          0         68   uread4.o
        48          0          0          0          0         68   cdrcmple.o
        20          0          0          0          0         68   cfcmple.o
        20          0          0          0          0         68   cfrcmple.o
        56          0          0          0          0         88   d2f.o
       334          0          0          0          0        148   dadd.o
       222          0          0          0          0        100   ddiv.o
       186          0          0          0          0        176   depilogue.o
        50          0          0          0          0         76   dfixui.o
        34          0          0          0          0         76   dflti.o
        26          0          0          0          0         76   dfltui.o
       228          0          0          0          0         96   dmul.o
        38          0          0          0          0         68   f2d.o
       176          0          0          0          0        140   fadd.o
       124          0          0          0          0         88   fdiv.o
       110          0          0          0          0        168   fepilogue.o
        40          0          0          0          0         68   ffixui.o
        18          0          0          0          0         68   fflti.o
        10          0          0          0          0         68   ffltui.o
       100          0          0          0          0         76   fmul.o

    ----------------------------------------------------------------------
     12002        364          0         92          0       4708   Library Totals
         4          0          0          0          0          0   (incl. Padding)

    ----------------------------------------------------------------------

      Code (inc. data)   RO Data    RW Data    ZI Data      Debug   Library Name

      8428        288          0         92          0       1592   CH374HFM.LIB
      1730         76          0          0          0       1332   mc_w.l
      1840          0          0          0          0       1784   mf_w.l

    ----------------------------------------------------------------------
     12002        364          0         92          0       4708   Library Totals

    ----------------------------------------------------------------------

==============================================================================


      Code (inc. data)   RO Data    RW Data    ZI Data      Debug   

     61700       4336       1268        816      38264     691068   Grand Totals
     61700       4336       1268        376      38264     691068   ELF Image Totals (compressed)
     61700       4336       1268        376          0          0   ROM Totals

==============================================================================

    Total RO  Size (Code + RO Data)                62968 (  61.49kB)
    Total RW  Size (RW Data + ZI Data)             39080 (  38.16kB)
    Total ROM Size (Code + RO Data + RW Data)      63344 (  61.86kB)

==============================================================================

