Component: ARM Compiler 5.06 update 6 (build 750) Tool: armlink [4d35ed]

==============================================================================

Section Cross References

    main.o(i.main) refers to delay.o(i.delay_init) for delay_init
    main.o(i.main) refers to sys.o(i.NVIC_Configuration) for NVIC_Configuration
    main.o(i.main) refers to gpio.o(i.gpio_Init) for gpio_Init
    main.o(i.main) refers to usart.o(i.Uart1_Init) for Uart1_Init
    main.o(i.main) refers to hmi_user_uart.o(i.Uart4Init) for Uart4Init
    main.o(i.main) refers to timer.o(i.TIM3_Int_Init) for TIM3_Int_Init
    main.o(i.main) refers to timer.o(i.ExtiInit) for ExtiInit
    main.o(i.main) refers to ads8688.o(i.ADS8688_Init) for ADS8688_Init
    main.o(i.main) refers to ads8688.o(i.Set_CH_Range) for Set_CH_Range
    main.o(i.main) refers to ads8688.o(i.AUTO_RST_Mode) for AUTO_RST_Mode
    main.o(i.main) refers to mx25l6406.o(i.MX25L6406_Init) for MX25L6406_Init
    main.o(i.main) refers to mx25l6406.o(i.Get_Flash_Parameters) for Get_Flash_Parameters
    main.o(i.main) refers to iwdg.o(i.IWDG_Init) for IWDG_Init
    main.o(i.main) refers to printfa.o(i.__0printf) for __2printf
    main.o(i.main) refers to os_core.o(i.OSInit) for OSInit
    main.o(i.main) refers to os_task.o(i.OSTaskCreate) for OSTaskCreate
    main.o(i.main) refers to os_core.o(i.OSStart) for OSStart
    main.o(i.main) refers to main.o(.bss) for .bss
    main.o(i.main) refers to main.o(i.start_task) for start_task
    main.o(i.start_task) refers to os_core.o(i.OSStatInit) for OSStatInit
    main.o(i.start_task) refers to os_cpu_a.o(.text) for OS_CPU_SR_Save
    main.o(i.start_task) refers to os_task.o(i.OSTaskCreate) for OSTaskCreate
    main.o(i.start_task) refers to os_task.o(i.OSTaskSuspend) for OSTaskSuspend
    main.o(i.start_task) refers to main.o(.bss) for .bss
    main.o(i.start_task) refers to task.o(i.SYS_task) for SYS_task
    main.o(i.start_task) refers to task.o(i.ADC_task) for ADC_task
    main.o(i.start_task) refers to task.o(i.Usart4RevSend_task) for Usart4RevSend_task
    main.o(i.start_task) refers to task.o(i.Flash_task) for Flash_task
    main.o(i.start_task) refers to task.o(i.Control_task) for Control_task
    main.o(i.start_task) refers to task.o(i.UsartSend_task) for UsartSend_task
    system_stm32f10x.o(i.SystemCoreClockUpdate) refers to system_stm32f10x.o(.data) for .data
    system_stm32f10x.o(i.SystemInit) refers to system_stm32f10x.o(i.SetSysClockTo72) for SetSysClockTo72
    task.o(i.ADC_task) refers to os_time.o(i.OSTimeDly) for OSTimeDly
    task.o(i.ADC_task) refers to data_process.o(i.Get_PressureValue) for Get_PressureValue
    task.o(i.ADC_task) refers to task.o(.data) for .data
    task.o(i.ADC_task) refers to hydraulic_control.o(.data) for ADC_PressureValue
    task.o(i.Control_task) refers to os_time.o(i.OSTimeDly) for OSTimeDly
    task.o(i.Control_task) refers to stm32f10x_gpio.o(i.GPIO_ResetBits) for GPIO_ResetBits
    task.o(i.Control_task) refers to hydraulic_control.o(i.Key_Control) for Key_Control
    task.o(i.Control_task) refers to task.o(.data) for .data
    task.o(i.Control_task) refers to task.o(.bss) for .bss
    task.o(i.Control_task) refers to hydraulic_control.o(.data) for Usage_Counter
    task.o(i.Control_task) refers to hmi_user_uart.o(.data) for Passwordflag
    task.o(i.Control_task) refers to hmi_user_uart.o(.data) for Controlflag
    task.o(i.Flash_task) refers to os_time.o(i.OSTimeDly) for OSTimeDly
    task.o(i.Flash_task) refers to mx25l6406.o(i.Flash_Model_parameters) for Flash_Model_parameters
    task.o(i.Flash_task) refers to task.o(.data) for .data
    task.o(i.Flash_task) refers to mx25l6406.o(.data) for Data_Storage
    task.o(i.SYS_task) refers to os_time.o(i.OSTimeDly) for OSTimeDly
    task.o(i.SYS_task) refers to printfa.o(i.__0printf) for __2printf
    task.o(i.SYS_task) refers to iwdg.o(i.IWDG_Feed) for IWDG_Feed
    task.o(i.SYS_task) refers to task.o(.data) for .data
    task.o(i.Usart4RevSend_task) refers to os_time.o(i.OSTimeDly) for OSTimeDly
    task.o(i.Usart4RevSend_task) refers to hmi_user_uart.o(i.UartDriver) for UartDriver
    task.o(i.Usart4RevSend_task) refers to task.o(.data) for .data
    task.o(i.UsartSend_task) refers to os_time.o(i.OSTimeDly) for OSTimeDly
    task.o(i.UsartSend_task) refers to hmi_user_uart_driver.o(i.Send_DisplayData) for Send_DisplayData
    task.o(i.UsartSend_task) refers to hmi_user_uart_driver.o(i.Send_Pressure_Value) for Send_Pressure_Value
    task.o(i.UsartSend_task) refers to hmi_user_uart_driver.o(i.Send_Angle_Value) for Send_Angle_Value
    task.o(i.UsartSend_task) refers to hmi_user_uart_driver.o(i.Send_StartUp_State) for Send_StartUp_State
    task.o(i.UsartSend_task) refers to hmi_user_uart_driver.o(i.Send_Contrl_Status) for Send_Contrl_Status
    task.o(i.UsartSend_task) refers to task.o(.data) for .data
    task.o(i.UsartSend_task) refers to task.o(.bss) for .bss
[...]
    i.IWDG_Enable                            0x08001f7c   Section        0  stm32f10x_iwdg.o(i.IWDG_Enable)
    i.IWDG_Feed                              0x08001f8c   Section        0  iwdg.o(i.IWDG_Feed)
    i.IWDG_Init                              0x08001f90   Section        0  iwdg.o(i.IWDG_Init)
    i.IWDG_ReloadCounter                     0x08001fb4   Section        0  stm32f10x_iwdg.o(i.IWDG_ReloadCounter)
    i.IWDG_SetPrescaler                      0x08001fc4   Section        0  stm32f10x_iwdg.o(i.IWDG_SetPrescaler)
    i.IWDG_SetReload                         0x08001fd0   Section        0  stm32f10x_iwdg.o(i.IWDG_SetReload)
    i.IWDG_WriteAccessCmd                    0x08001fdc   Section        0  stm32f10x_iwdg.o(i.IWDG_WriteAccessCmd)
    i.KEY_Scan                               0x08001fe8   Section        0  gpio.o(i.KEY_Scan)
    i.Key_Control                            0x08002090   Section        0  hydraulic_control.o(i.Key_Control)
    i.MX25L6406_Erase                        0x08002118   Section        0  mx25l6406.o(i.MX25L6406_Erase)
    i.MX25L6406_Init                         0x08002164   Section        0  mx25l6406.o(i.MX25L6406_Init)
    i.MX25L6406_Read                         0x08002204   Section        0  mx25l6406.o(i.MX25L6406_Read)
    i.MX25L6406_ReadU32                      0x08002258   Section        0  mx25l6406.o(i.MX25L6406_ReadU32)
    i.MX25L6406_Read_status                  0x08002274   Section        0  mx25l6406.o(i.MX25L6406_Read_status)
    i.MX25L6406_Write                        0x080022a0   Section        0  mx25l6406.o(i.MX25L6406_Write)
    i.MX25L6406_WriteU32                     0x080022fc   Section        0  mx25l6406.o(i.MX25L6406_WriteU32)
    i.MX25L6406_Write_EN                     0x08002320   Section        0  mx25l6406.o(i.MX25L6406_Write_EN)
    i.MemManage_Handler                      0x08002344   Section        0  stm32f10x_it.o(i.MemManage_Handler)
    i.NMI_Handler                            0x08002346   Section        0  stm32f10x_it.o(i.NMI_Handler)
    i.NVIC_Configuration                     0x08002348   Section        0  sys.o(i.NVIC_Configuration)
    i.NVIC_Init                              0x08002350   Section        0  misc.o(i.NVIC_Init)
    i.NVIC_PriorityGroupConfig               0x080023b4   Section        0  misc.o(i.NVIC_PriorityGroupConfig)
    i.OSInit                                 0x080023c8   Section        0  os_core.o(i.OSInit)
    i.OSInitHookBegin                        0x080024dc   Section        0  os_cpu_c.o(i.OSInitHookBegin)
    i.OSInitHookEnd                          0x080024de   Section        0  os_cpu_c.o(i.OSInitHookEnd)
    i.OSIntEnter                             0x080024e0   Section        0  os_core.o(i.OSIntEnter)
    i.OSIntExit                              0x080024f8   Section        0  os_core.o(i.OSIntExit)
    i.OSStart                                0x08002554   Section        0  os_core.o(i.OSStart)
    i.OSStatInit                             0x08002584   Section        0  os_core.o(i.OSStatInit)
    i.OSTCBInitHook                          0x080025b8   Section        0  os_cpu_c.o(i.OSTCBInitHook)
    i.OSTaskCreate                           0x080025bc   Section        0  os_task.o(i.OSTaskCreate)
    i.OSTaskCreateExt                        0x08002644   Section        0  os_task.o(i.OSTaskCreateExt)
    i.OSTaskCreateHook                       0x080026e0   Section        0  os_cpu_c.o(i.OSTaskCreateHook)
    i.OSTaskIdleHook                         0x080026e2   Section        0  os_cpu_c.o(i.OSTaskIdleHook)
    i.OSTaskNameSet                          0x080026e4   Section        0  os_task.o(i.OSTaskNameSet)
    i.OSTaskStatHook                         0x0800273c   Section        0  os_cpu_c.o(i.OSTaskStatHook)
    i.OSTaskStkChk                           0x08002740   Section        0  os_task.o(i.OSTaskStkChk)
    i.OSTaskStkInit                          0x080027b4   Section        0  os_cpu_c.o(i.OSTaskStkInit)
    i.OSTaskSuspend                          0x08002828   Section        0  os_task.o(i.OSTaskSuspend)
    i.OSTaskSwHook                           0x080028b8   Section        0  os_cpu_c.o(i.OSTaskSwHook)
    i.OSTimeDly                              0x080028bc   Section        0  os_time.o(i.OSTimeDly)
    i.OSTimeTick                             0x08002924   Section        0  os_core.o(i.OSTimeTick)
    i.OSTimeTickHook                         0x080029c4   Section        0  os_cpu_c.o(i.OSTimeTickHook)
    i.OS_FlagInit                            0x080029c8   Section        0  os_flag.o(i.OS_FlagInit)
    i.OS_InitTCBList                         0x08002a10   Section        0  os_core.o(i.OS_InitTCBList)
    OS_InitTCBList                           0x08002a11   Thumb Code    96  os_core.o(i.OS_InitTCBList)
    i.OS_MemClr                              0x08002a80   Section        0  os_core.o(i.OS_MemClr)
    i.OS_QInit                               0x08002a94   Section        0  os_q.o(i.OS_QInit)
    i.OS_Sched                               0x08002ad4   Section        0  os_core.o(i.OS_Sched)
    i.OS_SchedNew                            0x08002b1c   Section        0  os_core.o(i.OS_SchedNew)
    OS_SchedNew                              0x08002b1d   Thumb Code    24  os_core.o(i.OS_SchedNew)
    i.OS_TCBInit                             0x08002b3c   Section        0  os_core.o(i.OS_TCBInit)
    i.OS_TaskIdle                            0x08002c28   Section        0  os_core.o(i.OS_TaskIdle)
    i.OS_TaskStat                            0x08002c44   Section        0  os_core.o(i.OS_TaskStat)
    i.OS_TaskStatStkChk                      0x08002c9c   Section        0  os_core.o(i.OS_TaskStatStkChk)
    i.OS_TaskStkClr                          0x08002cd4   Section        0  os_task.o(i.OS_TaskStkClr)
    i.RCC_APB1PeriphClockCmd                 0x08002cec   Section        0  stm32f10x_rcc.o(i.RCC_APB1PeriphClockCmd)
    i.RCC_APB1PeriphResetCmd                 0x08002d04   Section        0  stm32f10x_rcc.o(i.RCC_APB1PeriphResetCmd)
    i.RCC_APB2PeriphClockCmd                 0x08002d1c   Section        0  stm32f10x_rcc.o(i.RCC_APB2PeriphClockCmd)
    i.RCC_APB2PeriphResetCmd                 0x08002d34   Section        0  stm32f10x_rcc.o(i.RCC_APB2PeriphResetCmd)
    i.RCC_GetClocksFreq                      0x08002d4c   Section        0  stm32f10x_rcc.o(i.RCC_GetClocksFreq)
    i.SPI1_ReadWriteByte                     0x08002ddc   Section        0  mx25l6406.o(i.SPI1_ReadWriteByte)
    i.SPI_Cmd                                0x08002e10   Section        0  stm32f10x_spi.o(i.SPI_Cmd)
    i.SPI_I2S_GetFlagStatus                  0x08002e24   Section        0  stm32f10x_spi.o(i.SPI_I2S_GetFlagStatus)
    i.SPI_I2S_ReceiveData                    0x08002e32   Section        0  stm32f10x_spi.o(i.SPI_I2S_ReceiveData)
    i.SPI_I2S_SendData                       0x08002e36   Section        0  stm32f10x_spi.o(i.SPI_I2S_SendData)
    i.SPI_Init                               0x08002e3a   Section        0  stm32f10x_spi.o(i.SPI_Init)
    i.SVC_Handler                            0x08002e72   Section        0  stm32f10x_it.o(i.SVC_Handler)
    i.SYS_task                               0x08002e74   Section        0  task.o(i.SYS_task)
    i.Send_Angle_Value                       0x08002f08   Section        0  hmi_user_uart_driver.o(i.Send_Angle_Value)
    i.Send_Contrl_Status                     0x08002f58   Section        0  hmi_user_uart_driver.o(i.Send_Contrl_Status)
    i.Send_DisplayData                       0x08002f74   Section        0  hmi_user_uart_driver.o(i.Send_DisplayData)
    i.Send_Pressure_Value                    0x08002fc4   Section        0  hmi_user_uart_driver.o(i.Send_Pressure_Value)
    i.Send_StartUp_State                     0x08002ff4   Section        0  hmi_user_uart_driver.o(i.Send_StartUp_State)
    i.SensorMode_Control                     0x0800302c   Section        0  hydraulic_control.o(i.SensorMode_Control)
    i.SetSysClockTo72                        0x080032a0   Section        0  system_stm32f10x.o(i.SetSysClockTo72)
    SetSysClockTo72                          0x080032a1   Thumb Code   160  system_stm32f10x.o(i.SetSysClockTo72)
    i.Set_Auto_Scan_Sequence                 0x08003348   Section        0  ads8688.o(i.Set_Auto_Scan_Sequence)
    i.Set_CH_Range                           0x08003350   Section        0  ads8688.o(i.Set_CH_Range)
    i.SolenoidValveOFF                       0x08003354   Section        0  hydraulic_control.o(i.SolenoidValveOFF)
    i.SolenoidValveON                        0x08003380   Section        0  hydraulic_control.o(i.SolenoidValveON)
    i.SysTick_CLKSourceConfig                0x080033ac   Section        0  misc.o(i.SysTick_CLKSourceConfig)
    i.SysTick_Handler                        0x080033c4   Section        0  delay.o(i.SysTick_Handler)
    i.SystemInit                             0x080033d8   Section        0  system_stm32f10x.o(i.SystemInit)
    i.TIM3_IRQHandler                        0x08003428   Section        0  timer.o(i.TIM3_IRQHandler)
    i.TIM3_Int_Init                          0x0800345c   Section        0  timer.o(i.TIM3_Int_Init)
    i.TIM_ClearITPendingBit                  0x080034bc   Section        0  stm32f10x_tim.o(i.TIM_ClearITPendingBit)
    i.TIM_Cmd                                0x080034c2   Section        0  stm32f10x_tim.o(i.TIM_Cmd)
    i.TIM_GetITStatus                        0x080034d6   Section        0  stm32f10x_tim.o(i.TIM_GetITStatus)
    i.TIM_ITConfig                           0x080034ee   Section        0  stm32f10x_tim.o(i.TIM_ITConfig)
    i.TIM_TimeBaseInit                       0x08003500   Section        0  stm32f10x_tim.o(i.TIM_TimeBaseInit)
    i.TorqueMode_Control                     0x0800359c   Section        0  hydraulic_control.o(i.TorqueMode_Control)
    i.UART4_IRQHandler                       0x0800381c   Section        0  hmi_user_uart.o(i.UART4_IRQHandler)
    i.USART1_IRQHandler                      0x08003854   Section        0  usart.o(i.USART1_IRQHandler)
    i.USART_Cmd                              0x080038b8   Section        0  stm32f10x_usart.o(i.USART_Cmd)
    i.USART_DeInit                           0x080038cc   Section        0  stm32f10x_usart.o(i.USART_DeInit)
    i.USART_GetFlagStatus                    0x08003940   Section        0  stm32f10x_usart.o(i.USART_GetFlagStatus)
    i.USART_GetITStatus                      0x0800394e   Section        0  stm32f10x_usart.o(i.USART_GetITStatus)
    i.USART_ITConfig                         0x0800398c   Section        0  stm32f10x_usart.o(i.USART_ITConfig)
    i.USART_Init                             0x080039bc   Section        0  stm32f10x_usart.o(i.USART_Init)
    i.USART_ReceiveData                      0x08003a68   Section        0  stm32f10x_usart.o(i.USART_ReceiveData)
    i.USART_SendData                         0x08003a70   Section        0  stm32f10x_usart.o(i.USART_SendData)
    i.Uart1_Init                             0x08003a78   Section        0  usart.o(i.Uart1_Init)
    i.Uart4Init                              0x08003b18   Section        0  hmi_user_uart.o(i.Uart4Init)
    i.UartDriver                             0x08003bc8   Section        0  hmi_user_uart.o(i.UartDriver)
    i.UartRead                               0x08003d50   Section        0  hmi_user_uart.o(i.UartRead)
    i.UartRxMonitor                          0x08003d84   Section        0  hmi_user_uart.o(i.UartRxMonitor)
    i.UartWrite                              0x08003db8   Section        0  hmi_user_uart.o(i.UartWrite)
    i.UsageFault_Handler                     0x08003dec   Section        0  stm32f10x_it.o(i.UsageFault_Handler)
    i.Usart4RevSend_task                     0x08003df0   Section        0  task.o(i.Usart4RevSend_task)
    i.UsartSend_task                         0x08003e08   Section        0  task.o(i.UsartSend_task)
    i.__0printf                              0x08003e78   Section        0  printfa.o(i.__0printf)
    i.__scatterload_copy                     0x08003e98   Section       14  handlers.o(i.__scatterload_copy)
    i.__scatterload_null                     0x08003ea6   Section        2  handlers.o(i.__scatterload_null)
    i.__scatterload_zeroinit                 0x08003ea8   Section       14  handlers.o(i.__scatterload_zeroinit)
    i._fp_digits                             0x08003eb8   Section        0  printfa.o(i._fp_digits)
    _fp_digits                               0x08003eb9   Thumb Code   366  printfa.o(i._fp_digits)
    i._printf_core                           0x0800403c   Section        0  printfa.o(i._printf_core)
    _printf_core                             0x0800403d   Thumb Code  1744  printfa.o(i._printf_core)
    i._printf_post_padding                   0x08004718   Section        0  printfa.o(i._printf_post_padding)
    _printf_post_padding                     0x08004719   Thumb Code    36  printfa.o(i._printf_post_padding)
    i._printf_pre_padding                    0x0800473c   Section        0  printfa.o(i._printf_pre_padding)
    _printf_pre_padding                      0x0800473d   Thumb Code    46  printfa.o(i._printf_pre_padding)
    i.delay_init                             0x0800476c   Section        0  delay.o(i.delay_init)
    i.delay_ms                               0x080047b8   Section        0  delay.o(i.delay_ms)
    i.delay_us                               0x080047f4   Section        0  delay.o(i.delay_us)
    i.filter_mode_extract_middle_value       0x08004828   Section        0  ads8688.o(i.filter_mode_extract_middle_value)
    i.fputc                                  0x080048ac   Section        0  usart.o(i.fputc)
    i.gpio_Init                              0x080048c4   Section        0  gpio.o(i.gpio_Init)
    i.main                                   0x08004a24   Section        0  main.o(i.main)
    i.start_task                             0x08004aa8   Section        0  main.o(i.start_task)
    .constdata                               0x08004b3c   Section      512  crc16.o(.constdata)
    .constdata                               0x08004d3c   Section      256  os_core.o(.constdata)
    .data                                    0x20000000   Section       20  system_stm32f10x.o(.data)
    .data                                    0x20000014   Section        8  task.o(.data)
    NeedToResT                               0x20000014   Data           1  task.o(.data)
    ucCount1s                                0x20000015   Data           1  task.o(.data)
    ucCount500ms                             0x20000016   Data           1  task.o(.data)
    .data                                    0x2000001c   Section       40  hydraulic_control.o(.data)
    ControlStart_Flag                        0x20000022   Data           1  hydraulic_control.o(.data)
    autoAngle_flag                           0x20000023   Data           1  hydraulic_control.o(.data)
    .data                                    0x20000044   Section        4  hydraulic_control.o(.data)
    .data                                    0x20000048   Section       16  hmi_user_uart_driver.o(.data)
    Last_StartUp_State                       0x20000048   Data           1  hmi_user_uart_driver.o(.data)
    Last_DriveControl_status                 0x20000049   Data           1  hmi_user_uart_driver.o(.data)
    Last_Counter                             0x2000004a   Data           1  hmi_user_uart_driver.o(.data)
    Last_PressureValue                       0x2000004c   Data           4  hmi_user_uart_driver.o(.data)
    Last_AngleValue                          0x20000050   Data           4  hmi_user_uart_driver.o(.data)
    Last_Value                               0x20000054   Data           4  hmi_user_uart_driver.o(.data)
    .data                                    0x20000058   Section        1  gpio.o(.data)
    key_up                                   0x20000058   Data           1  gpio.o(.data)
    .data                                    0x20000059   Section        1  mx25l6406.o(.data)
    .data                                    0x2000005a   Section        1  mx25l6406.o(.data)
    .data                                    0x2000005b   Section       21  hmi_user_uart.o(.data)
    USART1_RX_BKP                            0x2000005e   Data           1  hmi_user_uart.o(.data)
    idletmr                                  0x2000005f   Data           1  hmi_user_uart.o(.data)
    .data                                    0x20000070   Section        1  hmi_user_uart.o(.data)
    .data                                    0x20000072   Section        4  delay.o(.data)
    fac_us                                   0x20000072   Data           1  delay.o(.data)
    fac_ms                                   0x20000074   Data           2  delay.o(.data)
    .data                                    0x20000076   Section        2  usart.o(.data)
    .data                                    0x20000078   Section        4  usart.o(.data)
    .data                                    0x2000007c   Section        4  timer.o(.data)
    .data                                    0x20000080   Section       20  stm32f10x_rcc.o(.data)
    ADCPrescTable                            0x20000080   Data           4  stm32f10x_rcc.o(.data)
    APBAHBPrescTable                         0x20000084   Data          16  stm32f10x_rcc.o(.data)
    .data                                    0x20000094   Section       60  os_core.o(.data)
    .data                                    0x200000d0   Section        4  os_core.o(.data)
    .data                                    0x200000d4   Section        4  os_core.o(.data)
    .bss                                     0x200000d8   Section    11296  main.o(.bss)
    SYS_TASK_STK                             0x20000588   Data        1200  main.o(.bss)
    Control_TASK_STK                         0x20002848   Data        1200  main.o(.bss)
    .bss                                     0x20002cf8   Section       32  task.o(.bss)
    .bss                                     0x20002d18   Section      255  hmi_user_uart.o(.bss)
    .bss                                     0x20002e18   Section      800  ads8688.o(.bss)
    Press_buffer                             0x20002e18   Data         200  ads8688.o(.bss)
    Press_Databuff                           0x20002ee0   Data         200  ads8688.o(.bss)
    Angle_buffer                             0x20002fa8   Data         200  ads8688.o(.bss)
    Angle_Databuff                           0x20003070   Data         200  ads8688.o(.bss)
    .bss                                     0x20003138   Section      200  usart.o(.bss)
    .bss                                     0x20003200   Section     2488  os_core.o(.bss)
    .bss                                     0x20003bb8   Section       80  os_core.o(.bss)
    .bss                                     0x20003c08   Section      120  os_core.o(.bss)
    STACK                                    0x20003c80   Section     1024  startup_stm32f10x_hd.o(STACK)

    Global Symbols

    Symbol Name                              Value     Ov Type        Size  Object(Section)

    BuildAttributes$$THM_ISAv4$P$D$K$B$S$PE$A:L22UL41UL21$X:L11$S22US41US21$IEEE1$IW$USESV6$~STKCKD$USESV7$~SHL$OTIME$ROPI$EBA8$MICROLIB$REQ8$PRES8$EABIv2 0x00000000   Number         0  anon$$obj.o ABSOLUTE
    __ARM_use_no_argv                        0x00000000   Number         0  main.o ABSOLUTE
    __use_no_errno                           0x00000000   Number         0  useno.o ABSOLUTE
    __use_no_exception_handling              0x00000000   Number         0  useno.o ABSOLUTE
    __use_no_fp                              0x00000000   Number         0  useno.o ABSOLUTE
    __use_no_heap                            0x00000000   Number         0  useno.o ABSOLUTE
    __use_no_heap_region                     0x00000000   Number         0  useno.o ABSOLUTE
    __use_no_semihosting                     0x00000000   Number         0  useno.o ABSOLUTE
    __use_no_semihosting_swi                 0x00000000   Number         0  useno.o ABSOLUTE
    __use_no_signal_handling                 0x00000000   Number         0  useno.o ABSOLUTE
    _printf_a                                0x00000000   Number         0  stubs.o ABSOLUTE
    _printf_c                                0x00000000   Number         0  stubs.o ABSOLUTE
    _printf_charcount                        0x00000000   Number         0  stubs.o ABSOLUTE
    _printf_d                                0x00000000   Number         0  stubs.o ABSOLUTE
    _printf_e                                0x00000000   Number         0  stubs.o ABSOLUTE
    _printf_f                                0x00000000   Number         0  stubs.o ABSOLUTE
    _printf_flags                            0x00000000   Number         0  stubs.o ABSOLUTE
    _printf_fp_dec                           0x00000000   Number         0  stubs.o ABSOLUTE
    _printf_fp_hex                           0x00000000   Number         0  stubs.o ABSOLUTE
    _printf_g                                0x00000000   Number         0  stubs.o ABSOLUTE
    _printf_i                                0x00000000   Number         0  stubs.o ABSOLUTE
    _printf_int_dec                          0x00000000   Number         0  stubs.o ABSOLUTE
    _printf_l                                0x00000000   Number         0  stubs.o ABSOLUTE
    _printf_lc                               0x00000000   Number         0  stubs.o ABSOLUTE
    _printf_ll                               0x00000000   Number         0  stubs.o ABSOLUTE
    _printf_lld                              0x00000000   Number         0  stubs.o ABSOLUTE
    _printf_lli                              0x00000000   Number         0  stubs.o ABSOLUTE
    _printf_llo                              0x00000000   Number         0  stubs.o ABSOLUTE
    _printf_llu                              0x00000000   Number         0  stubs.o ABSOLUTE
    _printf_llx                              0x00000000   Number         0  stubs.o ABSOLUTE
    _printf_longlong_dec                     0x00000000   Number         0  stubs.o ABSOLUTE
    _printf_longlong_hex                     0x00000000   Number         0  stubs.o ABSOLUTE
    _printf_longlong_oct                     0x00000000   Number         0  stubs.o ABSOLUTE
    _printf_ls                               0x00000000   Number         0  stubs.o ABSOLUTE
    _printf_mbtowc                           0x00000000   Number         0  stubs.o ABSOLUTE
    _printf_n                                0x00000000   Number         0  stubs.o ABSOLUTE
    _printf_o                                0x00000000   Number         0  stubs.o ABSOLUTE
    _printf_p                                0x00000000   Number         0  stubs.o ABSOLUTE
    _printf_percent                          0x00000000   Number         0  stubs.o ABSOLUTE
    _printf_pre_padding                      0x00000000   Number         0  stubs.o ABSOLUTE
    _printf_return_value                     0x00000000   Number         0  stubs.o ABSOLUTE
    _printf_s                                0x00000000   Number         0  stubs.o ABSOLUTE
    _printf_sizespec                         0x00000000   Number         0  stubs.o ABSOLUTE
    _printf_str                              0x00000000   Number         0  stubs.o ABSOLUTE
    _printf_truncate_signed                  0x00000000   Number         0  stubs.o ABSOLUTE
    _printf_truncate_unsigned                0x00000000   Number         0  stubs.o ABSOLUTE
    _printf_u                                0x00000000   Number         0  stubs.o ABSOLUTE
    _printf_wc                               0x00000000   Number         0  stubs.o ABSOLUTE
    _printf_wctomb                           0x00000000   Number         0  stubs.o ABSOLUTE
    _printf_widthprec                        0x00000000   Number         0  stubs.o ABSOLUTE
    _printf_x                                0x00000000   Number         0  stubs.o ABSOLUTE
    __cpp_initialize__aeabi_                  - Undefined Weak Reference
    __cxa_finalize                            - Undefined Weak Reference
    __decompress                              - Undefined Weak Reference
    _clock_init                               - Undefined Weak Reference
    _microlib_exit                            - Undefined Weak Reference
    __Vectors_Size                           0x00000130   Number         0  startup_stm32f10x_hd.o ABSOLUTE
    __Vectors                                0x08000000   Data           4  startup_stm32f10x_hd.o(RESET)
    __Vectors_End                            0x08000130   Data           0  startup_stm32f10x_hd.o(RESET)
    __main                                   0x08000131   Thumb Code     0  entry.o(.ARM.Collect$$$$00000000)
    _main_stk                                0x08000131   Thumb Code     0  entry2.o(.ARM.Collect$$$$00000001)
    _main_scatterload                        0x08000135   Thumb Code     0  entry5.o(.ARM.Collect$$$$00000004)
    __main_after_scatterload                 0x08000139   Thumb Code     0  entry5.o(.ARM.Collect$$$$00000004)
    _main_clock                              0x08000139   Thumb Code     0  entry7b.o(.ARM.Collect$$$$00000008)
    _main_cpp_init                           0x08000139   Thumb Code     0  entry8b.o(.ARM.Collect$$$$0000000A)
    _main_init                               0x08000139   Thumb Code     0  entry9a.o(.ARM.Collect$$$$0000000B)
    __rt_final_cpp                           0x08000141   Thumb Code     0  entry10a.o(.ARM.Collect$$$$0000000D)
    __rt_final_exit                          0x08000141   Thumb Code     0  entry11a.o(.ARM.Collect$$$$0000000F)
    Reset_Handler                            0x08000145   Thumb Code     8  startup_stm32f10x_hd.o(.text)
    ADC1_2_IRQHandler                        0x0800015f   Thumb Code     0  startup_stm32f10x_hd.o(.text)
    ADC3_IRQHandler                          0x0800015f   Thumb Code     0  startup_stm32f10x_hd.o(.text)
    CAN1_RX1_IRQHandler                      0x0800015f   Thumb Code     0  startup_stm32f10x_hd.o(.text)
    CAN1_SCE_IRQHandler                      0x0800015f   Thumb Code     0  startup_stm32f10x_hd.o(.text)
    DMA1_Channel1_IRQHandler                 0x0800015f   Thumb Code     0  startup_stm32f10x_hd.o(.text)
    DMA1_Channel2_IRQHandler                 0x0800015f   Thumb Code     0  startup_stm32f10x_hd.o(.text)
    DMA1_Channel3_IRQHandler                 0x0800015f   Thumb Code     0  startup_stm32f10x_hd.o(.text)
    DMA1_Channel4_IRQHandler                 0x0800015f   Thumb Code     0  startup_stm32f10x_hd.o(.text)
    DMA1_Channel5_IRQHandler                 0x0800015f   Thumb Code     0  startup_stm32f10x_hd.o(.text)
    DMA1_Channel6_IRQHandler                 0x0800015f   Thumb Code     0  startup_stm32f10x_hd.o(.text)
    DMA1_Channel7_IRQHandler                 0x0800015f   Thumb Code     0  startup_stm32f10x_hd.o(.text)
    DMA2_Channel1_IRQHandler                 0x0800015f   Thumb Code     0  startup_stm32f10x_hd.o(.text)
    DMA2_Channel2_IRQHandler                 0x0800015f   Thumb Code     0  startup_stm32f10x_hd.o(.text)
    DMA2_Channel3_IRQHandler                 0x0800015f   Thumb Code     0  startup_stm32f10x_hd.o(.text)
    DMA2_Channel4_5_IRQHandler               0x0800015f   Thumb Code     0  startup_stm32f10x_hd.o(.text)
    EXTI15_10_IRQHandler                     0x0800015f   Thumb Code     0  startup_stm32f10x_hd.o(.text)
    EXTI1_IRQHandler                         0x0800015f   Thumb Code     0  startup_stm32f10x_hd.o(.text)
    EXTI2_IRQHandler                         0x0800015f   Thumb Code     0  startup_stm32f10x_hd.o(.text)
    EXTI3_IRQHandler                         0x0800015f   Thumb Code     0  startup_stm32f10x_hd.o(.text)
    EXTI4_IRQHandler                         0x0800015f   Thumb Code     0  startup_stm32f10x_hd.o(.text)
    EXTI9_5_IRQHandler                       0x0800015f   Thumb Code     0  startup_stm32f10x_hd.o(.text)
    FLASH_IRQHandler                         0x0800015f   Thumb Code     0  startup_stm32f10x_hd.o(.text)
    FSMC_IRQHandler                          0x0800015f   Thumb Code     0  startup_stm32f10x_hd.o(.text)
    I2C1_ER_IRQHandler                       0x0800015f   Thumb Code     0  startup_stm32f10x_hd.o(.text)
    I2C1_EV_IRQHandler                       0x0800015f   Thumb Code     0  startup_stm32f10x_hd.o(.text)
    I2C2_ER_IRQHandler                       0x0800015f   Thumb Code     0  startup_stm32f10x_hd.o(.text)
    I2C2_EV_IRQHandler                       0x0800015f   Thumb Code     0  startup_stm32f10x_hd.o(.text)
    PVD_IRQHandler                           0x0800015f   Thumb Code     0  startup_stm32f10x_hd.o(.text)
    RCC_IRQHandler                           0x0800015f   Thumb Code     0  startup_stm32f10x_hd.o(.text)
    RTCAlarm_IRQHandler                      0x0800015f   Thumb Code     0  startup_stm32f10x_hd.o(.text)
    RTC_IRQHandler                           0x0800015f   Thumb Code     0  startup_stm32f10x_hd.o(.text)
    SDIO_IRQHandler                          0x0800015f   Thumb Code     0  startup_stm32f10x_hd.o(.text)
    SPI1_IRQHandler                          0x0800015f   Thumb Code     0  startup_stm32f10x_hd.o(.text)
    SPI2_IRQHandler                          0x0800015f   Thumb Code     0  startup_stm32f10x_hd.o(.text)
    SPI3_IRQHandler                          0x0800015f   Thumb Code     0  startup_stm32f10x_hd.o(.text)
    TAMPER_IRQHandler                        0x0800015f   Thumb Code     0  startup_stm32f10x_hd.o(.text)
    TIM1_BRK_IRQHandler                      0x0800015f   Thumb Code     0  startup_stm32f10x_hd.o(.text)
    TIM1_CC_IRQHandler                       0x0800015f   Thumb Code     0  startup_stm32f10x_hd.o(.text)
    TIM1_TRG_COM_IRQHandler                  0x0800015f   Thumb Code     0  startup_stm32f10x_hd.o(.text)
    TIM1_UP_IRQHandler                       0x0800015f   Thumb Code     0  startup_stm32f10x_hd.o(.text)
    TIM2_IRQHandler                          0x0800015f   Thumb Code     0  startup_stm32f10x_hd.o(.text)
    TIM4_IRQHandler                          0x0800015f   Thumb Code     0  startup_stm32f10x_hd.o(.text)
    TIM5_IRQHandler                          0x0800015f   Thumb Code     0  startup_stm32f10x_hd.o(.text)
    TIM6_IRQHandler                          0x0800015f   Thumb Code     0  startup_stm32f10x_hd.o(.text)
    TIM7_IRQHandler                          0x0800015f   Thumb Code     0  startup_stm32f10x_hd.o(.text)
    TIM8_BRK_IRQHandler                      0x0800015f   Thumb Code     0  startup_stm32f10x_hd.o(.text)
    TIM8_CC_IRQHandler                       0x0800015f   Thumb Code     0  startup_stm32f10x_hd.o(.text)
    TIM8_TRG_COM_IRQHandler                  0x0800015f   Thumb Code     0  startup_stm32f10x_hd.o(.text)
    TIM8_UP_IRQHandler                       0x0800015f   Thumb Code     0  startup_stm32f10x_hd.o(.text)
    UART5_IRQHandler                         0x0800015f   Thumb Code     0  startup_stm32f10x_hd.o(.text)
    USART2_IRQHandler                        0x0800015f   Thumb Code     0  startup_stm32f10x_hd.o(.text)
    USART3_IRQHandler                        0x0800015f   Thumb Code     0  startup_stm32f10x_hd.o(.text)
    USBWakeUp_IRQHandler                     0x0800015f   Thumb Code     0  startup_stm32f10x_hd.o(.text)
    USB_HP_CAN1_TX_IRQHandler                0x0800015f   Thumb Code     0  startup_stm32f10x_hd.o(.text)
    USB_LP_CAN1_RX0_IRQHandler               0x0800015f   Thumb Code     0  startup_stm32f10x_hd.o(.text)
    WWDG_IRQHandler                          0x0800015f   Thumb Code     0  startup_stm32f10x_hd.o(.text)
    OS_CPU_SR_Save                           0x08000169   Thumb Code     0  os_cpu_a.o(.text)
    OS_CPU_SR_Restore                        0x08000171   Thumb Code     0  os_cpu_a.o(.text)
    OSStartHighRdy                           0x08000177   Thumb Code     0  os_cpu_a.o(.text)
    OSCtxSw                                  0x08000199   Thumb Code     0  os_cpu_a.o(.text)
    OSIntCtxSw                               0x080001a7   Thumb Code     0  os_cpu_a.o(.text)
    PendSV_Handler                           0x080001b7   Thumb Code     0  os_cpu_a.o(.text)
    __aeabi_memcpy                           0x0800021d   Thumb Code    36  memcpya.o(.text)
    __aeabi_memcpy4                          0x0800021d   Thumb Code     0  memcpya.o(.text)
    __aeabi_memcpy8                          0x0800021d   Thumb Code     0  memcpya.o(.text)
    strncpy                                  0x08000241   Thumb Code    24  strncpy.o(.text)
    strncmp                                  0x08000259   Thumb Code    30  strncmp.o(.text)
    __aeabi_fadd                             0x08000277   Thumb Code   164  fadd.o(.text)
    __aeabi_fsub                             0x0800031b   Thumb Code     6  fadd.o(.text)
    __aeabi_frsub                            0x08000321   Thumb Code     6  fadd.o(.text)
    __aeabi_fmul                             0x08000327   Thumb Code   100  fmul.o(.text)
    __aeabi_fdiv                             0x0800038b   Thumb Code   124  fdiv.o(.text)
    __aeabi_dadd                             0x08000407   Thumb Code   322  dadd.o(.text)
    __aeabi_dsub                             0x08000549   Thumb Code     6  dadd.o(.text)
    __aeabi_drsub                            0x0800054f   Thumb Code     6  dadd.o(.text)
    __aeabi_dmul                             0x08000555   Thumb Code   228  dmul.o(.text)
    __aeabi_ddiv                             0x08000639   Thumb Code   222  ddiv.o(.text)
    __aeabi_ui2f                             0x08000717   Thumb Code    10  ffltui.o(.text)
    __aeabi_ui2d                             0x08000721   Thumb Code    26  dfltui.o(.text)
    __aeabi_f2uiz                            0x0800073b   Thumb Code    40  ffixui.o(.text)
    __aeabi_d2uiz                            0x08000763   Thumb Code    50  dfixui.o(.text)
    __aeabi_f2d                              0x08000795   Thumb Code    38  f2d.o(.text)
    __aeabi_cdcmpeq                          0x080007bd   Thumb Code     0  cdcmple.o(.text)
    __aeabi_cdcmple                          0x080007bd   Thumb Code    48  cdcmple.o(.text)
    __aeabi_cdrcmple                         0x080007ed   Thumb Code    48  cdrcmple.o(.text)
    __aeabi_d2f                              0x0800081d   Thumb Code    56  d2f.o(.text)
    __aeabi_cfcmpeq                          0x08000855   Thumb Code     0  cfcmple.o(.text)
    __aeabi_cfcmple                          0x08000855   Thumb Code    20  cfcmple.o(.text)
    __aeabi_cfrcmple                         0x08000869   Thumb Code    20  cfrcmple.o(.text)
    __aeabi_uidiv                            0x0800087d   Thumb Code     0  uidiv.o(.text)
    __aeabi_uidivmod                         0x0800087d   Thumb Code    44  uidiv.o(.text)
    __aeabi_uldivmod                         0x080008a9   Thumb Code    98  uldiv.o(.text)
    __aeabi_llsl                             0x0800090b   Thumb Code    30  llshl.o(.text)
    _ll_shift_l                              0x0800090b   Thumb Code     0  llshl.o(.text)
    __aeabi_llsr                             0x08000929   Thumb Code    32  llushr.o(.text)
    _ll_ushift_r                             0x08000929   Thumb Code     0  llushr.o(.text)
    __aeabi_lasr                             0x08000949   Thumb Code    36  llsshr.o(.text)
    _ll_sshift_r                             0x08000949   Thumb Code     0  llsshr.o(.text)
    __I$use$fp                               0x0800096d   Thumb Code     0  iusefp.o(.text)
    _float_round                             0x0800096d   Thumb Code    18  fepilogue.o(.text)
    _float_epilogue                          0x0800097f   Thumb Code    92  fepilogue.o(.text)
    _double_round                            0x080009db   Thumb Code    30  depilogue.o(.text)
    _double_epilogue                         0x080009f9   Thumb Code   156  depilogue.o(.text)
    __aeabi_d2ulz                            0x08000a95   Thumb Code    48  dfixul.o(.text)
    __scatterload                            0x08000ac5   Thumb Code    28  init.o(.text)
    __scatterload_rt2                        0x08000ac5   Thumb Code     0  init.o(.text)
    ADC_task                                 0x08000ae9   Thumb Code    22  task.o(i.ADC_task)
    ADS8688_Filter                           0x08000b09   Thumb Code   142  ads8688.o(i.ADS8688_Filter)
    ADS8688_IO_Init                          0x08000bad   Thumb Code   144  ads8688.o(i.ADS8688_IO_Init)
    ADS8688_Init                             0x08000c49   Thumb Code    64  ads8688.o(i.ADS8688_Init)
    ADS8688_ReadReg                          0x08000c89   Thumb Code    44  ads8688.o(i.ADS8688_ReadReg)
    ADS8688_SPI_Read8Bit                     0x08000cb9   Thumb Code    54  ads8688.o(i.ADS8688_SPI_Read8Bit)
    ADS8688_SPI_Write8Bit                    0x08000cf5   Thumb Code    66  ads8688.o(i.ADS8688_SPI_Write8Bit)
    ADS8688_WriteCmd                         0x08000d41   Thumb Code    50  ads8688.o(i.ADS8688_WriteCmd)
    ADS8688_WriteReg                         0x08000d79   Thumb Code    46  ads8688.o(i.ADS8688_WriteReg)
    AUTO_RST_Mode                            0x08000dad   Thumb Code     8  ads8688.o(i.AUTO_RST_Mode)
    AngleMode_Control                        0x08000db5   Thumb Code   848  hydraulic_control.o(i.AngleMode_Control)
    BoltMode_Control                         0x08001215   Thumb Code   574  hydraulic_control.o(i.BoltMode_Control)
    BusFault_Handler                         0x080014d1   Thumb Code     2  stm32f10x_it.o(i.BusFault_Handler)
    Control_task                             0x080014d5   Thumb Code    74  task.o(i.Control_task)
    DebugMon_Handler                         0x08001539   Thumb Code     2  stm32f10x_it.o(i.DebugMon_Handler)
    DriverContrlOff                          0x0800153d   Thumb Code    72  hydraulic_control.o(i.DriverContrlOff)
    Driver_Send32DataValue                   0x0800158d   Thumb Code    72  hmi_user_uart_driver.o(i.Driver_Send32DataValue)
    Driver_Send8DataValue                    0x080015d5   Thumb Code    54  hmi_user_uart_driver.o(i.Driver_Send8DataValue)
    EXTI0_IRQHandler                         0x0800160d   Thumb Code    32  timer.o(i.EXTI0_IRQHandler)
    EXTI_ClearFlag                           0x08001631   Thumb Code     6  stm32f10x_exti.o(i.EXTI_ClearFlag)
    EXTI_GetITStatus                         0x0800163d   Thumb Code    28  stm32f10x_exti.o(i.EXTI_GetITStatus)
    EXTI_Init                                0x0800165d   Thumb Code   108  stm32f10x_exti.o(i.EXTI_Init)
    ExtiGpioInit                             0x080016cd   Thumb Code    38  timer.o(i.ExtiGpioInit)
    ExtiInit                                 0x080016f9   Thumb Code    18  timer.o(i.ExtiInit)
    ExtiModeInit                             0x0800170b   Thumb Code    38  timer.o(i.ExtiModeInit)
    ExtiNvicInit                             0x08001731   Thumb Code    34  timer.o(i.ExtiNvicInit)
    Flash_Model_parameters                   0x08001755   Thumb Code   288  mx25l6406.o(i.Flash_Model_parameters)
    Flash_task                               0x08001889   Thumb Code    20  task.o(i.Flash_task)
    GPIO_EXTILineConfig                      0x080018a5   Thumb Code    34  stm32f10x_gpio.o(i.GPIO_EXTILineConfig)
    GPIO_Init                                0x080018cd   Thumb Code   162  stm32f10x_gpio.o(i.GPIO_Init)
    GPIO_PinRemapConfig                      0x08001971   Thumb Code    82  stm32f10x_gpio.o(i.GPIO_PinRemapConfig)
    GPIO_ReadInputDataBit                    0x080019c9   Thumb Code    14  stm32f10x_gpio.o(i.GPIO_ReadInputDataBit)
    GPIO_ResetBits                           0x080019d7   Thumb Code     4  stm32f10x_gpio.o(i.GPIO_ResetBits)
    GPIO_SetBits                             0x080019db   Thumb Code     4  stm32f10x_gpio.o(i.GPIO_SetBits)
    GearMode_Control                         0x080019e1   Thumb Code   530  hydraulic_control.o(i.GearMode_Control)
    GetCRC16                                 0x08001c61   Thumb Code    78  crc16.o(i.GetCRC16)
    Get_AUTO_RST_Mode_Data                   0x08001cb9   Thumb Code    74  ads8688.o(i.Get_AUTO_RST_Mode_Data)
    Get_Flash_Parameters                     0x08001d09   Thumb Code   474  mx25l6406.o(i.Get_Flash_Parameters)
    Get_PressureValue                        0x08001f01   Thumb Code    64  data_process.o(i.Get_PressureValue)
    Get_angle_calculattion                   0x08001f51   Thumb Code    26  timer.o(i.Get_angle_calculattion)
    HardFault_Handler                        0x08001f79   Thumb Code     2  stm32f10x_it.o(i.HardFault_Handler)
    IWDG_Enable                              0x08001f7d   Thumb Code    10  stm32f10x_iwdg.o(i.IWDG_Enable)
    IWDG_Feed                                0x08001f8d   Thumb Code     4  iwdg.o(i.IWDG_Feed)
    IWDG_Init                                0x08001f91   Thumb Code    36  iwdg.o(i.IWDG_Init)
    IWDG_ReloadCounter                       0x08001fb5   Thumb Code    10  stm32f10x_iwdg.o(i.IWDG_ReloadCounter)
    IWDG_SetPrescaler                        0x08001fc5   Thumb Code     6  stm32f10x_iwdg.o(i.IWDG_SetPrescaler)
    IWDG_SetReload                           0x08001fd1   Thumb Code     6  stm32f10x_iwdg.o(i.IWDG_SetReload)
    IWDG_WriteAccessCmd                      0x08001fdd   Thumb Code     6  stm32f10x_iwdg.o(i.IWDG_WriteAccessCmd)
    KEY_Scan                                 0x08001fe9   Thumb Code   156  gpio.o(i.KEY_Scan)
    Key_Control                              0x08002091   Thumb Code   130  hydraulic_control.o(i.Key_Control)
    MX25L6406_Erase                          0x08002119   Thumb Code    72  mx25l6406.o(i.MX25L6406_Erase)
    MX25L6406_Init                           0x08002165   Thumb Code   152  mx25l6406.o(i.MX25L6406_Init)
    MX25L6406_Read                           0x08002205   Thumb Code    80  mx25l6406.o(i.MX25L6406_Read)
    MX25L6406_ReadU32                        0x08002259   Thumb Code    28  mx25l6406.o(i.MX25L6406_ReadU32)
    MX25L6406_Read_status                    0x08002275   Thumb Code    40  mx25l6406.o(i.MX25L6406_Read_status)
    MX25L6406_Write                          0x080022a1   Thumb Code    86  mx25l6406.o(i.MX25L6406_Write)
    MX25L6406_WriteU32                       0x080022fd   Thumb Code    34  mx25l6406.o(i.MX25L6406_WriteU32)
    MX25L6406_Write_EN                       0x08002321   Thumb Code    30  mx25l6406.o(i.MX25L6406_Write_EN)
    MemManage_Handler                        0x08002345   Thumb Code     2  stm32f10x_it.o(i.MemManage_Handler)
    NMI_Handler                              0x08002347   Thumb Code     2  stm32f10x_it.o(i.NMI_Handler)
    NVIC_Configuration                       0x08002349   Thumb Code     8  sys.o(i.NVIC_Configuration)
    NVIC_Init                                0x08002351   Thumb Code    94  misc.o(i.NVIC_Init)
    NVIC_PriorityGroupConfig                 0x080023b5   Thumb Code    10  misc.o(i.NVIC_PriorityGroupConfig)
    OSInit                                   0x080023c9   Thumb Code   220  os_core.o(i.OSInit)
    OSInitHookBegin                          0x080024dd   Thumb Code     2  os_cpu_c.o(i.OSInitHookBegin)
    OSInitHookEnd                            0x080024df   Thumb Code     2  os_cpu_c.o(i.OSInitHookEnd)
    OSIntEnter                               0x080024e1   Thumb Code    20  os_core.o(i.OSIntEnter)
    OSIntExit                                0x080024f9   Thumb Code    82  os_core.o(i.OSIntExit)
    OSStart                                  0x08002555   Thumb Code    38  os_core.o(i.OSStart)
    OSStatInit                               0x08002585   Thumb Code    48  os_core.o(i.OSStatInit)
    OSTCBInitHook                            0x080025b9   Thumb Code     2  os_cpu_c.o(i.OSTCBInitHook)
    OSTaskCreate                             0x080025bd   Thumb Code   124  os_task.o(i.OSTaskCreate)
    OSTaskCreateExt                          0x08002645   Thumb Code   144  os_task.o(i.OSTaskCreateExt)
    OSTaskCreateHook                         0x080026e1   Thumb Code     2  os_cpu_c.o(i.OSTaskCreateHook)
    OSTaskIdleHook                           0x080026e3   Thumb Code     2  os_cpu_c.o(i.OSTaskIdleHook)
    OSTaskNameSet                            0x080026e5   Thumb Code    76  os_task.o(i.OSTaskNameSet)
    OSTaskStatHook                           0x0800273d   Thumb Code     2  os_cpu_c.o(i.OSTaskStatHook)
    OSTaskStkChk                             0x08002741   Thumb Code   108  os_task.o(i.OSTaskStkChk)
    OSTaskStkInit                            0x080027b5   Thumb Code   116  os_cpu_c.o(i.OSTaskStkInit)
    OSTaskSuspend                            0x08002829   Thumb Code   128  os_task.o(i.OSTaskSuspend)
    OSTaskSwHook                             0x080028b9   Thumb Code     2  os_cpu_c.o(i.OSTaskSwHook)
    OSTimeDly                                0x080028bd   Thumb Code    82  os_time.o(i.OSTimeDly)
    OSTimeTick                               0x08002925   Thumb Code   154  os_core.o(i.OSTimeTick)
    OSTimeTickHook                           0x080029c5   Thumb Code     2  os_cpu_c.o(i.OSTimeTickHook)
    OS_FlagInit                              0x080029c9   Thumb Code    60  os_flag.o(i.OS_FlagInit)
    OS_MemClr                                0x08002a81   Thumb Code    18  os_core.o(i.OS_MemClr)
    OS_QInit                                 0x08002a95   Thumb Code    56  os_q.o(i.OS_QInit)
    OS_Sched                                 0x08002ad5   Thumb Code    64  os_core.o(i.OS_Sched)
    OS_TCBInit                               0x08002b3d   Thumb Code   222  os_core.o(i.OS_TCBInit)
    OS_TaskIdle                              0x08002c29   Thumb Code    24  os_core.o(i.OS_TaskIdle)
    OS_TaskStat                              0x08002c45   Thumb Code    82  os_core.o(i.OS_TaskStat)
    OS_TaskStatStkChk                        0x08002c9d   Thumb Code    50  os_core.o(i.OS_TaskStatStkChk)
    OS_TaskStkClr                            0x08002cd5   Thumb Code    22  os_task.o(i.OS_TaskStkClr)
    RCC_APB1PeriphClockCmd                   0x08002ced   Thumb Code    18  stm32f10x_rcc.o(i.RCC_APB1PeriphClockCmd)
    RCC_APB1PeriphResetCmd                   0x08002d05   Thumb Code    18  stm32f10x_rcc.o(i.RCC_APB1PeriphResetCmd)
    RCC_APB2PeriphClockCmd                   0x08002d1d   Thumb Code    18  stm32f10x_rcc.o(i.RCC_APB2PeriphClockCmd)
    RCC_APB2PeriphResetCmd                   0x08002d35   Thumb Code    18  stm32f10x_rcc.o(i.RCC_APB2PeriphResetCmd)
    RCC_GetClocksFreq                        0x08002d4d   Thumb Code   128  stm32f10x_rcc.o(i.RCC_GetClocksFreq)
    SPI1_ReadWriteByte                       0x08002ddd   Thumb Code    48  mx25l6406.o(i.SPI1_ReadWriteByte)
    SPI_Cmd                                  0x08002e11   Thumb Code    20  stm32f10x_spi.o(i.SPI_Cmd)
    SPI_I2S_GetFlagStatus                    0x08002e25   Thumb Code    14  stm32f10x_spi.o(i.SPI_I2S_GetFlagStatus)
    SPI_I2S_ReceiveData                      0x08002e33   Thumb Code     4  stm32f10x_spi.o(i.SPI_I2S_ReceiveData)
    SPI_I2S_SendData                         0x08002e37   Thumb Code     4  stm32f10x_spi.o(i.SPI_I2S_SendData)
    SPI_Init                                 0x08002e3b   Thumb Code    56  stm32f10x_spi.o(i.SPI_Init)
    SVC_Handler                              0x08002e73   Thumb Code     2  stm32f10x_it.o(i.SVC_Handler)
    SYS_task                                 0x08002e75   Thumb Code   134  task.o(i.SYS_task)
    Send_Angle_Value                         0x08002f09   Thumb Code    72  hmi_user_uart_driver.o(i.Send_Angle_Value)
    Send_Contrl_Status                       0x08002f59   Thumb Code    24  hmi_user_uart_driver.o(i.Send_Contrl_Status)
    Send_DisplayData                         0x08002f75   Thumb Code    70  hmi_user_uart_driver.o(i.Send_DisplayData)
    Send_Pressure_Value                      0x08002fc5   Thumb Code    40  hmi_user_uart_driver.o(i.Send_Pressure_Value)
    Send_StartUp_State                       0x08002ff5   Thumb Code    42  hmi_user_uart_driver.o(i.Send_StartUp_State)
    SensorMode_Control                       0x0800302d   Thumb Code   524  hydraulic_control.o(i.SensorMode_Control)
    Set_Auto_Scan_Sequence                   0x08003349   Thumb Code     8  ads8688.o(i.Set_Auto_Scan_Sequence)
    Set_CH_Range                             0x08003351   Thumb Code     4  ads8688.o(i.Set_CH_Range)
    SolenoidValveOFF                         0x08003355   Thumb Code    36  hydraulic_control.o(i.SolenoidValveOFF)
    SolenoidValveON                          0x08003381   Thumb Code    36  hydraulic_control.o(i.SolenoidValveON)
    SysTick_CLKSourceConfig                  0x080033ad   Thumb Code    24  misc.o(i.SysTick_CLKSourceConfig)
    SysTick_Handler                          0x080033c5   Thumb Code    18  delay.o(i.SysTick_Handler)
    SystemInit                               0x080033d9   Thumb Code    64  system_stm32f10x.o(i.SystemInit)
    TIM3_IRQHandler                          0x08003429   Thumb Code    44  timer.o(i.TIM3_IRQHandler)
    TIM3_Int_Init                            0x0800345d   Thumb Code    90  timer.o(i.TIM3_Int_Init)
    TIM_ClearITPendingBit                    0x080034bd   Thumb Code     6  stm32f10x_tim.o(i.TIM_ClearITPendingBit)
    TIM_Cmd                                  0x080034c3   Thumb Code    20  stm32f10x_tim.o(i.TIM_Cmd)
    TIM_GetITStatus                          0x080034d7   Thumb Code    24  stm32f10x_tim.o(i.TIM_GetITStatus)
    TIM_ITConfig                             0x080034ef   Thumb Code    16  stm32f10x_tim.o(i.TIM_ITConfig)
    TIM_TimeBaseInit                         0x08003501   Thumb Code   114  stm32f10x_tim.o(i.TIM_TimeBaseInit)
    TorqueMode_Control                       0x0800359d   Thumb Code   530  hydraulic_control.o(i.TorqueMode_Control)
    UART4_IRQHandler                         0x0800381d   Thumb Code    44  hmi_user_uart.o(i.UART4_IRQHandler)
    USART1_IRQHandler                        0x08003855   Thumb Code    88  usart.o(i.USART1_IRQHandler)
    USART_Cmd                                0x080038b9   Thumb Code    20  stm32f10x_usart.o(i.USART_Cmd)
    USART_DeInit                             0x080038cd   Thumb Code    96  stm32f10x_usart.o(i.USART_DeInit)
    USART_GetFlagStatus                      0x08003941   Thumb Code    14  stm32f10x_usart.o(i.USART_GetFlagStatus)
    USART_GetITStatus                        0x0800394f   Thumb Code    62  stm32f10x_usart.o(i.USART_GetITStatus)
    USART_ITConfig                           0x0800398d   Thumb Code    48  stm32f10x_usart.o(i.USART_ITConfig)
    USART_Init                               0x080039bd   Thumb Code   166  stm32f10x_usart.o(i.USART_Init)
    USART_ReceiveData                        0x08003a69   Thumb Code     8  stm32f10x_usart.o(i.USART_ReceiveData)
    USART_SendData                           0x08003a71   Thumb Code     8  stm32f10x_usart.o(i.USART_SendData)
    Uart1_Init                               0x08003a79   Thumb Code   152  usart.o(i.Uart1_Init)
    Uart4Init                                0x08003b19   Thumb Code   166  hmi_user_uart.o(i.Uart4Init)
    UartDriver                               0x08003bc9   Thumb Code   362  hmi_user_uart.o(i.UartDriver)
    UartRead                                 0x08003d51   Thumb Code    42  hmi_user_uart.o(i.UartRead)
    UartRxMonitor                            0x08003d85   Thumb Code    48  hmi_user_uart.o(i.UartRxMonitor)
    UartWrite                                0x08003db9   Thumb Code    46  hmi_user_uart.o(i.UartWrite)
    UsageFault_Handler                       0x08003ded   Thumb Code     2  stm32f10x_it.o(i.UsageFault_Handler)
    Usart4RevSend_task                       0x08003df1   Thumb Code    18  task.o(i.Usart4RevSend_task)
    UsartSend_task                           0x08003e09   Thumb Code    78  task.o(i.UsartSend_task)
    __0printf                                0x08003e79   Thumb Code    22  printfa.o(i.__0printf)
    __1printf                                0x08003e79   Thumb Code     0  printfa.o(i.__0printf)
    __2printf                                0x08003e79   Thumb Code     0  printfa.o(i.__0printf)
    __c89printf                              0x08003e79   Thumb Code     0  printfa.o(i.__0printf)
    printf                                   0x08003e79   Thumb Code     0  printfa.o(i.__0printf)
    __scatterload_copy                       0x08003e99   Thumb Code    14  handlers.o(i.__scatterload_copy)
    __scatterload_null                       0x08003ea7   Thumb Code     2  handlers.o(i.__scatterload_null)
    __scatterload_zeroinit                   0x08003ea9   Thumb Code    14  handlers.o(i.__scatterload_zeroinit)
    delay_init                               0x0800476d   Thumb Code    62  delay.o(i.delay_init)
    delay_ms                                 0x080047b9   Thumb Code    52  delay.o(i.delay_ms)
    delay_us                                 0x080047f5   Thumb Code    48  delay.o(i.delay_us)
    filter_mode_extract_middle_value         0x08004829   Thumb Code   132  ads8688.o(i.filter_mode_extract_middle_value)
    fputc                                    0x080048ad   Thumb Code    18  usart.o(i.fputc)
    gpio_Init                                0x080048c5   Thumb Code   332  gpio.o(i.gpio_Init)
    main                                     0x08004a25   Thumb Code   112  main.o(i.main)
    start_task                               0x08004aa9   Thumb Code   100  main.o(i.start_task)
    OSUnMapTbl                               0x08004d3c   Data         256  os_core.o(.constdata)
    Region$$Table$$Base                      0x08004e3c   Number         0  anon$$obj.o(Region$$Table)
    Region$$Table$$Limit                     0x08004e5c   Number         0  anon$$obj.o(Region$$Table)
    SystemCoreClock                          0x20000000   Data           4  system_stm32f10x.o(.data)
    AHBPrescTable                            0x20000004   Data          16  system_stm32f10x.o(.data)
    FreeDogStructVar                         0x20000017   Data           5  task.o(.data)
    SolenoidValve_status                     0x2000001c   Data           1  hydraulic_control.o(.data)
    Pressure_status                          0x2000001d   Data           1  hydraulic_control.o(.data)
    Motor_status                             0x2000001e   Data           1  hydraulic_control.o(.data)
    StartUp_State                            0x2000001f   Data           1  hydraulic_control.o(.data)
    DriveControl_status                      0x20000020   Data           1  hydraulic_control.o(.data)
    AngleControl_State                       0x20000021   Data           1  hydraulic_control.o(.data)
    Motor_Timcount                           0x20000024   Data           2  hydraulic_control.o(.data)
    g_data                                   0x20000026   Data           2  hydraulic_control.o(.data)
    ADC_PressureValue                        0x20000028   Data           4  hydraulic_control.o(.data)
    ADC_AngleValue                           0x2000002c   Data           4  hydraulic_control.o(.data)
    AngleMark                                0x20000030   Data           4  hydraulic_control.o(.data)
    Record_Angle                             0x20000034   Data           4  hydraulic_control.o(.data)
    TargetAngle                              0x20000038   Data           4  hydraulic_control.o(.data)
    Send_PressureValue                       0x2000003c   Data           4  hydraulic_control.o(.data)
    Send_AngleValue                          0x20000040   Data           4  hydraulic_control.o(.data)
    Usage_Counter                            0x20000044   Data           4  hydraulic_control.o(.data)
    Data_Storage                             0x20000059   Data           1  mx25l6406.o(.data)
    Parameter_Storage_Status                 0x2000005a   Data           1  mx25l6406.o(.data)
    USART2_RX_CNT                            0x2000005b   Data           1  hmi_user_uart.o(.data)
    flagFrame                                0x2000005c   Data           1  hmi_user_uart.o(.data)
    Passwordflag                             0x2000005d   Data           1  hmi_user_uart.o(.data)
    Password                                 0x20000060   Data           8  hmi_user_uart.o(.data)
    Unlock_Password                          0x20000068   Data           8  hmi_user_uart.o(.data)
    Controlflag                              0x20000070   Data           1  hmi_user_uart.o(.data)
    USART_RX_STA                             0x20000076   Data           2  usart.o(.data)
    __stdout                                 0x20000078   Data           4  usart.o(.data)
    usCaptureRisingVal                       0x2000007c   Data           2  timer.o(.data)
    Timer_count                              0x2000007e   Data           2  timer.o(.data)
    OSCPUUsage                               0x20000094   Data           1  os_core.o(.data)
    OSStatRdy                                0x20000095   Data           1  os_core.o(.data)
    OSIntNesting                             0x20000096   Data           1  os_core.o(.data)
    OSLockNesting                            0x20000097   Data           1  os_core.o(.data)
    OSPrioCur                                0x20000098   Data           1  os_core.o(.data)
    OSPrioHighRdy                            0x20000099   Data           1  os_core.o(.data)
    OSRdyGrp                                 0x2000009a   Data           1  os_core.o(.data)
    OSRunning                                0x2000009b   Data           1  os_core.o(.data)
    OSTaskCtr                                0x2000009c   Data           1  os_core.o(.data)
    OSTickStepState                          0x2000009d   Data           1  os_core.o(.data)
    OSCtxSwCtr                               0x200000a0   Data           4  os_core.o(.data)
    OSEventFreeList                          0x200000a4   Data           4  os_core.o(.data)
    OSIdleCtrMax                             0x200000a8   Data           4  os_core.o(.data)
    OSIdleCtrRun                             0x200000ac   Data           4  os_core.o(.data)
    OSIdleCtr                                0x200000b0   Data           4  os_core.o(.data)
    OSTCBCur                                 0x200000b4   Data           4  os_core.o(.data)
    OSTCBFreeList                            0x200000b8   Data           4  os_core.o(.data)
    OSTCBHighRdy                             0x200000bc   Data           4  os_core.o(.data)
    OSTCBList                                0x200000c0   Data           4  os_core.o(.data)
    OSTime                                   0x200000c4   Data           4  os_core.o(.data)
    OSRdyTbl                                 0x200000c8   Data           8  os_core.o(.data)
    OSFlagFreeList                           0x200000d0   Data           4  os_core.o(.data)
    OSQFreeList                              0x200000d4   Data           4  os_core.o(.data)
    START_TASK_STK                           0x200000d8   Data        1200  main.o(.bss)
    Flash_TASK_STK                           0x20000a38   Data        1200  main.o(.bss)
    UsartSend_TASK_STK                       0x20000ee8   Data        1200  main.o(.bss)
    Usart4RevSend_TASK_STK                   0x20001398   Data        1200  main.o(.bss)
    ADC_TASK_STK                             0x20001848   Data        4096  main.o(.bss)
    SpannerDate                              0x20002cf8   Data          32  task.o(.bss)
    USART2_RX_BUF                            0x20002d18   Data         255  hmi_user_uart.o(.bss)
    USART_RX_BUF                             0x20003138   Data         200  usart.o(.bss)
    OSEventTbl                               0x20003200   Data         200  os_core.o(.bss)
    OSTaskStatStk                            0x200032c8   Data         512  os_core.o(.bss)
    OSTaskIdleStk                            0x200034c8   Data         512  os_core.o(.bss)
    OSTCBPrioTbl                             0x200036c8   Data         256  os_core.o(.bss)
    OSTCBTbl                                 0x200037c8   Data        1008  os_core.o(.bss)
    OSFlagTbl                                0x20003bb8   Data          80  os_core.o(.bss)
    OSQTbl                                   0x20003c08   Data         120  os_core.o(.bss)
    __initial_sp                             0x20004080   Data           0  startup_stm32f10x_hd.o(STACK)



==============================================================================

Memory Map of the image

  Image Entry point : 0x08000131

  Load Region LR_IROM1 (Base: 0x08000000, Size: 0x00004f34, Max: 0x00040000, ABSOLUTE)

    Execution Region ER_IROM1 (Exec base: 0x08000000, Load base: 0x08000000, Size: 0x00004e5c, Max: 0x00040000, ABSOLUTE)

    Exec Addr    Load Addr    Size         Type   Attr      Idx    E Section Name        Object

    0x08000000   0x08000000   0x00000130   Data   RO         1001    RESET               startup_stm32f10x_hd.o
    0x08000130   0x08000130   0x00000000   Code   RO         3390  * .ARM.Collect$$$$00000000  mc_w.l(entry.o)
    0x08000130   0x08000130   0x00000004   Code   RO         3694    .ARM.Collect$$$$00000001  mc_w.l(entry2.o)
    0x08000134   0x08000134   0x00000004   Code   RO         3697    .ARM.Collect$$$$00000004  mc_w.l(entry5.o)
    0x08000138   0x08000138   0x00000000   Code   RO         3699    .ARM.Collect$$$$00000008  mc_w.l(entry7b.o)
    0x08000138   0x08000138   0x00000000   Code   RO         3701    .ARM.Collect$$$$0000000A  mc_w.l(entry8b.o)
    0x08000138   0x08000138   0x00000008   Code   RO         3702    .ARM.Collect$$$$0000000B  mc_w.l(entry9a.o)
    0x08000140   0x08000140   0x00000000   Code   RO         3704    .ARM.Collect$$$$0000000D  mc_w.l(entry10a.o)
    0x08000140   0x08000140   0x00000000   Code   RO         3706    .ARM.Collect$$$$0000000F  mc_w.l(entry11a.o)
    0x08000140   0x08000140   0x00000004   Code   RO         3695    .ARM.Collect$$$$00002712  mc_w.l(entry2.o)
    0x08000144   0x08000144   0x00000024   Code   RO         1002    .text               startup_stm32f10x_hd.o
    0x08000168   0x08000168   0x000000b4   Code   RO         3296    .text               os_cpu_a.o
    0x0800021c   0x0800021c   0x00000024   Code   RO         3393    .text               mc_w.l(memcpya.o)
    0x08000240   0x08000240   0x00000018   Code   RO         3395    .text               mc_w.l(strncpy.o)
    0x08000258   0x08000258   0x0000001e   Code   RO         3397    .text               mc_w.l(strncmp.o)
    0x08000276   0x08000276   0x000000b0   Code   RO         3662    .text               mf_w.l(fadd.o)
    0x08000326   0x08000326   0x00000064   Code   RO         3664    .text               mf_w.l(fmul.o)
    0x0800038a   0x0800038a   0x0000007c   Code   RO         3666    .text               mf_w.l(fdiv.o)
    0x08000406   0x08000406   0x0000014e   Code   RO         3668    .text               mf_w.l(dadd.o)
    0x08000554   0x08000554   0x000000e4   Code   RO         3670    .text               mf_w.l(dmul.o)
    0x08000638   0x08000638   0x000000de   Code   RO         3672    .text               mf_w.l(ddiv.o)
    0x08000716   0x08000716   0x0000000a   Code   RO         3674    .text               mf_w.l(ffltui.o)
    0x08000720   0x08000720   0x0000001a   Code   RO         3676    .text               mf_w.l(dfltui.o)
    0x0800073a   0x0800073a   0x00000028   Code   RO         3678    .text               mf_w.l(ffixui.o)
    0x08000762   0x08000762   0x00000032   Code   RO         3680    .text               mf_w.l(dfixui.o)
    0x08000794   0x08000794   0x00000026   Code   RO         3682    .text               mf_w.l(f2d.o)
    0x080007ba   0x080007ba   0x00000002   PAD
    0x080007bc   0x080007bc   0x00000030   Code   RO         3684    .text               mf_w.l(cdcmple.o)
    0x080007ec   0x080007ec   0x00000030   Code   RO         3686    .text               mf_w.l(cdrcmple.o)
    0x0800081c   0x0800081c   0x00000038   Code   RO         3688    .text               mf_w.l(d2f.o)
    0x08000854   0x08000854   0x00000014   Code   RO         3690    .text               mf_w.l(cfcmple.o)
    0x08000868   0x08000868   0x00000014   Code   RO         3692    .text               mf_w.l(cfrcmple.o)
    0x0800087c   0x0800087c   0x0000002c   Code   RO         3708    .text               mc_w.l(uidiv.o)
    0x080008a8   0x080008a8   0x00000062   Code   RO         3710    .text               mc_w.l(uldiv.o)
    0x0800090a   0x0800090a   0x0000001e   Code   RO         3712    .text               mc_w.l(llshl.o)
    0x08000928   0x08000928   0x00000020   Code   RO         3714    .text               mc_w.l(llushr.o)
    0x08000948   0x08000948   0x00000024   Code   RO         3716    .text               mc_w.l(llsshr.o)
    0x0800096c   0x0800096c   0x00000000   Code   RO         3718    .text               mc_w.l(iusefp.o)
    0x0800096c   0x0800096c   0x0000006e   Code   RO         3719    .text               mf_w.l(fepilogue.o)
    0x080009da   0x080009da   0x000000ba   Code   RO         3721    .text               mf_w.l(depilogue.o)
    0x08000a94   0x08000a94   0x00000030   Code   RO         3723    .text               mf_w.l(dfixul.o)
    0x08000ac4   0x08000ac4   0x00000024   Code   RO         3725    .text               mc_w.l(init.o)
    0x08000ae8   0x08000ae8   0x00000020   Code   RO          249    i.ADC_task          task.o
    0x08000b08   0x08000b08   0x000000a4   Code   RO          725    i.ADS8688_Filter    ads8688.o
    0x08000bac   0x08000bac   0x0000009c   Code   RO          726    i.ADS8688_IO_Init   ads8688.o
    0x08000c48   0x08000c48   0x00000040   Code   RO          727    i.ADS8688_Init      ads8688.o
    0x08000c88   0x08000c88   0x00000030   Code   RO          728    i.ADS8688_ReadReg   ads8688.o
    0x08000cb8   0x08000cb8   0x0000003c   Code   RO          729    i.ADS8688_SPI_Read8Bit  ads8688.o
    0x08000cf4   0x08000cf4   0x0000004c   Code   RO          730    i.ADS8688_SPI_Write8Bit  ads8688.o
    0x08000d40   0x08000d40   0x00000038   Code   RO          731    i.ADS8688_WriteCmd  ads8688.o
    0x08000d78   0x08000d78   0x00000034   Code   RO          732    i.ADS8688_WriteReg  ads8688.o
    0x08000dac   0x08000dac   0x00000008   Code   RO          733    i.AUTO_RST_Mode     ads8688.o
    0x08000db4   0x08000db4   0x00000460   Code   RO          309    i.AngleMode_Control  hydraulic_control.o
    0x08001214   0x08001214   0x000002bc   Code   RO          310    i.BoltMode_Control  hydraulic_control.o
    0x080014d0   0x080014d0   0x00000002   Code   RO          194    i.BusFault_Handler  stm32f10x_it.o
    0x080014d2   0x080014d2   0x00000002   PAD
    0x080014d4   0x080014d4   0x00000064   Code   RO          250    i.Control_task      task.o
    0x08001538   0x08001538   0x00000002   Code   RO          195    i.DebugMon_Handler  stm32f10x_it.o
    0x0800153a   0x0800153a   0x00000002   PAD
    0x0800153c   0x0800153c   0x00000050   Code   RO          311    i.DriverContrlOff   hydraulic_control.o
    0x0800158c   0x0800158c   0x00000048   Code   RO          411    i.Driver_Send32DataValue  hmi_user_uart_driver.o
    0x080015d4   0x080015d4   0x00000036   Code   RO          412    i.Driver_Send8DataValue  hmi_user_uart_driver.o
    0x0800160a   0x0800160a   0x00000002   PAD
    0x0800160c   0x0800160c   0x00000024   Code   RO          912    i.EXTI0_IRQHandler  timer.o
    0x08001630   0x08001630   0x0000000c   Code   RO         2630    i.EXTI_ClearFlag    stm32f10x_exti.o
    0x0800163c   0x0800163c   0x00000020   Code   RO         2635    i.EXTI_GetITStatus  stm32f10x_exti.o
    0x0800165c   0x0800165c   0x00000070   Code   RO         2636    i.EXTI_Init         stm32f10x_exti.o
    0x080016cc   0x080016cc   0x0000002c   Code   RO          913    i.ExtiGpioInit      timer.o
    0x080016f8   0x080016f8   0x00000012   Code   RO          914    i.ExtiInit          timer.o
    0x0800170a   0x0800170a   0x00000026   Code   RO          915    i.ExtiModeInit      timer.o
    0x08001730   0x08001730   0x00000022   Code   RO          916    i.ExtiNvicInit      timer.o
    0x08001752   0x08001752   0x00000002   PAD
    0x08001754   0x08001754   0x00000134   Code   RO          528    i.Flash_Model_parameters  mx25l6406.o
    0x08001888   0x08001888   0x0000001c   Code   RO          251    i.Flash_task        task.o
    0x080018a4   0x080018a4   0x00000028   Code   RO         1168    i.GPIO_EXTILineConfig  stm32f10x_gpio.o
    0x080018cc   0x080018cc   0x000000a2   Code   RO         1171    i.GPIO_Init         stm32f10x_gpio.o
    0x0800196e   0x0800196e   0x00000002   PAD
    0x08001970   0x08001970   0x00000058   Code   RO         1173    i.GPIO_PinRemapConfig  stm32f10x_gpio.o
    0x080019c8   0x080019c8   0x0000000e   Code   RO         1175    i.GPIO_ReadInputDataBit  stm32f10x_gpio.o
    0x080019d6   0x080019d6   0x00000004   Code   RO         1178    i.GPIO_ResetBits    stm32f10x_gpio.o
    0x080019da   0x080019da   0x00000004   Code   RO         1179    i.GPIO_SetBits      stm32f10x_gpio.o
    0x080019de   0x080019de   0x00000002   PAD
    0x080019e0   0x080019e0   0x00000280   Code   RO          312    i.GearMode_Control  hydraulic_control.o
    0x08001c60   0x08001c60   0x00000058   Code   RO          712    i.GetCRC16          crc16.o
    0x08001cb8   0x08001cb8   0x00000050   Code   RO          734    i.Get_AUTO_RST_Mode_Data  ads8688.o
    0x08001d08   0x08001d08   0x000001f8   Code   RO          529    i.Get_Flash_Parameters  mx25l6406.o
    0x08001f00   0x08001f00   0x00000050   Code   RO          384    i.Get_PressureValue  data_process.o
    0x08001f50   0x08001f50   0x00000028   Code   RO          917    i.Get_angle_calculattion  timer.o
    0x08001f78   0x08001f78   0x00000002   Code   RO          196    i.HardFault_Handler  stm32f10x_it.o
    0x08001f7a   0x08001f7a   0x00000002   PAD
    0x08001f7c   0x08001f7c   0x00000010   Code   RO          467    i.IWDG_Enable       stm32f10x_iwdg.o
    0x08001f8c   0x08001f8c   0x00000004   Code   RO          970    i.IWDG_Feed         iwdg.o
    0x08001f90   0x08001f90   0x00000024   Code   RO          971    i.IWDG_Init         iwdg.o
    0x08001fb4   0x08001fb4   0x00000010   Code   RO          469    i.IWDG_ReloadCounter  stm32f10x_iwdg.o
    0x08001fc4   0x08001fc4   0x0000000c   Code   RO          470    i.IWDG_SetPrescaler  stm32f10x_iwdg.o
    0x08001fd0   0x08001fd0   0x0000000c   Code   RO          471    i.IWDG_SetReload    stm32f10x_iwdg.o
    0x08001fdc   0x08001fdc   0x0000000c   Code   RO          472    i.IWDG_WriteAccessCmd  stm32f10x_iwdg.o
    0x08001fe8   0x08001fe8   0x000000a8   Code   RO          509    i.KEY_Scan          gpio.o
    0x08002090   0x08002090   0x00000088   Code   RO          313    i.Key_Control       hydraulic_control.o
    0x08002118   0x08002118   0x0000004c   Code   RO          530    i.MX25L6406_Erase   mx25l6406.o
    0x08002164   0x08002164   0x000000a0   Code   RO          531    i.MX25L6406_Init    mx25l6406.o
    0x08002204   0x08002204   0x00000054   Code   RO          532    i.MX25L6406_Read    mx25l6406.o
    0x08002258   0x08002258   0x0000001c   Code   RO          534    i.MX25L6406_ReadU32  mx25l6406.o
    0x08002274   0x08002274   0x0000002c   Code   RO          535    i.MX25L6406_Read_status  mx25l6406.o
    0x080022a0   0x080022a0   0x0000005c   Code   RO          536    i.MX25L6406_Write   mx25l6406.o
    0x080022fc   0x080022fc   0x00000022   Code   RO          538    i.MX25L6406_WriteU32  mx25l6406.o
    0x0800231e   0x0800231e   0x00000002   PAD
    0x08002320   0x08002320   0x00000024   Code   RO          539    i.MX25L6406_Write_EN  mx25l6406.o
    0x08002344   0x08002344   0x00000002   Code   RO          197    i.MemManage_Handler  stm32f10x_it.o
    0x08002346   0x08002346   0x00000002   Code   RO          198    i.NMI_Handler       stm32f10x_it.o
    0x08002348   0x08002348   0x00000008   Code   RO          858    i.NVIC_Configuration  sys.o
    0x08002350   0x08002350   0x00000064   Code   RO         1006    i.NVIC_Init         misc.o
    0x080023b4   0x080023b4   0x00000014   Code   RO         1007    i.NVIC_PriorityGroupConfig  misc.o
    0x080023c8   0x080023c8   0x00000114   Code   RO         2684    i.OSInit            os_core.o
    0x080024dc   0x080024dc   0x00000002   Code   RO         3299    i.OSInitHookBegin   os_cpu_c.o
    0x080024de   0x080024de   0x00000002   Code   RO         3300    i.OSInitHookEnd     os_cpu_c.o
    0x080024e0   0x080024e0   0x00000018   Code   RO         2685    i.OSIntEnter        os_core.o
    0x080024f8   0x080024f8   0x0000005c   Code   RO         2686    i.OSIntExit         os_core.o
    0x08002554   0x08002554   0x00000030   Code   RO         2689    i.OSStart           os_core.o
    0x08002584   0x08002584   0x00000034   Code   RO         2690    i.OSStatInit        os_core.o
    0x080025b8   0x080025b8   0x00000002   Code   RO         3301    i.OSTCBInitHook     os_cpu_c.o
    0x080025ba   0x080025ba   0x00000002   PAD
    0x080025bc   0x080025bc   0x00000088   Code   RO         3159    i.OSTaskCreate      os_task.o
    0x08002644   0x08002644   0x0000009c   Code   RO         3160    i.OSTaskCreateExt   os_task.o
    0x080026e0   0x080026e0   0x00000002   Code   RO         3302    i.OSTaskCreateHook  os_cpu_c.o
    0x080026e2   0x080026e2   0x00000002   Code   RO         3304    i.OSTaskIdleHook    os_cpu_c.o
    0x080026e4   0x080026e4   0x00000058   Code   RO         3164    i.OSTaskNameSet     os_task.o
    0x0800273c   0x0800273c   0x00000002   Code   RO         3306    i.OSTaskStatHook    os_cpu_c.o
    0x0800273e   0x0800273e   0x00000002   PAD
    0x08002740   0x08002740   0x00000074   Code   RO         3169    i.OSTaskStkChk      os_task.o
    0x080027b4   0x080027b4   0x00000074   Code   RO         3307    i.OSTaskStkInit     os_cpu_c.o
    0x08002828   0x08002828   0x00000090   Code   RO         3170    i.OSTaskSuspend     os_task.o
    0x080028b8   0x080028b8   0x00000002   Code   RO         3308    i.OSTaskSwHook      os_cpu_c.o
    0x080028ba   0x080028ba   0x00000002   PAD
    0x080028bc   0x080028bc   0x00000068   Code   RO         3254    i.OSTimeDly         os_time.o
    0x08002924   0x08002924   0x000000a0   Code   RO         2691    i.OSTimeTick        os_core.o
    0x080029c4   0x080029c4   0x00000002   Code   RO         3309    i.OSTimeTickHook    os_cpu_c.o
    0x080029c6   0x080029c6   0x00000002   PAD
    0x080029c8   0x080029c8   0x00000048   Code   RO         2853    i.OS_FlagInit       os_flag.o
    0x08002a10   0x08002a10   0x00000070   Code   RO         2698    i.OS_InitTCBList    os_core.o
    0x08002a80   0x08002a80   0x00000012   Code   RO         2699    i.OS_MemClr         os_core.o
    0x08002a92   0x08002a92   0x00000002   PAD
    0x08002a94   0x08002a94   0x00000040   Code   RO         3042    i.OS_QInit          os_q.o
    0x08002ad4   0x08002ad4   0x00000048   Code   RO         2701    i.OS_Sched          os_core.o
    0x08002b1c   0x08002b1c   0x00000020   Code   RO         2702    i.OS_SchedNew       os_core.o
    0x08002b3c   0x08002b3c   0x000000ec   Code   RO         2704    i.OS_TCBInit        os_core.o
    0x08002c28   0x08002c28   0x0000001c   Code   RO         2705    i.OS_TaskIdle       os_core.o
    0x08002c44   0x08002c44   0x00000058   Code   RO         2706    i.OS_TaskStat       os_core.o
    0x08002c9c   0x08002c9c   0x00000038   Code   RO         2707    i.OS_TaskStatStkChk  os_core.o
    0x08002cd4   0x08002cd4   0x00000016   Code   RO         3172    i.OS_TaskStkClr     os_task.o
    0x08002cea   0x08002cea   0x00000002   PAD
    0x08002cec   0x08002cec   0x00000018   Code   RO         1281    i.RCC_APB1PeriphClockCmd  stm32f10x_rcc.o
    0x08002d04   0x08002d04   0x00000018   Code   RO         1282    i.RCC_APB1PeriphResetCmd  stm32f10x_rcc.o
    0x08002d1c   0x08002d1c   0x00000018   Code   RO         1283    i.RCC_APB2PeriphClockCmd  stm32f10x_rcc.o
    0x08002d34   0x08002d34   0x00000018   Code   RO         1284    i.RCC_APB2PeriphResetCmd  stm32f10x_rcc.o
    0x08002d4c   0x08002d4c   0x00000090   Code   RO         1291    i.RCC_GetClocksFreq  stm32f10x_rcc.o
    0x08002ddc   0x08002ddc   0x00000034   Code   RO          541    i.SPI1_ReadWriteByte  mx25l6406.o
    0x08002e10   0x08002e10   0x00000014   Code   RO         2197    i.SPI_Cmd           stm32f10x_spi.o
    0x08002e24   0x08002e24   0x0000000e   Code   RO         2205    i.SPI_I2S_GetFlagStatus  stm32f10x_spi.o
    0x08002e32   0x08002e32   0x00000004   Code   RO         2208    i.SPI_I2S_ReceiveData  stm32f10x_spi.o
    0x08002e36   0x08002e36   0x00000004   Code   RO         2209    i.SPI_I2S_SendData  stm32f10x_spi.o
    0x08002e3a   0x08002e3a   0x00000038   Code   RO         2210    i.SPI_Init          stm32f10x_spi.o
    0x08002e72   0x08002e72   0x00000002   Code   RO          199    i.SVC_Handler       stm32f10x_it.o
    0x08002e74   0x08002e74   0x00000094   Code   RO          252    i.SYS_task          task.o
    0x08002f08   0x08002f08   0x00000050   Code   RO          413    i.Send_Angle_Value  hmi_user_uart_driver.o
    0x08002f58   0x08002f58   0x0000001c   Code   RO          414    i.Send_Contrl_Status  hmi_user_uart_driver.o
    0x08002f74   0x08002f74   0x00000050   Code   RO          415    i.Send_DisplayData  hmi_user_uart_driver.o
    0x08002fc4   0x08002fc4   0x00000030   Code   RO          416    i.Send_Pressure_Value  hmi_user_uart_driver.o
    0x08002ff4   0x08002ff4   0x00000038   Code   RO          417    i.Send_StartUp_State  hmi_user_uart_driver.o
    0x0800302c   0x0800302c   0x00000274   Code   RO          314    i.SensorMode_Control  hydraulic_control.o
    0x080032a0   0x080032a0   0x000000a8   Code   RO          146    i.SetSysClockTo72   system_stm32f10x.o
    0x08003348   0x08003348   0x00000008   Code   RO          738    i.Set_Auto_Scan_Sequence  ads8688.o
    0x08003350   0x08003350   0x00000004   Code   RO          739    i.Set_CH_Range      ads8688.o
    0x08003354   0x08003354   0x0000002c   Code   RO          315    i.SolenoidValveOFF  hydraulic_control.o
    0x08003380   0x08003380   0x0000002c   Code   RO          316    i.SolenoidValveON   hydraulic_control.o
    0x080033ac   0x080033ac   0x00000018   Code   RO         1010    i.SysTick_CLKSourceConfig  misc.o
    0x080033c4   0x080033c4   0x00000012   Code   RO          826    i.SysTick_Handler   delay.o
    0x080033d6   0x080033d6   0x00000002   PAD
    0x080033d8   0x080033d8   0x00000050   Code   RO          148    i.SystemInit        system_stm32f10x.o
    0x08003428   0x08003428   0x00000034   Code   RO          918    i.TIM3_IRQHandler   timer.o
    0x0800345c   0x0800345c   0x00000060   Code   RO          919    i.TIM3_Int_Init     timer.o
    0x080034bc   0x080034bc   0x00000006   Code   RO         1668    i.TIM_ClearITPendingBit  stm32f10x_tim.o
    0x080034c2   0x080034c2   0x00000014   Code   RO         1673    i.TIM_Cmd           stm32f10x_tim.o
    0x080034d6   0x080034d6   0x00000018   Code   RO         1694    i.TIM_GetITStatus   stm32f10x_tim.o
    0x080034ee   0x080034ee   0x00000010   Code   RO         1698    i.TIM_ITConfig      stm32f10x_tim.o
    0x080034fe   0x080034fe   0x00000002   PAD
    0x08003500   0x08003500   0x0000009c   Code   RO         1744    i.TIM_TimeBaseInit  stm32f10x_tim.o
    0x0800359c   0x0800359c   0x00000280   Code   RO          317    i.TorqueMode_Control  hydraulic_control.o
    0x0800381c   0x0800381c   0x00000038   Code   RO          657    i.UART4_IRQHandler  hmi_user_uart.o
    0x08003854   0x08003854   0x00000064   Code   RO          870    i.USART1_IRQHandler  usart.o
    0x080038b8   0x080038b8   0x00000014   Code   RO         1483    i.USART_Cmd         stm32f10x_usart.o
    0x080038cc   0x080038cc   0x00000074   Code   RO         1485    i.USART_DeInit      stm32f10x_usart.o
    0x08003940   0x08003940   0x0000000e   Code   RO         1486    i.USART_GetFlagStatus  stm32f10x_usart.o
    0x0800394e   0x0800394e   0x0000003e   Code   RO         1487    i.USART_GetITStatus  stm32f10x_usart.o
    0x0800398c   0x0800398c   0x00000030   Code   RO         1489    i.USART_ITConfig    stm32f10x_usart.o
    0x080039bc   0x080039bc   0x000000ac   Code   RO         1490    i.USART_Init        stm32f10x_usart.o
    0x08003a68   0x08003a68   0x00000008   Code   RO         1497    i.USART_ReceiveData  stm32f10x_usart.o
    0x08003a70   0x08003a70   0x00000008   Code   RO         1500    i.USART_SendData    stm32f10x_usart.o
    0x08003a78   0x08003a78   0x000000a0   Code   RO          871    i.Uart1_Init        usart.o
    0x08003b18   0x08003b18   0x000000b0   Code   RO          658    i.Uart4Init         hmi_user_uart.o
    0x08003bc8   0x08003bc8   0x00000188   Code   RO          659    i.UartDriver        hmi_user_uart.o
    0x08003d50   0x08003d50   0x00000034   Code   RO          660    i.UartRead          hmi_user_uart.o
    0x08003d84   0x08003d84   0x00000034   Code   RO          661    i.UartRxMonitor     hmi_user_uart.o
    0x08003db8   0x08003db8   0x00000034   Code   RO          662    i.UartWrite         hmi_user_uart.o
    0x08003dec   0x08003dec   0x00000002   Code   RO          200    i.UsageFault_Handler  stm32f10x_it.o
    0x08003dee   0x08003dee   0x00000002   PAD
    0x08003df0   0x08003df0   0x00000018   Code   RO          253    i.Usart4RevSend_task  task.o
    0x08003e08   0x08003e08   0x00000070   Code   RO          254    i.UsartSend_task    task.o
    0x08003e78   0x08003e78   0x00000020   Code   RO         3634    i.__0printf         mc_w.l(printfa.o)
    0x08003e98   0x08003e98   0x0000000e   Code   RO         3729    i.__scatterload_copy  mc_w.l(handlers.o)
    0x08003ea6   0x08003ea6   0x00000002   Code   RO         3730    i.__scatterload_null  mc_w.l(handlers.o)
    0x08003ea8   0x08003ea8   0x0000000e   Code   RO         3731    i.__scatterload_zeroinit  mc_w.l(handlers.o)
    0x08003eb6   0x08003eb6   0x00000002   PAD
    0x08003eb8   0x08003eb8   0x00000184   Code   RO         3641    i._fp_digits        mc_w.l(printfa.o)
    0x0800403c   0x0800403c   0x000006dc   Code   RO         3642    i._printf_core      mc_w.l(printfa.o)
    0x08004718   0x08004718   0x00000024   Code   RO         3643    i._printf_post_padding  mc_w.l(printfa.o)
    0x0800473c   0x0800473c   0x0000002e   Code   RO         3644    i._printf_pre_padding  mc_w.l(printfa.o)
    0x0800476a   0x0800476a   0x00000002   PAD
    0x0800476c   0x0800476c   0x0000004c   Code   RO          827    i.delay_init        delay.o
    0x080047b8   0x080047b8   0x0000003c   Code   RO          828    i.delay_ms          delay.o
    0x080047f4   0x080047f4   0x00000034   Code   RO          829    i.delay_us          delay.o
    0x08004828   0x08004828   0x00000084   Code   RO          740    i.filter_mode_extract_middle_value  ads8688.o
    0x080048ac   0x080048ac   0x00000018   Code   RO          873    i.fputc             usart.o
    0x080048c4   0x080048c4   0x00000160   Code   RO          510    i.gpio_Init         gpio.o
    0x08004a24   0x08004a24   0x00000084   Code   RO            1    i.main              main.o
    0x08004aa8   0x08004aa8   0x00000094   Code   RO            2    i.start_task        main.o
    0x08004b3c   0x08004b3c   0x00000200   Data   RO          713    .constdata          crc16.o
    0x08004d3c   0x08004d3c   0x00000100   Data   RO         2711    .constdata          os_core.o
    0x08004e3c   0x08004e3c   0x00000020   Data   RO         3727    Region$$Table       anon$$obj.o


    Execution Region RW_IRAM1 (Exec base: 0x20000000, Load base: 0x08004e5c, Size: 0x00004080, Max: 0x0000c000, ABSOLUTE)

    Exec Addr    Load Addr    Size         Type   Attr      Idx    E Section Name        Object

    0x20000000   0x08004e5c   0x00000014   Data   RW          149    .data               system_stm32f10x.o
    0x20000014   0x08004e70   0x00000008   Data   RW          256    .data               task.o
    0x2000001c   0x08004e78   0x00000028   Data   RW          318    .data               hydraulic_control.o
    0x20000044   0x08004ea0   0x00000004   Data   RW          319    .data               hydraulic_control.o
    0x20000048   0x08004ea4   0x00000010   Data   RW          418    .data               hmi_user_uart_driver.o
    0x20000058   0x08004eb4   0x00000001   Data   RW          511    .data               gpio.o
    0x20000059   0x08004eb5   0x00000001   Data   RW          542    .data               mx25l6406.o
    0x2000005a   0x08004eb6   0x00000001   Data   RW          544    .data               mx25l6406.o
    0x2000005b   0x08004eb7   0x00000015   Data   RW          664    .data               hmi_user_uart.o
    0x20000070   0x08004ecc   0x00000001   Data   RW          665    .data               hmi_user_uart.o
    0x20000071   0x08004ecd   0x00000001   PAD
    0x20000072   0x08004ece   0x00000004   Data   RW          830    .data               delay.o
    0x20000076   0x08004ed2   0x00000002   Data   RW          875    .data               usart.o
    0x20000078   0x08004ed4   0x00000004   Data   RW          876    .data               usart.o
    0x2000007c   0x08004ed8   0x00000004   Data   RW          920    .data               timer.o
    0x20000080   0x08004edc   0x00000014   Data   RW         1311    .data               stm32f10x_rcc.o
    0x20000094   0x08004ef0   0x0000003c   Data   RW         2712    .data               os_core.o
    0x200000d0   0x08004f2c   0x00000004   Data   RW         2713    .data               os_core.o
    0x200000d4   0x08004f30   0x00000004   Data   RW         2714    .data               os_core.o
    0x200000d8        -       0x00002c20   Zero   RW            3    .bss                main.o
    0x20002cf8        -       0x00000020   Zero   RW          255    .bss                task.o
    0x20002d18        -       0x000000ff   Zero   RW          663    .bss                hmi_user_uart.o
    0x20002e17   0x08004f34   0x00000001   PAD
    0x20002e18        -       0x00000320   Zero   RW          741    .bss                ads8688.o
    0x20003138        -       0x000000c8   Zero   RW          874    .bss                usart.o
    0x20003200        -       0x000009b8   Zero   RW         2708    .bss                os_core.o
    0x20003bb8        -       0x00000050   Zero   RW         2709    .bss                os_core.o
    0x20003c08        -       0x00000078   Zero   RW         2710    .bss                os_core.o
    0x20003c80        -       0x00000400   Zero   RW          999    STACK               startup_stm32f10x_hd.o


==============================================================================

Image component sizes


      Code (inc. data)   RO Data    RW Data    ZI Data      Debug   Object Name

       908         72          0          0        800       8954   ads8688.o
         0          0          0          0          0         32   core_cm3.o
        88         10        512          0          0        839   crc16.o
        80         16          0          0          0        644   data_process.o
       206         26          0          4          0       2493   delay.o
       520         32          0          1          0       1459   gpio.o
       780         84          0         22        255       5457   hmi_user_uart.o
       418         44          0         16          0       4679   hmi_user_uart_driver.o
      4032        758          0         44          0      12483   hydraulic_control.o
        40          0          0          0          0        936   iwdg.o
       280         68          0          0      11296     273577   main.o
       144         16          0          0          0       2145   misc.o
      1418        100          0          2          0       8145   mx25l6406.o
      1294        152        256         68       2688      17381   os_core.o
       180         36          0          0          0        336   os_cpu_a.o
       132          0          0          0          0      13063   os_cpu_c.o
        72         12          0          0          0        614   os_flag.o
        64          8          0          0          0        623   os_q.o
       662         60          0          0          0       5576   os_task.o
       104         22          0          0          0        688   os_time.o
        36          8        304          0       1024        796   startup_stm32f10x_hd.o
       156         14          0          0          0       2264   stm32f10x_exti.o
       312         12          0          0          0       5172   stm32f10x_gpio.o
        14          0          0          0          0       3051   stm32f10x_it.o
        68         30          0          0          0       2602   stm32f10x_iwdg.o
       240         40          0         20          0       5844   stm32f10x_rcc.o
        98          0          0          0          0       4006   stm32f10x_spi.o
       222         42          0          0          0       4613   stm32f10x_tim.o
       448         26          0          0          0       7128   stm32f10x_usart.o
         8          0          0          0          0        453   sys.o
       248         24          0         20          0       1825   system_stm32f10x.o
       444         98          0          8         32       4102   task.o
       358         38          0          4          0       5167   timer.o
       284         26          0          6        200       3785   usart.o

    ----------------------------------------------------------------------
     14392       1874       1104        216      16296     410932   Object Totals
         0          0         32          0          0          0   (incl. Generated)
        34          0          0          1          1          0   (incl. Padding)

    ----------------------------------------------------------------------

      Code (inc. data)   RO Data    RW Data    ZI Data      Debug   Library Member Name

         0          0          0          0          0          0   entry.o
         0          0          0          0          0          0   entry10a.o
         0          0          0          0          0          0   entry11a.o
         8          4          0          0          0          0   entry2.o
         4          0          0          0          0          0   entry5.o
         0          0          0          0          0          0   entry7b.o
         0          0          0          0          0          0   entry8b.o
         8          4          0          0          0          0   entry9a.o
        30          0          0          0          0          0   handlers.o
        36          8          0          0          0         68   init.o
         0          0          0          0          0          0   iusefp.o
        30          0          0          0          0         68   llshl.o
        36          0          0          0          0         68   llsshr.o
        32          0          0          0          0         68   llushr.o
        36          0          0          0          0         68   memcpya.o
      2258         90          0          0          0        452   printfa.o
        30          0          0          0          0         80   strncmp.o
        24          0          0          0          0         76   strncpy.o
        44          0          0          0          0         80   uidiv.o
        98          0          0          0          0         92   uldiv.o
        48          0          0          0          0         68   cdcmple.o
        48          0          0          0          0         68   cdrcmple.o
        20          0          0          0          0         68   cfcmple.o
        20          0          0          0          0         68   cfrcmple.o
        56          0          0          0          0         88   d2f.o
       334          0          0          0          0        148   dadd.o
       222          0          0          0          0        100   ddiv.o
       186          0          0          0          0        176   depilogue.o
        50          0          0          0          0         76   dfixui.o
        48          0          0          0          0         68   dfixul.o
        26          0          0          0          0         76   dfltui.o
       228          0          0          0          0         96   dmul.o
        38          0          0          0          0         68   f2d.o
       176          0          0          0          0        140   fadd.o
       124          0          0          0          0         88   fdiv.o
       110          0          0          0          0        168   fepilogue.o
        40          0          0          0          0         68   ffixui.o
        10          0          0          0          0         68   ffltui.o
       100          0          0          0          0         76   fmul.o

    ----------------------------------------------------------------------
      4564        106          0          0          0       2896   Library Totals
         6          0          0          0          0          0   (incl. Padding)

    ----------------------------------------------------------------------

      Code (inc. data)   RO Data    RW Data    ZI Data      Debug   Library Name

      2674        106          0          0          0       1120   mc_w.l
      1884          0          0          0          0       1776   mf_w.l

    ----------------------------------------------------------------------
      4564        106          0          0          0       2896   Library Totals

    ----------------------------------------------------------------------

==============================================================================


      Code (inc. data)   RO Data    RW Data    ZI Data      Debug   

     18956       1980       1104        216      16296     404360   Grand Totals
     18956       1980       1104        216      16296     404360   ELF Image Totals
     18956       1980       1104        216          0          0   ROM Totals

==============================================================================

    Total RO  Size (Code + RO Data)                20060 (  19.59kB)
    Total RW  Size (RW Data + ZI Data)             16512 (  16.13kB)
    Total ROM Size (Code + RO Data + RW Data)      20276 (  19.80kB)

==============================================================================

