<html>
<body>
<pre>
<h1>礦ision Build Log</h1>
<h2>Tool Versions:</h2>
IDE-Version: μVision V5.25.2.0
Copyright (C) 2018 ARM Ltd and ARM Germany GmbH. All rights reserved.
License Information: 213123 Microsoft, Microsoft, LIC=X96CK-Z3V04-Z9CG9-4BB2U-ANN04-Z1ASW
 
Tool Versions:
Toolchain:       MDK-ARM Plus  Version: 5.25.2.0
Toolchain Path:  D:\ARM\ARMCC\Bin
C Compiler:      Armcc.exe V5.06 update 6 (build 750)
Assembler:       Armasm.exe V5.06 update 6 (build 750)
Linker/Locator:  ArmLink.exe V5.06 update 6 (build 750)
Library Manager: ArmAr.exe V5.06 update 6 (build 750)
Hex Converter:   FromElf.exe V5.06 update 6 (build 750)
CPU DLL:         SARMCM3.DLL V5.25.2.0
Dialog DLL:      DCM.DLL V1.17.1.0
Target DLL:      STLink\ST-LINKIII-KEIL_SWO.dll V3.0.1.0
Dialog DLL:      TCM.DLL V1.35.1.0
 
<h2>Project:</h2>
D:\液压-软件资料\液压扳手驱动板程序（9.18）-角度过滤-启动清0\USER\UCOSII-1.uvprojx
Project File Date:  09/02/2022

<h2>Output:</h2>
*** Using Compiler 'V5.06 update 6 (build 750)', folder: 'D:\ARM\ARMCC\Bin'
Build target 'Target 1'
compiling Hydraulic_control.c...
Data_process.h(5): warning:  #1295-D: Deprecated declaration Get_PressureValue - give arg types
  float Get_PressureValue();
Data_process.h(6): warning:  #1295-D: Deprecated declaration Get_AngleValue - give arg types
  float Get_AngleValue();
Hydraulic_control.c(487): warning:  #177-D: variable "Ago_Angle"  was declared but never referenced
      static float Ago_Angle = 0; //启动时初始角度
Hydraulic_control.c(488): warning:  #550-D: variable "ControlStart_Flag"  was set but never used
      static u8 ControlStart_Flag = 0;
Hydraulic_control.c(491): warning:  #177-D: variable "Set_Zero_Time"  was declared but never referenced
      static u32 Set_Zero_Time = 0;
Hydraulic_control.c(492): warning:  #177-D: variable "Angle_Num"  was declared but never referenced
      u8 Angle_Num = 0;
Hydraulic_control.c(493): warning:  #177-D: variable "Set_Zero_Flag"  was declared but never referenced
      u8 Set_Zero_Flag = 0;
Hydraulic_control.c(825): warning:  #177-D: variable "Info_Times"  was declared but never referenced
      static u16 Info_Times = 0;
Hydraulic_control.c(833): warning:  #550-D: variable "k_TargetSensor"  was set but never used
      int k_TargetSensor = 0;        //预设扭矩（传感器模式）
Hydraulic_control.c(834): warning:  #177-D: variable "k_TargetUsageNumber"  was declared but never referenced
      int k_TargetUsageNumber = 0;   //目标使用次数
Hydraulic_control.c: 10 warnings, 0 errors
linking...
Program Size: Code=18956 RO-data=1104 RW-data=216 ZI-data=16296  
FromELF: creating hex file...
"..\OBJ\UCOSII-1.axf" - 0 Error(s), 10 Warning(s).

<h2>Software Packages used:</h2>

Package Vendor: ARM
                http://www.keil.com/pack/ARM.CMSIS.5.3.0.pack
                ARM.CMSIS.5.3.0
                CMSIS (Cortex Microcontroller Software Interface Standard)
   * Component: CORE Version: 5.1.1

Package Vendor: Keil
                http://www.keil.com/pack/Keil.STM32F1xx_DFP.2.2.0.pack
                Keil.STM32F1xx_DFP.2.2.0
                STMicroelectronics STM32F1 Series Device Support, Drivers and Examples

<h2>Collection of Component include folders:</h2>
  .\RTE\_Target_1
  D:\ARM\PACK\ARM\CMSIS\5.3.0\CMSIS\Include
  D:\ARM\PACK\Keil\STM32F1xx_DFP\2.2.0\Device\Include

<h2>Collection of Component Files used:</h2>

   * Component: ARM::CMSIS:CORE:5.1.1
Build Time Elapsed:  00:00:01
</pre>
</body>
</html>
